
WORKING
 n=13
CREATING NODE IN THE GRAPH: 2
CREATING NODE IN THE GRAPH: 4
CREATING NODE IN THE GRAPH: 8
CREATING NODE IN THE GRAPH: 16
CREATING NODE IN THE GRAPH: 32
CREATING NODE IN THE GRAPH: 64
CREATING NODE IN THE GRAPH: 128
CREATING NODE IN THE GRAPH: 256
CREATING NODE IN THE GRAPH: 512
CREATING NODE IN THE GRAPH: 1024
CREATING NODE IN THE GRAPH: 2048
CREATING NODE IN THE GRAPH: 4096
CREATING NODE IN THE GRAPH: 8192
CREATING INPUT NODE IN THE GRAPH: -100
CREATING OUTPUT NODE IN THE GRAPH: 100
CREATING GROUND NODE IN THE GRAPH: 1
VI_1_1
STRING OBTAINED IS 1

STRING OBTAINED IS 1
VI	1	1
3_1_VO
STRING OBTAINED IS 1

STRING OBTAINED IS 1
3	1	VO
SOURCE FOUND9
TRANSISTOR FOUND : P1 GDS 11 10 9
P1_11_10_9
SOURCE FOUND10
TRANSISTOR FOUND : P1s GDS 11 11 10
P1s_11_11_10
SOURCE FOUND9
TRANSISTOR FOUND : P2 GDS 11 13 9
P2_11_13_9
SOURCE FOUND13
TRANSISTOR FOUND : P2s GDS 11 3 13
P2s_11_3_13
SOURCE FOUND12
TRANSISTOR FOUND : M0 GDS 0 11 12
M0_0_11_12
SOURCE FOUND5
TRANSISTOR FOUND : M0s GDS 0 12 5
M0s_0_12_5
SOURCE FOUND4
TRANSISTOR FOUND : M3 GDS 2 3 4
M3_2_3_4
SOURCE FOUND5
TRANSISTOR FOUND : M3s GDS 2 4 5
M3s_2_4_5
SOURCE FOUND6
TRANSISTOR FOUND : M4 GDS 7 5 6
M4_7_5_6
SOURCE FOUND0
TRANSISTOR FOUND : M4s GDS 7 6 0
M4s_7_6_0
SOURCE FOUND8
TRANSISTOR FOUND : M5 GDS 7 7 8
M5_7_7_8
SOURCE FOUND0
TRANSISTOR FOUND : M5s GDS 7 8 0
M5s_7_8_0
1_G1_2
STRING OBTAINED IS G1

STRING OBTAINED IS G1
1	G1	2
3_C1_2
STRING OBTAINED IS C1

STRING OBTAINED IS C1
3	C1	2
NO. OF PHASES = %%%%%%%%%%%%%%%%%%%%%%%%%%%%%%%%%%%%%1
)))))))))))))))))))S1
 n=13
VI_1_1
SOURCE NODE OBTAINED FROM CKT FILE : VI
EDGE WEIGHT OBTAINED FROM CKT FILE : 1
DESTINATION NODE OBTAINED FROM CKT FILE : 1
CHECK HERE FOR DATA ENTERED IN CKT MAP 2
UPDATING BRANCHES FOR NODES -100 & 2
STRING OBTAINED IS 1

STRING OBTAINED IS 1
VI	1	1
3_1_VO
SOURCE NODE OBTAINED FROM CKT FILE : 3
EDGE WEIGHT OBTAINED FROM CKT FILE : 1
DESTINATION NODE OBTAINED FROM CKT FILE : VO
CHECK HERE FOR DATA ENTERED IN CKT MAP 8
UPDATING BRANCHES FOR NODES 8 & 100
STRING OBTAINED IS 1

STRING OBTAINED IS 1
3	1	VO
P1_11_10_9
LENGTH OF LINE : 10
9 & 1
SOURCE FOUND : 9
TRANSISTOR FOUND : P1 GDS 11 10 9
P1s_11_11_10
LENGTH OF LINE : 12
10 & 2
SOURCE FOUND : 10
TRANSISTOR FOUND : P1s GDS 11 11 10
P2_11_13_9
LENGTH OF LINE : 10
9 & 1
SOURCE FOUND : 9
TRANSISTOR FOUND : P2 GDS 11 13 9
P2s_11_3_13
LENGTH OF LINE : 11
9 & 2
SOURCE FOUND : 13
TRANSISTOR FOUND : P2s GDS 11 3 13
M0_0_11_12
LENGTH OF LINE : 10
8 & 2
SOURCE FOUND : 12
TRANSISTOR FOUND : M0 GDS 0 11 12
M0s_0_12_5
LENGTH OF LINE : 10
9 & 1
SOURCE FOUND : 5
TRANSISTOR FOUND : M0s GDS 0 12 5
M3_2_3_4
LENGTH OF LINE : 8
7 & 1
SOURCE FOUND : 4
TRANSISTOR FOUND : M3 GDS 2 3 4
M3s_2_4_5
LENGTH OF LINE : 9
8 & 1
SOURCE FOUND : 5
TRANSISTOR FOUND : M3s GDS 2 4 5
M4_7_5_6
LENGTH OF LINE : 8
7 & 1
SOURCE FOUND : 6
TRANSISTOR FOUND : M4 GDS 7 5 6
M4s_7_6_0
LENGTH OF LINE : 9
8 & 1
SOURCE FOUND : 0
TRANSISTOR FOUND : M4s GDS 7 6 0
M5_7_7_8
LENGTH OF LINE : 8
7 & 1
SOURCE FOUND : 8
TRANSISTOR FOUND : M5 GDS 7 7 8
M5s_7_8_0
LENGTH OF LINE : 9
8 & 1
SOURCE FOUND : 0
TRANSISTOR FOUND : M5s GDS 7 8 0
1_G1_2
SOURCE NODE OBTAINED FROM CKT FILE : 1
EDGE WEIGHT OBTAINED FROM CKT FILE : G1
DESTINATION NODE OBTAINED FROM CKT FILE : 2
DESTINATION NODE CONSIDERED FOR OPERATIONS 2
CHECK HERE FOR DATA ENTERED IN CKT MAP 4
FLAG OF SOURCE NODE = 0
FLAG OF DESTINATION NODE = 1
UPDATING BRANCHES FOR NODES 2 & 4
STRING OBTAINED IS G1

STRING OBTAINED IS G1
1	G1	2
3_C1_2
SOURCE NODE OBTAINED FROM CKT FILE : 3
EDGE WEIGHT OBTAINED FROM CKT FILE : C1
DESTINATION NODE OBTAINED FROM CKT FILE : 2
DESTINATION NODE CONSIDERED FOR OPERATIONS 2
FLAG OF SOURCE NODE = 1
FLAG OF DESTINATION NODE = 1
UPDATING BRANCHES FOR NODES 8 & 4
STRING OBTAINED IS C1

STRING OBTAINED IS C1
3	C1	2
)))))))))))))))))))S0
VI_1_1
SOURCE NODE VI
EDGE WEIGHT 1
DESTINATION NODE 1
3_1_VO
2.000000	2.000000_S1
8.000000	8.000000_S1
2048.000000	2048.000000_S1
1024.000000	1024.000000_S1
512.000000	512.000000_S1
8192.000000	8192.000000_S1
4096.000000	4096.000000_S1
32.000000	32.000000_S1
4.000000	4.000000_S1
16.000000	16.000000_S1
128.000000	128.000000_S1
64.000000	64.000000_S1
256.000000	256.000000_S1
MOD _S=8.000000_S1
FLAG OF SOURCE IS  1


JJJJJJJJJJJJJJJJ




8	C1
PHASE = S1
CALLED DP ELASTANCE
C1








 NODE : 8.000000_S1






1_G1_2
LINE TAKEN FOR CONSIDERATION 1_G1_2
BEFORE TAKING OUT NUMBER 2.000000_S1
TS ==  2
NUMBER2
FLAG S =0 , FLAG D =1
4


JJJJJJJJJJJJJJJJ




4	G1	C1
PHASE = S1
CALLED DP ELASTANCE
G1
C1
CHECK HEREEEEEEE-4.000000_S1&& 1/(G1+s.C1)
3_C1_2
LINE TAKEN FOR CONSIDERATION 3_C1_2
BEFORE TAKING OUT NUMBER 8.000000_S1
TS ==  8
NUMBER8
FLAG S =1 , FLAG D =1


JJJJJJJJJJJJJJJJ




8	C1
PHASE = S1
CALLED DP ELASTANCE
C1


JJJJJJJJJJJJJJJJ




4	G1	C1
PHASE = S1
CALLED DP ELASTANCE
G1
C1
TRANSISTOR : P1S1
GATE : 2048.000000_S1
DRAIN : 1024.000000_S1
SOURCE : 512.000000_S1
CONNECTED TO TRANSISTORS : P1sS1 P2S1 P2sS1 M0S1 
TRANSISTOR : P1sS1
GATE : 2048.000000_S1
DRAIN : 2048.000000_S1
SOURCE : 1024.000000_S1
CONNECTED TO TRANSISTORS : P1S1 P2S1 P2sS1 M0S1 
TRANSISTOR : P2S1
GATE : 2048.000000_S1
DRAIN : 8192.000000_S1
SOURCE : 512.000000_S1
CONNECTED TO TRANSISTORS : P1S1 P1sS1 P2sS1 M0S1 
TRANSISTOR : P2sS1
GATE : 2048.000000_S1
DRAIN : 8.000000_S1
SOURCE : 8192.000000_S1
CONNECTED TO TRANSISTORS : P1S1 P1sS1 P2S1 M0S1 M3S1 
TRANSISTOR : M0S1
GATE : 1
DRAIN : 2048.000000_S1
SOURCE : 4096.000000_S1
CONNECTED TO TRANSISTORS : P1S1 P1sS1 P2S1 P2sS1 M0sS1 
TRANSISTOR : M0sS1
GATE : 1
DRAIN : 4096.000000_S1
SOURCE : 32.000000_S1
CONNECTED TO TRANSISTORS : M0S1 M3sS1 M4S1 
TRANSISTOR : M3S1
GATE : 4.000000_S1
DRAIN : 8.000000_S1
SOURCE : 16.000000_S1
CONNECTED TO TRANSISTORS : P2sS1 M3sS1 
TRANSISTOR : M3sS1
GATE : 4.000000_S1
DRAIN : 16.000000_S1
SOURCE : 32.000000_S1
CONNECTED TO TRANSISTORS : M0sS1 M3S1 M4S1 
TRANSISTOR : M4S1
GATE : 128.000000_S1
DRAIN : 32.000000_S1
SOURCE : 64.000000_S1
CONNECTED TO TRANSISTORS : M0sS1 M3sS1 M4sS1 M5S1 M5sS1 
TRANSISTOR : M4sS1
GATE : 128.000000_S1
DRAIN : 64.000000_S1
SOURCE : 1
CONNECTED TO TRANSISTORS : M4S1 M5S1 M5sS1 
TRANSISTOR : M5S1
GATE : 128.000000_S1
DRAIN : 128.000000_S1
SOURCE : 256.000000_S1
CONNECTED TO TRANSISTORS : M4S1 M4sS1 M5sS1 
TRANSISTOR : M5sS1
GATE : 128.000000_S1
DRAIN : 256.000000_S1
SOURCE : 1
CONNECTED TO TRANSISTORS : M4S1 M4sS1 M5S1 
	2.000000_S1


2.000000_S1 TAKEN FOR CONSIDERATION 
PHASE = 1
NEXT PHASE = 1
ID OF CURRENT NODE = 2
G1	

Capacitor considered = G1
FOUND THE CAPACITOR IN THE OUTPUT BRANCH

Looking for capacitor G1 in NEXT phase 1 at node -100
Capacitor does not exits in the next phase 
Looking for capacitor G1 in NEXT phase 1 at node 2
G1
Capacitor G1 found in phase 1 connected to node 2 which is denoted by 2.000000_S1
PNEXT_NODE2.000000_S1
 size= 1 , -4.000000_S1 , G1
FOUND THE CAPACITOR IN THE OUTPUT BRANCH IN NEXT PHASE
FLAGD2 = 0
-4.000000_S1
UPDATED PNEXT_NODE -4.000000_S1
Branch drawn from 2.000000_S1 to -4.000000_S1 with edge weight = -z^-1G1
2048.000000_S1
TRANSISTORS CONNECTED TO THIS NODE ARE : 	P1S1	P1sS1	P2S1	P2sS1	M0S1
1024.000000_S1
TRANSISTORS CONNECTED TO THIS NODE ARE : 	P1S1	P1sS1
512.000000_S1
TRANSISTORS CONNECTED TO THIS NODE ARE : 	P1S1	P2S1
8192.000000_S1
TRANSISTORS CONNECTED TO THIS NODE ARE : 	P2S1	P2sS1
8.000000_S1
TRANSISTORS CONNECTED TO THIS NODE ARE : 	P2sS1	M3S1
4096.000000_S1
TRANSISTORS CONNECTED TO THIS NODE ARE : 	M0S1	M0sS1
32.000000_S1
TRANSISTORS CONNECTED TO THIS NODE ARE : 	M0sS1	M3sS1	M4S1
4.000000_S1
TRANSISTORS CONNECTED TO THIS NODE ARE : 	M3S1	M3sS1
16.000000_S1
TRANSISTORS CONNECTED TO THIS NODE ARE : 	M3S1	M3sS1
128.000000_S1
TRANSISTORS CONNECTED TO THIS NODE ARE : 	M4S1	M4sS1	M5S1	M5sS1
64.000000_S1
TRANSISTORS CONNECTED TO THIS NODE ARE : 	M4S1	M4sS1
256.000000_S1
TRANSISTORS CONNECTED TO THIS NODE ARE : 	M5S1	M5sS1
CONSIDERING THE NODE : 2048.000000_S1
CONSIDERING THE TRANSISTOR : P1S1
CHECKING THE TRANSISTOR P1S1
REMOVING P1S1
CHECKING NODE TYPE IN THE TRANSISTOR FOUND gate
PHASE = 1
PURE ID = 2048.000000
PREVIOUS NODE ID : 2048.000000_S1
MODIFIED NODE ID : 2048.000000_S1
TYPEgate
CONSIDERING THE TRANSISTOR : P1sS1
CHECKING THE TRANSISTOR P1S1
CHECKING THE TRANSISTOR P1sS1
REMOVING P1sS1
CHECKING NODE TYPE IN THE TRANSISTOR FOUND gateDrain
PHASE = 1
PURE ID = 2048.000000
PREVIOUS NODE ID : 2048.000000_S1
MODIFIED NODE ID : 2048.000000_S1
TYPEgateDrain
CONSIDERING THE TRANSISTOR : P2S1
CHECKING THE TRANSISTOR P1S1
CHECKING THE TRANSISTOR P1sS1
CHECKING THE TRANSISTOR P2S1
REMOVING P2S1
CHECKING NODE TYPE IN THE TRANSISTOR FOUND gate
PHASE = 1
PURE ID = 2048.000000
PREVIOUS NODE ID : 2048.000000_S1
MODIFIED NODE ID : 2048.000000_S1
TYPEgate
CONSIDERING THE TRANSISTOR : P2sS1
CHECKING THE TRANSISTOR P1S1
CHECKING THE TRANSISTOR P1sS1
CHECKING THE TRANSISTOR P2S1
CHECKING THE TRANSISTOR P2sS1
REMOVING P2sS1
CHECKING NODE TYPE IN THE TRANSISTOR FOUND gate
PHASE = 1
PURE ID = 2048.000000
PREVIOUS NODE ID : 2048.000000_S1
MODIFIED NODE ID : 2048.000000_S1
TYPEgate
CONSIDERING THE TRANSISTOR : M0S1
CHECKING THE TRANSISTOR P1S1
CHECKING THE TRANSISTOR P1sS1
CHECKING THE TRANSISTOR P2S1
CHECKING THE TRANSISTOR P2sS1
CHECKING THE TRANSISTOR M0S1
REMOVING M0S1
CHECKING NODE TYPE IN THE TRANSISTOR FOUND drain
PHASE = 1
PURE ID = 2048.000000
PREVIOUS NODE ID : 2048.000000_S1
MODIFIED NODE ID : 2048.000000_S1
DPIMP FOUND  : 1/(+s.CgsP1S1+s.CgsP1sS1+gmP1sS1+gdsP1sS1+s.CgsP2S1+s.CgsP2sS1+gdsM0S1+s.CdsM0S1)Updating input and output branches here
CONSIDERING THE NODE : 1024.000000_S1
CONSIDERING THE TRANSISTOR : P1S1
CHECKING THE TRANSISTOR P1S1
REMOVING P1S1
CHECKING NODE TYPE IN THE TRANSISTOR FOUND drain
PHASE = 1
PURE ID = 1024.000000
PREVIOUS NODE ID : 1024.000000_S1
MODIFIED NODE ID : 1024.000000_S1
CONSIDERING THE TRANSISTOR : P1sS1
CHECKING THE TRANSISTOR P1S1
CHECKING THE TRANSISTOR P1sS1
REMOVING P1sS1
CHECKING NODE TYPE IN THE TRANSISTOR FOUND source
PHASE = 1
PURE ID = 1024.000000
PREVIOUS NODE ID : 1024.000000_S1
MODIFIED NODE ID : 1024.000000_S1
TYPEsource
DPIMP FOUND  : 1/(+gdsP1S1+s.CdsP1S1+gdsP1sS1+s.CgsP1sS1+s.CdsP1sS1)Updating input and output branches here
CONSIDERING THE NODE : 512.000000_S1
CONSIDERING THE TRANSISTOR : P1S1
CHECKING THE TRANSISTOR P1S1
REMOVING P1S1
CHECKING NODE TYPE IN THE TRANSISTOR FOUND source
PHASE = 1
PURE ID = 512.000000
PREVIOUS NODE ID : 512.000000_S1
MODIFIED NODE ID : 512.000000_S1
TYPEsource
CONSIDERING THE TRANSISTOR : P2S1
CHECKING THE TRANSISTOR P1S1
CHECKING THE TRANSISTOR P1sS1
CHECKING THE TRANSISTOR P2S1
REMOVING P2S1
CHECKING NODE TYPE IN THE TRANSISTOR FOUND source
PHASE = 1
PURE ID = 512.000000
PREVIOUS NODE ID : 512.000000_S1
MODIFIED NODE ID : 512.000000_S1
TYPEsource
DPIMP FOUND  : 1/(+gdsP1S1+s.CgsP1S1+s.CdsP1S1+gdsP2S1+s.CgsP2S1+s.CdsP2S1)Updating input and output branches here
CONSIDERING THE NODE : 8192.000000_S1
CONSIDERING THE TRANSISTOR : P2S1
CHECKING THE TRANSISTOR P1S1
CHECKING THE TRANSISTOR P1sS1
CHECKING THE TRANSISTOR P2S1
REMOVING P2S1
CHECKING NODE TYPE IN THE TRANSISTOR FOUND drain
PHASE = 1
PURE ID = 8192.000000
PREVIOUS NODE ID : 8192.000000_S1
MODIFIED NODE ID : 8192.000000_S1
CONSIDERING THE TRANSISTOR : P2sS1
CHECKING THE TRANSISTOR P1S1
CHECKING THE TRANSISTOR P1sS1
CHECKING THE TRANSISTOR P2S1
CHECKING THE TRANSISTOR P2sS1
REMOVING P2sS1
CHECKING NODE TYPE IN THE TRANSISTOR FOUND source
PHASE = 1
PURE ID = 8192.000000
PREVIOUS NODE ID : 8192.000000_S1
MODIFIED NODE ID : 8192.000000_S1
TYPEsource
DPIMP FOUND  : 1/(+gdsP2S1+s.CdsP2S1+gdsP2sS1+s.CgsP2sS1+s.CdsP2sS1)Updating input and output branches here
CONSIDERING THE NODE : 8.000000_S1
CONSIDERING THE TRANSISTOR : P2sS1
CHECKING THE TRANSISTOR P1S1
CHECKING THE TRANSISTOR P1sS1
CHECKING THE TRANSISTOR P2S1
CHECKING THE TRANSISTOR P2sS1
REMOVING P2sS1
CHECKING NODE TYPE IN THE TRANSISTOR FOUND drain
PHASE = 1
PURE ID = 8.000000
PREVIOUS NODE ID : 8.000000_S1
MODIFIED NODE ID : 8.000000_S1
CONSIDERING THE TRANSISTOR : M3S1
CHECKING THE TRANSISTOR P1S1
CHECKING THE TRANSISTOR P1sS1
CHECKING THE TRANSISTOR P2S1
CHECKING THE TRANSISTOR P2sS1
CHECKING THE TRANSISTOR M0S1
CHECKING THE TRANSISTOR M0sS1
CHECKING THE TRANSISTOR M3S1
REMOVING M3S1
CHECKING NODE TYPE IN THE TRANSISTOR FOUND drain
PHASE = 1
PURE ID = 8.000000
PREVIOUS NODE ID : 8.000000_S1
MODIFIED NODE ID : 8.000000_S1
DPIMP FOUND  : 1/(+gdsP2sS1+s.CdsP2sS1+gdsM3S1+s.CdsM3S1)Updating input and output branches here
CONSIDERING THE NODE : 4096.000000_S1
CONSIDERING THE TRANSISTOR : M0S1
CHECKING THE TRANSISTOR P1S1
CHECKING THE TRANSISTOR P1sS1
CHECKING THE TRANSISTOR P2S1
CHECKING THE TRANSISTOR P2sS1
CHECKING THE TRANSISTOR M0S1
REMOVING M0S1
CHECKING NODE TYPE IN THE TRANSISTOR FOUND source
PHASE = 1
PURE ID = 4096.000000
PREVIOUS NODE ID : 4096.000000_S1
MODIFIED NODE ID : 4096.000000_S1
TYPEsource
CONSIDERING THE TRANSISTOR : M0sS1
CHECKING THE TRANSISTOR P1S1
CHECKING THE TRANSISTOR P1sS1
CHECKING THE TRANSISTOR P2S1
CHECKING THE TRANSISTOR P2sS1
CHECKING THE TRANSISTOR M0S1
CHECKING THE TRANSISTOR M0sS1
REMOVING M0sS1
CHECKING NODE TYPE IN THE TRANSISTOR FOUND drain
PHASE = 1
PURE ID = 4096.000000
PREVIOUS NODE ID : 4096.000000_S1
MODIFIED NODE ID : 4096.000000_S1
DPIMP FOUND  : 1/(+gdsM0S1+s.CgsM0S1+s.CdsM0S1+gdsM0sS1+s.CdsM0sS1)Updating input and output branches here
CONSIDERING THE NODE : 32.000000_S1
CONSIDERING THE TRANSISTOR : M0sS1
CHECKING THE TRANSISTOR P1S1
CHECKING THE TRANSISTOR P1sS1
CHECKING THE TRANSISTOR P2S1
CHECKING THE TRANSISTOR P2sS1
CHECKING THE TRANSISTOR M0S1
CHECKING THE TRANSISTOR M0sS1
REMOVING M0sS1
CHECKING NODE TYPE IN THE TRANSISTOR FOUND source
PHASE = 1
PURE ID = 32.000000
PREVIOUS NODE ID : 32.000000_S1
MODIFIED NODE ID : 32.000000_S1
TYPEsource
CONSIDERING THE TRANSISTOR : M3sS1
CHECKING THE TRANSISTOR P1S1
CHECKING THE TRANSISTOR P1sS1
CHECKING THE TRANSISTOR P2S1
CHECKING THE TRANSISTOR P2sS1
CHECKING THE TRANSISTOR M0S1
CHECKING THE TRANSISTOR M0sS1
CHECKING THE TRANSISTOR M3S1
CHECKING THE TRANSISTOR M3sS1
REMOVING M3sS1
CHECKING NODE TYPE IN THE TRANSISTOR FOUND source
PHASE = 1
PURE ID = 32.000000
PREVIOUS NODE ID : 32.000000_S1
MODIFIED NODE ID : 32.000000_S1
TYPEsource
CONSIDERING THE TRANSISTOR : M4S1
CHECKING THE TRANSISTOR P1S1
CHECKING THE TRANSISTOR P1sS1
CHECKING THE TRANSISTOR P2S1
CHECKING THE TRANSISTOR P2sS1
CHECKING THE TRANSISTOR M0S1
CHECKING THE TRANSISTOR M0sS1
CHECKING THE TRANSISTOR M3S1
CHECKING THE TRANSISTOR M3sS1
CHECKING THE TRANSISTOR M4S1
REMOVING M4S1
CHECKING NODE TYPE IN THE TRANSISTOR FOUND drain
PHASE = 1
PURE ID = 32.000000
PREVIOUS NODE ID : 32.000000_S1
MODIFIED NODE ID : 32.000000_S1
DPIMP FOUND  : 1/(+gdsM0sS1+s.CgsM0sS1+s.CdsM0sS1+gdsM3sS1+s.CgsM3sS1+s.CdsM3sS1+gdsM4S1+s.CdsM4S1)Updating input and output branches here
CONSIDERING THE NODE : 4.000000_S1
CONSIDERING THE TRANSISTOR : M3S1
CHECKING THE TRANSISTOR P1S1
CHECKING THE TRANSISTOR P1sS1
CHECKING THE TRANSISTOR P2S1
CHECKING THE TRANSISTOR P2sS1
CHECKING THE TRANSISTOR M0S1
CHECKING THE TRANSISTOR M0sS1
CHECKING THE TRANSISTOR M3S1
REMOVING M3S1
CHECKING NODE TYPE IN THE TRANSISTOR FOUND gate
PHASE = 1
PURE ID = 4.000000
PREVIOUS NODE ID : 4.000000_S1
MODIFIED NODE ID : 4.000000_S1
TYPEgate
HIHI4.000000_S1
CONSIDERING THE TRANSISTOR : M3sS1
CHECKING THE TRANSISTOR P1S1
CHECKING THE TRANSISTOR P1sS1
CHECKING THE TRANSISTOR P2S1
CHECKING THE TRANSISTOR P2sS1
CHECKING THE TRANSISTOR M0S1
CHECKING THE TRANSISTOR M0sS1
CHECKING THE TRANSISTOR M3S1
CHECKING THE TRANSISTOR M3sS1
REMOVING M3sS1
CHECKING NODE TYPE IN THE TRANSISTOR FOUND gate
PHASE = 1
PURE ID = 4.000000
PREVIOUS NODE ID : 4.000000_S1
MODIFIED NODE ID : 4.000000_S1
TYPEgate
HIHI4.000000_S1
DPIMP FOUND  : 1/(+s.CgsM3S1+s.CgsM3sS1)Updating input and output branches here
CONSIDERING THE NODE : 16.000000_S1
CONSIDERING THE TRANSISTOR : M3S1
CHECKING THE TRANSISTOR P1S1
CHECKING THE TRANSISTOR P1sS1
CHECKING THE TRANSISTOR P2S1
CHECKING THE TRANSISTOR P2sS1
CHECKING THE TRANSISTOR M0S1
CHECKING THE TRANSISTOR M0sS1
CHECKING THE TRANSISTOR M3S1
REMOVING M3S1
CHECKING NODE TYPE IN THE TRANSISTOR FOUND source
PHASE = 1
PURE ID = 16.000000
PREVIOUS NODE ID : 16.000000_S1
MODIFIED NODE ID : 16.000000_S1
TYPEsource
CONSIDERING THE TRANSISTOR : M3sS1
CHECKING THE TRANSISTOR P1S1
CHECKING THE TRANSISTOR P1sS1
CHECKING THE TRANSISTOR P2S1
CHECKING THE TRANSISTOR P2sS1
CHECKING THE TRANSISTOR M0S1
CHECKING THE TRANSISTOR M0sS1
CHECKING THE TRANSISTOR M3S1
CHECKING THE TRANSISTOR M3sS1
REMOVING M3sS1
CHECKING NODE TYPE IN THE TRANSISTOR FOUND drain
PHASE = 1
PURE ID = 16.000000
PREVIOUS NODE ID : 16.000000_S1
MODIFIED NODE ID : 16.000000_S1
DPIMP FOUND  : 1/(+gdsM3S1+s.CgsM3S1+s.CdsM3S1+gdsM3sS1+s.CdsM3sS1)Updating input and output branches here
CONSIDERING THE NODE : 128.000000_S1
CONSIDERING THE TRANSISTOR : M4S1
CHECKING THE TRANSISTOR P1S1
CHECKING THE TRANSISTOR P1sS1
CHECKING THE TRANSISTOR P2S1
CHECKING THE TRANSISTOR P2sS1
CHECKING THE TRANSISTOR M0S1
CHECKING THE TRANSISTOR M0sS1
CHECKING THE TRANSISTOR M3S1
CHECKING THE TRANSISTOR M3sS1
CHECKING THE TRANSISTOR M4S1
REMOVING M4S1
CHECKING NODE TYPE IN THE TRANSISTOR FOUND gate
PHASE = 1
PURE ID = 128.000000
PREVIOUS NODE ID : 128.000000_S1
MODIFIED NODE ID : 128.000000_S1
TYPEgate
HIHI128.000000_S1
CONSIDERING THE TRANSISTOR : M4sS1
CHECKING THE TRANSISTOR P1S1
CHECKING THE TRANSISTOR P1sS1
CHECKING THE TRANSISTOR P2S1
CHECKING THE TRANSISTOR P2sS1
CHECKING THE TRANSISTOR M0S1
CHECKING THE TRANSISTOR M0sS1
CHECKING THE TRANSISTOR M3S1
CHECKING THE TRANSISTOR M3sS1
CHECKING THE TRANSISTOR M4S1
CHECKING THE TRANSISTOR M4sS1
REMOVING M4sS1
CHECKING NODE TYPE IN THE TRANSISTOR FOUND gate
PHASE = 1
PURE ID = 128.000000
PREVIOUS NODE ID : 128.000000_S1
MODIFIED NODE ID : 128.000000_S1
TYPEgate
HIHI128.000000_S1
CONSIDERING THE TRANSISTOR : M5S1
CHECKING THE TRANSISTOR P1S1
CHECKING THE TRANSISTOR P1sS1
CHECKING THE TRANSISTOR P2S1
CHECKING THE TRANSISTOR P2sS1
CHECKING THE TRANSISTOR M0S1
CHECKING THE TRANSISTOR M0sS1
CHECKING THE TRANSISTOR M3S1
CHECKING THE TRANSISTOR M3sS1
CHECKING THE TRANSISTOR M4S1
CHECKING THE TRANSISTOR M4sS1
CHECKING THE TRANSISTOR M5S1
REMOVING M5S1
CHECKING NODE TYPE IN THE TRANSISTOR FOUND gateDrain
PHASE = 1
PURE ID = 128.000000
PREVIOUS NODE ID : 128.000000_S1
MODIFIED NODE ID : 128.000000_S1
TYPEgateDrain
CONSIDERING THE TRANSISTOR : M5sS1
CHECKING THE TRANSISTOR P1S1
CHECKING THE TRANSISTOR P1sS1
CHECKING THE TRANSISTOR P2S1
CHECKING THE TRANSISTOR P2sS1
CHECKING THE TRANSISTOR M0S1
CHECKING THE TRANSISTOR M0sS1
CHECKING THE TRANSISTOR M3S1
CHECKING THE TRANSISTOR M3sS1
CHECKING THE TRANSISTOR M4S1
CHECKING THE TRANSISTOR M4sS1
CHECKING THE TRANSISTOR M5S1
CHECKING THE TRANSISTOR M5sS1
REMOVING M5sS1
CHECKING NODE TYPE IN THE TRANSISTOR FOUND gate
PHASE = 1
PURE ID = 128.000000
PREVIOUS NODE ID : 128.000000_S1
MODIFIED NODE ID : 128.000000_S1
TYPEgate
HIHI128.000000_S1
DPIMP FOUND  : 1/(+s.CgsM4S1+s.CgsM4sS1+s.CgsM5S1+gmM5S1+gdsM5S1+s.CgsM5sS1)Updating input and output branches here
CONSIDERING THE NODE : 64.000000_S1
CONSIDERING THE TRANSISTOR : M4S1
CHECKING THE TRANSISTOR P1S1
CHECKING THE TRANSISTOR P1sS1
CHECKING THE TRANSISTOR P2S1
CHECKING THE TRANSISTOR P2sS1
CHECKING THE TRANSISTOR M0S1
CHECKING THE TRANSISTOR M0sS1
CHECKING THE TRANSISTOR M3S1
CHECKING THE TRANSISTOR M3sS1
CHECKING THE TRANSISTOR M4S1
REMOVING M4S1
CHECKING NODE TYPE IN THE TRANSISTOR FOUND source
PHASE = 1
PURE ID = 64.000000
PREVIOUS NODE ID : 64.000000_S1
MODIFIED NODE ID : 64.000000_S1
TYPEsource
CONSIDERING THE TRANSISTOR : M4sS1
CHECKING THE TRANSISTOR P1S1
CHECKING THE TRANSISTOR P1sS1
CHECKING THE TRANSISTOR P2S1
CHECKING THE TRANSISTOR P2sS1
CHECKING THE TRANSISTOR M0S1
CHECKING THE TRANSISTOR M0sS1
CHECKING THE TRANSISTOR M3S1
CHECKING THE TRANSISTOR M3sS1
CHECKING THE TRANSISTOR M4S1
CHECKING THE TRANSISTOR M4sS1
REMOVING M4sS1
CHECKING NODE TYPE IN THE TRANSISTOR FOUND drain
PHASE = 1
PURE ID = 64.000000
PREVIOUS NODE ID : 64.000000_S1
MODIFIED NODE ID : 64.000000_S1
DPIMP FOUND  : 1/(+gdsM4S1+s.CgsM4S1+s.CdsM4S1+gdsM4sS1+s.CdsM4sS1)Updating input and output branches here
CONSIDERING THE NODE : 256.000000_S1
CONSIDERING THE TRANSISTOR : M5S1
CHECKING THE TRANSISTOR P1S1
CHECKING THE TRANSISTOR P1sS1
CHECKING THE TRANSISTOR P2S1
CHECKING THE TRANSISTOR P2sS1
CHECKING THE TRANSISTOR M0S1
CHECKING THE TRANSISTOR M0sS1
CHECKING THE TRANSISTOR M3S1
CHECKING THE TRANSISTOR M3sS1
CHECKING THE TRANSISTOR M4S1
CHECKING THE TRANSISTOR M4sS1
CHECKING THE TRANSISTOR M5S1
REMOVING M5S1
CHECKING NODE TYPE IN THE TRANSISTOR FOUND source
PHASE = 1
PURE ID = 256.000000
PREVIOUS NODE ID : 256.000000_S1
MODIFIED NODE ID : 256.000000_S1
TYPEsource
CONSIDERING THE TRANSISTOR : M5sS1
CHECKING THE TRANSISTOR P1S1
CHECKING THE TRANSISTOR P1sS1
CHECKING THE TRANSISTOR P2S1
CHECKING THE TRANSISTOR P2sS1
CHECKING THE TRANSISTOR M0S1
CHECKING THE TRANSISTOR M0sS1
CHECKING THE TRANSISTOR M3S1
CHECKING THE TRANSISTOR M3sS1
CHECKING THE TRANSISTOR M4S1
CHECKING THE TRANSISTOR M4sS1
CHECKING THE TRANSISTOR M5S1
CHECKING THE TRANSISTOR M5sS1
REMOVING M5sS1
CHECKING NODE TYPE IN THE TRANSISTOR FOUND drain
PHASE = 1
PURE ID = 256.000000
PREVIOUS NODE ID : 256.000000_S1
MODIFIED NODE ID : 256.000000_S1
DPIMP FOUND  : 1/(+gdsM5S1+s.CgsM5S1+s.CdsM5S1+gdsM5sS1+s.CdsM5sS1)Updating input and output branches here
FINAL SIGNAL FLOW GRAPH
*****************************************************
NODE ID: -100	FLAG = 0

NO INPUTS

OUTPUTS
2.000000_S1	1
*****************************************************
NODE ID: -1024.000000_S1	FLAG = 0

INPUTS
2048.000000_S1	-gmP1S1
512.000000_S1	gmP1S1

OUTPUTS
1024.000000_S1	1/(gdsP1S1+s.CdsP1S1+gdsP1sS1+s.CgsP1sS1+s.CdsP1sS1)
*****************************************************
NODE ID: -128.000000_S1	FLAG = 0

INPUTS
256.000000_S1	gmM5S1

OUTPUTS
128.000000_S1	1/(s.CgsM4S1+s.CgsM4sS1+s.CgsM5S1+gmM5S1+gdsM5S1+s.CgsM5sS1)
*****************************************************
NODE ID: -16.000000_S1	FLAG = 0

INPUTS
32.000000_S1	gmM3sS1
4.000000_S1	gmM3S1

OUTPUTS
16.000000_S1	1/(gdsM3S1+s.CgsM3S1+s.CdsM3S1+gdsM3sS1+s.CdsM3sS1)
*****************************************************
NODE ID: -2048.000000_S1	FLAG = 0

INPUTS
1024.000000_S1	gmP1sS1
4096.000000_S1	gmM0S1

OUTPUTS
2048.000000_S1	1/(s.CgsP1S1+s.CgsP1sS1+gmP1sS1+gdsP1sS1+s.CgsP2S1+s.CgsP2sS1+gdsM0S1+s.CdsM0S1)
*****************************************************
NODE ID: -256.000000_S1	FLAG = 0

INPUTS
128.000000_S1	gmM5S1

OUTPUTS
256.000000_S1	1/(gdsM5S1+s.CgsM5S1+s.CdsM5S1+gdsM5sS1+s.CdsM5sS1)
*****************************************************
NODE ID: -32.000000_S1	FLAG = 0

INPUTS
128.000000_S1	-gmM4S1
4.000000_S1	gmM3sS1
64.000000_S1	gmM4S1

OUTPUTS
32.000000_S1	1/(gdsM0sS1+s.CgsM0sS1+s.CdsM0sS1+gdsM3sS1+s.CgsM3sS1+s.CdsM3sS1+gdsM4S1+s.CdsM4S1)
*****************************************************
NODE ID: -4.000000_S1	FLAG = 0

INPUTS
2.000000_S1	G1
8.000000_S1	C1

OUTPUTS
4.000000_S1	1/(G1+s.C1+s.CgsM3S1+s.CgsM3sS1)
*****************************************************
NODE ID: -4096.000000_S1	FLAG = 0

INPUTS
32.000000_S1	gmM0sS1

OUTPUTS
4096.000000_S1	1/(gdsM0S1+s.CgsM0S1+s.CdsM0S1+gdsM0sS1+s.CdsM0sS1)
*****************************************************
NODE ID: -512.000000_S1	FLAG = 0

INPUTS
2048.000000_S1	gmP1S1

OUTPUTS
512.000000_S1	1/(gdsP1S1+s.CgsP1S1+s.CdsP1S1+gdsP2S1+s.CgsP2S1+s.CdsP2S1)
*****************************************************
NODE ID: -64.000000_S1	FLAG = 0

INPUTS
128.000000_S1	gmM4S1

OUTPUTS
64.000000_S1	1/(gdsM4S1+s.CgsM4S1+s.CdsM4S1+gdsM4sS1+s.CdsM4sS1)
*****************************************************
NODE ID: -8.000000_S1	FLAG = 0

INPUTS
16.000000_S1	gmM3S1
2048.000000_S1	-gmP2sS1
4.000000_S1	C1
8192.000000_S1	gmP2sS1

OUTPUTS
8.000000_S1	1/(s.C1+gdsP2sS1+s.CdsP2sS1+gdsM3S1+s.CdsM3S1)
*****************************************************
NODE ID: -8192.000000_S1	FLAG = 0

INPUTS
2048.000000_S1	-gmP2S1
512.000000_S1	gmP2S1

OUTPUTS
8192.000000_S1	1/(gdsP2S1+s.CdsP2S1+gdsP2sS1+s.CgsP2sS1+s.CdsP2sS1)
*****************************************************
NODE ID: 1	FLAG = 0

NO INPUTS

NO OUTPUTS
*****************************************************
NODE ID: 100	FLAG = 0

INPUTS
8.000000_S1	1

NO OUTPUTS
*****************************************************
NODE ID: 1024.000000_S1	FLAG = 1

INPUTS
-1024.000000_S1	1/(gdsP1S1+s.CdsP1S1+gdsP1sS1+s.CgsP1sS1+s.CdsP1sS1)

OUTPUTS
-2048.000000_S1	gmP1sS1
*****************************************************
NODE ID: 128.000000_S1	FLAG = 1

INPUTS
-128.000000_S1	1/(s.CgsM4S1+s.CgsM4sS1+s.CgsM5S1+gmM5S1+gdsM5S1+s.CgsM5sS1)

OUTPUTS
-256.000000_S1	gmM5S1
-32.000000_S1	-gmM4S1
-64.000000_S1	gmM4S1
*****************************************************
NODE ID: 16.000000_S1	FLAG = 1

INPUTS
-16.000000_S1	1/(gdsM3S1+s.CgsM3S1+s.CdsM3S1+gdsM3sS1+s.CdsM3sS1)

OUTPUTS
-8.000000_S1	gmM3S1
*****************************************************
NODE ID: 2.000000_S1	FLAG = 0

INPUTS
-100	1

OUTPUTS
-4.000000_S1	G1
*****************************************************
NODE ID: 2048.000000_S1	FLAG = 1

INPUTS
-2048.000000_S1	1/(s.CgsP1S1+s.CgsP1sS1+gmP1sS1+gdsP1sS1+s.CgsP2S1+s.CgsP2sS1+gdsM0S1+s.CdsM0S1)

OUTPUTS
-1024.000000_S1	-gmP1S1
-512.000000_S1	gmP1S1
-8.000000_S1	-gmP2sS1
-8192.000000_S1	-gmP2S1
*****************************************************
NODE ID: 256.000000_S1	FLAG = 1

INPUTS
-256.000000_S1	1/(gdsM5S1+s.CgsM5S1+s.CdsM5S1+gdsM5sS1+s.CdsM5sS1)

OUTPUTS
-128.000000_S1	gmM5S1
*****************************************************
NODE ID: 32.000000_S1	FLAG = 1

INPUTS
-32.000000_S1	1/(gdsM0sS1+s.CgsM0sS1+s.CdsM0sS1+gdsM3sS1+s.CgsM3sS1+s.CdsM3sS1+gdsM4S1+s.CdsM4S1)

OUTPUTS
-16.000000_S1	gmM3sS1
-4096.000000_S1	gmM0sS1
*****************************************************
NODE ID: 4.000000_S1	FLAG = 1

INPUTS
-4.000000_S1	1/(G1+s.C1+s.CgsM3S1+s.CgsM3sS1)

OUTPUTS
-16.000000_S1	gmM3S1
-32.000000_S1	gmM3sS1
-8.000000_S1	C1
*****************************************************
NODE ID: 4096.000000_S1	FLAG = 1

INPUTS
-4096.000000_S1	1/(gdsM0S1+s.CgsM0S1+s.CdsM0S1+gdsM0sS1+s.CdsM0sS1)

OUTPUTS
-2048.000000_S1	gmM0S1
*****************************************************
NODE ID: 512.000000_S1	FLAG = 1

INPUTS
-512.000000_S1	1/(gdsP1S1+s.CgsP1S1+s.CdsP1S1+gdsP2S1+s.CgsP2S1+s.CdsP2S1)

OUTPUTS
-1024.000000_S1	gmP1S1
-8192.000000_S1	gmP2S1
*****************************************************
NODE ID: 64.000000_S1	FLAG = 1

INPUTS
-64.000000_S1	1/(gdsM4S1+s.CgsM4S1+s.CdsM4S1+gdsM4sS1+s.CdsM4sS1)

OUTPUTS
-32.000000_S1	gmM4S1
*****************************************************
NODE ID: 8.000000_S1	FLAG = 1

INPUTS
-8.000000_S1	1/(s.C1+gdsP2sS1+s.CdsP2sS1+gdsM3S1+s.CdsM3S1)

OUTPUTS
-4.000000_S1	C1
100	1
*****************************************************
NODE ID: 8192.000000_S1	FLAG = 1

INPUTS
-8192.000000_S1	1/(gdsP2S1+s.CdsP2S1+gdsP2sS1+s.CgsP2sS1+s.CdsP2sS1)

OUTPUTS
-8.000000_S1	gmP2sS1Output file has been written successfully.
SFG adapter completed.
