
WORKING
 n=5
CREATING NODES IN THE GRAPH
CREATING NODES IN THE GRAPH
CREATING NODES IN THE GRAPH
CREATING NODES IN THE GRAPH
CREATING NODES IN THE GRAPH

STRING OBTAINED IS 1

STRING OBTAINED IS 1
VI	1	1

STRING OBTAINED IS 1

STRING OBTAINED IS 1
3	1	VO

STRING OBTAINED IS G1

STRING OBTAINED IS G1
1	G1	2

STRING OBTAINED IS C1

STRING OBTAINED IS C1
3	C1	2

STRING OBTAINED IS G2

STRING OBTAINED IS G2
2	G2	4

STRING OBTAINED IS OP+

STRING OBTAINED IS OP+
4	OP+	3

STRING OBTAINED IS C2

STRING OBTAINED IS C2
4	C2	0

STRING OBTAINED IS OP-

STRING OBTAINED IS OP-
5	OP-	3

STRING OBTAINED IS G3

STRING OBTAINED IS G3
3	G3	5

STRING OBTAINED IS G4

STRING OBTAINED IS G4
5	G4	0
WORKING
VI	1	1
3	1	VO
1	G1	2
3	sC1	2
2	G2	4
4	OP+	3
4	sC2	0
5	OP-	3
3	G3	5
5	G4	0
CHECK HERE FOR CIRCUIT DETAILS
NODE ID: -100
NODE ID: 0	sC2	G4
NODE ID: 1	G1
NODE ID: 2	G1	sC1	G2
NODE ID: 3	sC1	G3
NODE ID: 4	G2	sC2
NODE ID: 5	G3	G4
NODE ID: 100
*****************************************************
NODE ID: -100	FLAG = 0

NO INPUTS

OUTPUTS
1	1
*****************************************************
NODE ID: -5	FLAG = 1

INPUTS
3	G3

OUTPUTS
5	(1/(G3+G4))
*****************************************************
NODE ID: -4	FLAG = 1

INPUTS
2	G2

OUTPUTS
4	(1/(G2+sC2))
*****************************************************
NODE ID: -2	FLAG = 1

INPUTS
1	G1
3	sC1
4	G2

OUTPUTS
2	(1/(G1+sC1+G2))
*****************************************************
NODE ID: 0	FLAG = 0

NO INPUTS

NO OUTPUTS
*****************************************************
NODE ID: 1	FLAG = 0

INPUTS
-100	1

OUTPUTS
-2	G1
*****************************************************
NODE ID: 2	FLAG = 1

INPUTS
-2	(1/(G1+sC1+G2))

OUTPUTS
-4	G2
*****************************************************
NODE ID: 3	FLAG = 0

INPUTS
4	OP+
5	OP-

OUTPUTS
100	1
-2	sC1
-5	G3
*****************************************************
NODE ID: 4	FLAG = 1

INPUTS
-4	(1/(G2+sC2))

OUTPUTS
-2	G2
3	OP+
*****************************************************
NODE ID: 5	FLAG = 1

INPUTS
-5	(1/(G3+G4))

OUTPUTS
3	OP-
*****************************************************
NODE ID: 100	FLAG = 0

INPUTS
3	1

NO OUTPUTS
SFG adapter completed.
