
WORKING
 n=4
CREATING NODES IN THE GRAPH
CREATING NODES IN THE GRAPH
CREATING NODES IN THE GRAPH
CREATING NODES IN THE GRAPH

STRING OBTAINED IS 1

STRING OBTAINED IS 1
VI	1	1

STRING OBTAINED IS 1

STRING OBTAINED IS 1
4	1	VO

STRING OBTAINED IS G1

STRING OBTAINED IS G1
1	G1	2

STRING OBTAINED IS G2

STRING OBTAINED IS G2
2	G2	0

STRING OBTAINED IS C3

STRING OBTAINED IS C3
2	C3	3

STRING OBTAINED IS OP-

STRING OBTAINED IS OP-
3	OP-	4

STRING OBTAINED IS G5

STRING OBTAINED IS G5
4	G5	3

STRING OBTAINED IS C4

STRING OBTAINED IS C4
4	C4	2
WORKING
VI	1	1
4	1	VO
1	G1	2
2	G2	0
2	sC3	3
3	OP-	4
4	G5	3
4	sC4	2
CHECK HERE FOR CIRCUIT DETAILS
NODE ID: -100
NODE ID: 0	G2
NODE ID: 1	G1
NODE ID: 2	G1	G2	sC3	sC4
NODE ID: 3	sC3	G5
NODE ID: 4	G5	sC4
NODE ID: 100
*****************************************************
NODE ID: -100	FLAG = 0

NO INPUTS

OUTPUTS
1	1
*****************************************************
NODE ID: -3	FLAG = 1

INPUTS
2	sC3
4	G5

OUTPUTS
3	(1/(sC3+G5))
*****************************************************
NODE ID: -2	FLAG = 1

INPUTS
1	G1
3	sC3
4	sC4

OUTPUTS
2	(1/(G1+G2+sC3+sC4))
*****************************************************
NODE ID: 0	FLAG = 0

NO INPUTS

NO OUTPUTS
*****************************************************
NODE ID: 1	FLAG = 0

INPUTS
-100	1

OUTPUTS
-2	G1
*****************************************************
NODE ID: 2	FLAG = 1

INPUTS
-2	(1/(G1+G2+sC3+sC4))

OUTPUTS
-3	sC3
*****************************************************
NODE ID: 3	FLAG = 1

INPUTS
-3	(1/(sC3+G5))

OUTPUTS
-2	sC3
4	OP-
*****************************************************
NODE ID: 4	FLAG = 0

INPUTS
3	OP-

OUTPUTS
100	1
-3	G5
-2	sC4
*****************************************************
NODE ID: 100	FLAG = 0

INPUTS
4	1

NO OUTPUTS
SFG adapter completed.
