
WORKING
 n=13
CREATING NODE IN THE GRAPH: 2
CREATING NODE IN THE GRAPH: 4
CREATING NODE IN THE GRAPH: 8
CREATING NODE IN THE GRAPH: 16
CREATING NODE IN THE GRAPH: 32
CREATING NODE IN THE GRAPH: 64
CREATING NODE IN THE GRAPH: 128
CREATING NODE IN THE GRAPH: 256
CREATING NODE IN THE GRAPH: 512
CREATING NODE IN THE GRAPH: 1024
CREATING NODE IN THE GRAPH: 2048
CREATING NODE IN THE GRAPH: 4096
CREATING NODE IN THE GRAPH: 8192
CREATING INPUT NODE IN THE GRAPH: -100
CREATING OUTPUT NODE IN THE GRAPH: 100
CREATING GROUND NODE IN THE GRAPH: 1
VI_1_1
STRING OBTAINED IS 1

STRING OBTAINED IS 1
VI	1	1
13_1_VO
STRING OBTAINED IS 1

STRING OBTAINED IS 1
13	1	VO
SOURCE FOUND8
TRANSISTOR FOUND : M0 GDS 2 4 8
M0_2_4_8
SOURCE FOUND8
TRANSISTOR FOUND : M1 GDS 3 9 8
M1_3_9_8
SOURCE FOUND0
TRANSISTOR FOUND : M2 GDS 12 8 0
M2_12_8_0
SOURCE FOUND0
TRANSISTOR FOUND : M3 GDS 12 12 0
M3_12_12_0
SOURCE FOUND0
TRANSISTOR FOUND : M6 GDS 11 13 0
M6_11_13_0
SOURCE FOUND0
TRANSISTOR FOUND : M10 GDS 11 11 0
M10_11_11_0
SOURCE FOUND10
TRANSISTOR FOUND : P4 GDS 4 4 10
P4_4_4_10
SOURCE FOUND10
TRANSISTOR FOUND : P5 GDS 4 11 10
P5_4_11_10
SOURCE FOUND10
TRANSISTOR FOUND : P8 GDS 9 9 10
P8_9_9_10
SOURCE FOUND10
TRANSISTOR FOUND : P7 GDS 9 13 10
P7_9_13_10
1_G1_2
STRING OBTAINED IS G1

STRING OBTAINED IS G1
1	G1	2
1_G2_3
STRING OBTAINED IS G2

STRING OBTAINED IS G2
1	G2	3
10_G3_12
STRING OBTAINED IS G3

STRING OBTAINED IS G3
10	G3	12
NO. OF PHASES = %%%%%%%%%%%%%%%%%%%%%%%%%%%%%%%%%%%%%1
)))))))))))))))))))S1
 n=13
VI_1_1
SOURCE NODE OBTAINED FROM CKT FILE : VI
EDGE WEIGHT OBTAINED FROM CKT FILE : 1
DESTINATION NODE OBTAINED FROM CKT FILE : 1
CHECK HERE FOR DATA ENTERED IN CKT MAP 2
UPDATING BRANCHES FOR NODES -100 & 2
STRING OBTAINED IS 1

STRING OBTAINED IS 1
VI	1	1
13_1_VO
SOURCE NODE OBTAINED FROM CKT FILE : 13
EDGE WEIGHT OBTAINED FROM CKT FILE : 1
DESTINATION NODE OBTAINED FROM CKT FILE : VO
CHECK HERE FOR DATA ENTERED IN CKT MAP 8192
UPDATING BRANCHES FOR NODES 8192 & 100
STRING OBTAINED IS 1

STRING OBTAINED IS 1
13	1	VO
M0_2_4_8
LENGTH OF LINE : 8
7 & 1
SOURCE FOUND : 8
TRANSISTOR FOUND : M0 GDS 2 4 8
M1_3_9_8
LENGTH OF LINE : 8
7 & 1
SOURCE FOUND : 8
TRANSISTOR FOUND : M1 GDS 3 9 8
M2_12_8_0
LENGTH OF LINE : 9
8 & 1
SOURCE FOUND : 0
TRANSISTOR FOUND : M2 GDS 12 8 0
M3_12_12_0
LENGTH OF LINE : 10
9 & 1
SOURCE FOUND : 0
TRANSISTOR FOUND : M3 GDS 12 12 0
M6_11_13_0
LENGTH OF LINE : 10
9 & 1
SOURCE FOUND : 0
TRANSISTOR FOUND : M6 GDS 11 13 0
M10_11_11_0
LENGTH OF LINE : 11
10 & 1
SOURCE FOUND : 0
TRANSISTOR FOUND : M10 GDS 11 11 0
P4_4_4_10
LENGTH OF LINE : 9
7 & 2
SOURCE FOUND : 10
TRANSISTOR FOUND : P4 GDS 4 4 10
P5_4_11_10
LENGTH OF LINE : 10
8 & 2
SOURCE FOUND : 10
TRANSISTOR FOUND : P5 GDS 4 11 10
P8_9_9_10
LENGTH OF LINE : 9
7 & 2
SOURCE FOUND : 10
TRANSISTOR FOUND : P8 GDS 9 9 10
P7_9_13_10
LENGTH OF LINE : 10
8 & 2
SOURCE FOUND : 10
TRANSISTOR FOUND : P7 GDS 9 13 10
1_G1_2
SOURCE NODE OBTAINED FROM CKT FILE : 1
EDGE WEIGHT OBTAINED FROM CKT FILE : G1
DESTINATION NODE OBTAINED FROM CKT FILE : 2
DESTINATION NODE CONSIDERED FOR OPERATIONS 2
CHECK HERE FOR DATA ENTERED IN CKT MAP 4
FLAG OF SOURCE NODE = 0
FLAG OF DESTINATION NODE = 1
UPDATING BRANCHES FOR NODES 2 & 4
STRING OBTAINED IS G1

STRING OBTAINED IS G1
1	G1	2
1_G2_3
SOURCE NODE OBTAINED FROM CKT FILE : 1
EDGE WEIGHT OBTAINED FROM CKT FILE : G2
DESTINATION NODE OBTAINED FROM CKT FILE : 3
DESTINATION NODE CONSIDERED FOR OPERATIONS 3
CHECK HERE FOR DATA ENTERED IN CKT MAP 8
FLAG OF SOURCE NODE = 0
FLAG OF DESTINATION NODE = 1
UPDATING BRANCHES FOR NODES 2 & 8
STRING OBTAINED IS G2

STRING OBTAINED IS G2
1	G2	3
10_G3_12
SOURCE NODE OBTAINED FROM CKT FILE : 10
EDGE WEIGHT OBTAINED FROM CKT FILE : G3
DESTINATION NODE OBTAINED FROM CKT FILE : 12
DESTINATION NODE CONSIDERED FOR OPERATIONS 12
CHECK HERE FOR DATA ENTERED IN CKT MAP 1024
CHECK HERE FOR DATA ENTERED IN CKT MAP 4096
FLAG OF SOURCE NODE = 1
FLAG OF DESTINATION NODE = 1
UPDATING BRANCHES FOR NODES 1024 & 4096
STRING OBTAINED IS G3

STRING OBTAINED IS G3
10	G3	12
)))))))))))))))))))S0
VI_1_1
SOURCE NODE VI
EDGE WEIGHT 1
DESTINATION NODE 1
13_1_VO
2.000000	2.000000_S1
8192.000000	8192.000000_S1
4.000000	4.000000_S1
16.000000	16.000000_S1
256.000000	256.000000_S1
8.000000	8.000000_S1
512.000000	512.000000_S1
4096.000000	4096.000000_S1
2048.000000	2048.000000_S1
1024.000000	1024.000000_S1
MOD _S=8192.000000_S1
FLAG OF SOURCE IS  1


JJJJJJJJJJJJJJJJ




8192
PHASE = S1
CALLED DP ELASTANCE








 NODE : 8192.000000_S1






1_G1_2
LINE TAKEN FOR CONSIDERATION 1_G1_2
BEFORE TAKING OUT NUMBER 2.000000_S1
TS ==  2
NUMBER2
FLAG S =0 , FLAG D =1
4


JJJJJJJJJJJJJJJJ




4	G1
PHASE = S1
CALLED DP ELASTANCE
G1
CHECK HEREEEEEEE-4.000000_S1&& 1/(G1)
1_G2_3
LINE TAKEN FOR CONSIDERATION 1_G2_3
BEFORE TAKING OUT NUMBER 2.000000_S1
TS ==  2
NUMBER2
FLAG S =0 , FLAG D =1
8


JJJJJJJJJJJJJJJJ




8	G2
PHASE = S1
CALLED DP ELASTANCE
G2
CHECK HEREEEEEEE-8.000000_S1&& 1/(G2)
10_G3_12
LINE TAKEN FOR CONSIDERATION 10_G3_12
BEFORE TAKING OUT NUMBER 1024.000000_S1
TS ==  1024
NUMBER1024
FLAG S =1 , FLAG D =1


JJJJJJJJJJJJJJJJ




1024	G3
PHASE = S1
CALLED DP ELASTANCE
G3


JJJJJJJJJJJJJJJJ




4096	G3
PHASE = S1
CALLED DP ELASTANCE
G3
TRANSISTOR : M0S1
GATE : 4.000000_S1
DRAIN : 16.000000_S1
SOURCE : 256.000000_S1
CONNECTED TO TRANSISTORS : M1S1 M2S1 P4S1 P5S1 
TRANSISTOR : M1S1
GATE : 8.000000_S1
DRAIN : 512.000000_S1
SOURCE : 256.000000_S1
CONNECTED TO TRANSISTORS : M0S1 M2S1 P8S1 P7S1 
TRANSISTOR : M2S1
GATE : 4096.000000_S1
DRAIN : 256.000000_S1
SOURCE : 1
CONNECTED TO TRANSISTORS : M0S1 M1S1 M3S1 
TRANSISTOR : M3S1
GATE : 4096.000000_S1
DRAIN : 4096.000000_S1
SOURCE : 1
CONNECTED TO TRANSISTORS : M2S1 
TRANSISTOR : M6S1
GATE : 2048.000000_S1
DRAIN : 8192.000000_S1
SOURCE : 1
CONNECTED TO TRANSISTORS : M10S1 P5S1 P7S1 
TRANSISTOR : M10S1
GATE : 2048.000000_S1
DRAIN : 2048.000000_S1
SOURCE : 1
CONNECTED TO TRANSISTORS : M6S1 P5S1 
TRANSISTOR : P4S1
GATE : 16.000000_S1
DRAIN : 16.000000_S1
SOURCE : 1024.000000_S1
CONNECTED TO TRANSISTORS : M0S1 P5S1 P8S1 P7S1 
TRANSISTOR : P5S1
GATE : 16.000000_S1
DRAIN : 2048.000000_S1
SOURCE : 1024.000000_S1
CONNECTED TO TRANSISTORS : M0S1 M6S1 M10S1 P4S1 P8S1 P7S1 
TRANSISTOR : P8S1
GATE : 512.000000_S1
DRAIN : 512.000000_S1
SOURCE : 1024.000000_S1
CONNECTED TO TRANSISTORS : M1S1 P4S1 P5S1 P7S1 
TRANSISTOR : P7S1
GATE : 512.000000_S1
DRAIN : 8192.000000_S1
SOURCE : 1024.000000_S1
CONNECTED TO TRANSISTORS : M1S1 M6S1 P4S1 P5S1 P8S1 
	2.000000_S1


2.000000_S1 TAKEN FOR CONSIDERATION 
PHASE = 1
NEXT PHASE = 1
ID OF CURRENT NODE = 2
G1	G2	

Capacitor considered = G1
FOUND THE CAPACITOR IN THE OUTPUT BRANCH

Looking for capacitor G1 in NEXT phase 1 at node -100
Capacitor does not exits in the next phase 
Looking for capacitor G1 in NEXT phase 1 at node 2
G1
Capacitor G1 found in phase 1 connected to node 2 which is denoted by 2.000000_S1
PNEXT_NODE2.000000_S1
 size= 2 , -4.000000_S1 , G1
FOUND THE CAPACITOR IN THE OUTPUT BRANCH IN NEXT PHASE
FLAGD2 = 0
-4.000000_S1
UPDATED PNEXT_NODE -4.000000_S1
Branch drawn from 2.000000_S1 to -4.000000_S1 with edge weight = -z^-1G1

Capacitor considered = G2
FOUND THE CAPACITOR IN THE OUTPUT BRANCH

Looking for capacitor G2 in NEXT phase 1 at node -100
Capacitor does not exits in the next phase 
Looking for capacitor G2 in NEXT phase 1 at node 2
G1
G2
Capacitor G2 found in phase 1 connected to node 2 which is denoted by 2.000000_S1
PNEXT_NODE2.000000_S1
 size= 3 , -4.000000_S1 , G1
Let's take a look at the next one
 size= 3 , -8.000000_S1 , G2
FOUND THE CAPACITOR IN THE OUTPUT BRANCH IN NEXT PHASE
FLAGD2 = 0
-8.000000_S1
UPDATED PNEXT_NODE -8.000000_S1
Branch drawn from 2.000000_S1 to -8.000000_S1 with edge weight = -z^-1G2
4.000000_S1
TRANSISTORS CONNECTED TO THIS NODE ARE : 	M0S1
16.000000_S1
TRANSISTORS CONNECTED TO THIS NODE ARE : 	M0S1	P4S1	P5S1
256.000000_S1
TRANSISTORS CONNECTED TO THIS NODE ARE : 	M0S1	M1S1	M2S1
8.000000_S1
TRANSISTORS CONNECTED TO THIS NODE ARE : 	M1S1
512.000000_S1
TRANSISTORS CONNECTED TO THIS NODE ARE : 	M1S1	P8S1	P7S1
4096.000000_S1
TRANSISTORS CONNECTED TO THIS NODE ARE : 	M2S1	M3S1
2048.000000_S1
TRANSISTORS CONNECTED TO THIS NODE ARE : 	M6S1	M10S1	P5S1
8192.000000_S1
TRANSISTORS CONNECTED TO THIS NODE ARE : 	M6S1	P7S1
1024.000000_S1
TRANSISTORS CONNECTED TO THIS NODE ARE : 	P4S1	P5S1	P8S1	P7S1
CONSIDERING THE NODE : 4.000000_S1
CONSIDERING THE TRANSISTOR : M0S1
CHECKING THE TRANSISTOR M0S1
REMOVING M0S1
CHECKING NODE TYPE IN THE TRANSISTOR FOUND gate
PHASE = 1
PURE ID = 4.000000
PREVIOUS NODE ID : 4.000000_S1
MODIFIED NODE ID : 4.000000_S1
TYPEgate
HIHI4.000000_S1
DPIMP FOUND  : 1/(+s.CgsM0S1)Updating input and output branches here
CONSIDERING THE NODE : 16.000000_S1
CONSIDERING THE TRANSISTOR : M0S1
CHECKING THE TRANSISTOR M0S1
REMOVING M0S1
CHECKING NODE TYPE IN THE TRANSISTOR FOUND drain
PHASE = 1
PURE ID = 16.000000
PREVIOUS NODE ID : 16.000000_S1
MODIFIED NODE ID : 16.000000_S1
CONSIDERING THE TRANSISTOR : P4S1
CHECKING THE TRANSISTOR M0S1
CHECKING THE TRANSISTOR M1S1
CHECKING THE TRANSISTOR M2S1
CHECKING THE TRANSISTOR M3S1
CHECKING THE TRANSISTOR M6S1
CHECKING THE TRANSISTOR M10S1
CHECKING THE TRANSISTOR P4S1
REMOVING P4S1
CHECKING NODE TYPE IN THE TRANSISTOR FOUND gateDrain
PHASE = 1
PURE ID = 16.000000
PREVIOUS NODE ID : 16.000000_S1
MODIFIED NODE ID : 16.000000_S1
TYPEgateDrain
CONSIDERING THE TRANSISTOR : P5S1
CHECKING THE TRANSISTOR M0S1
CHECKING THE TRANSISTOR M1S1
CHECKING THE TRANSISTOR M2S1
CHECKING THE TRANSISTOR M3S1
CHECKING THE TRANSISTOR M6S1
CHECKING THE TRANSISTOR M10S1
CHECKING THE TRANSISTOR P4S1
CHECKING THE TRANSISTOR P5S1
REMOVING P5S1
CHECKING NODE TYPE IN THE TRANSISTOR FOUND gate
PHASE = 1
PURE ID = 16.000000
PREVIOUS NODE ID : 16.000000_S1
MODIFIED NODE ID : 16.000000_S1
TYPEgate
DPIMP FOUND  : 1/(+gdsM0S1+s.CdsM0S1+s.CgsP4S1+gmP4S1+gdsP4S1+s.CgsP5S1)Updating input and output branches here
CONSIDERING THE NODE : 256.000000_S1
CONSIDERING THE TRANSISTOR : M0S1
CHECKING THE TRANSISTOR M0S1
REMOVING M0S1
CHECKING NODE TYPE IN THE TRANSISTOR FOUND source
PHASE = 1
PURE ID = 256.000000
PREVIOUS NODE ID : 256.000000_S1
MODIFIED NODE ID : 256.000000_S1
TYPEsource
CONSIDERING THE TRANSISTOR : M1S1
CHECKING THE TRANSISTOR M0S1
CHECKING THE TRANSISTOR M1S1
REMOVING M1S1
CHECKING NODE TYPE IN THE TRANSISTOR FOUND source
PHASE = 1
PURE ID = 256.000000
PREVIOUS NODE ID : 256.000000_S1
MODIFIED NODE ID : 256.000000_S1
TYPEsource
CONSIDERING THE TRANSISTOR : M2S1
CHECKING THE TRANSISTOR M0S1
CHECKING THE TRANSISTOR M1S1
CHECKING THE TRANSISTOR M2S1
REMOVING M2S1
CHECKING NODE TYPE IN THE TRANSISTOR FOUND drain
PHASE = 1
PURE ID = 256.000000
PREVIOUS NODE ID : 256.000000_S1
MODIFIED NODE ID : 256.000000_S1
DPIMP FOUND  : 1/(+gdsM0S1+s.CgsM0S1+s.CdsM0S1+gdsM1S1+s.CgsM1S1+s.CdsM1S1+gdsM2S1+s.CdsM2S1)Updating input and output branches here
CONSIDERING THE NODE : 8.000000_S1
CONSIDERING THE TRANSISTOR : M1S1
CHECKING THE TRANSISTOR M0S1
CHECKING THE TRANSISTOR M1S1
REMOVING M1S1
CHECKING NODE TYPE IN THE TRANSISTOR FOUND gate
PHASE = 1
PURE ID = 8.000000
PREVIOUS NODE ID : 8.000000_S1
MODIFIED NODE ID : 8.000000_S1
TYPEgate
HIHI8.000000_S1
DPIMP FOUND  : 1/(+s.CgsM1S1)Updating input and output branches here
CONSIDERING THE NODE : 512.000000_S1
CONSIDERING THE TRANSISTOR : M1S1
CHECKING THE TRANSISTOR M0S1
CHECKING THE TRANSISTOR M1S1
REMOVING M1S1
CHECKING NODE TYPE IN THE TRANSISTOR FOUND drain
PHASE = 1
PURE ID = 512.000000
PREVIOUS NODE ID : 512.000000_S1
MODIFIED NODE ID : 512.000000_S1
CONSIDERING THE TRANSISTOR : P8S1
CHECKING THE TRANSISTOR M0S1
CHECKING THE TRANSISTOR M1S1
CHECKING THE TRANSISTOR M2S1
CHECKING THE TRANSISTOR M3S1
CHECKING THE TRANSISTOR M6S1
CHECKING THE TRANSISTOR M10S1
CHECKING THE TRANSISTOR P4S1
CHECKING THE TRANSISTOR P5S1
CHECKING THE TRANSISTOR P8S1
REMOVING P8S1
CHECKING NODE TYPE IN THE TRANSISTOR FOUND gateDrain
PHASE = 1
PURE ID = 512.000000
PREVIOUS NODE ID : 512.000000_S1
MODIFIED NODE ID : 512.000000_S1
TYPEgateDrain
CONSIDERING THE TRANSISTOR : P7S1
CHECKING THE TRANSISTOR M0S1
CHECKING THE TRANSISTOR M1S1
CHECKING THE TRANSISTOR M2S1
CHECKING THE TRANSISTOR M3S1
CHECKING THE TRANSISTOR M6S1
CHECKING THE TRANSISTOR M10S1
CHECKING THE TRANSISTOR P4S1
CHECKING THE TRANSISTOR P5S1
CHECKING THE TRANSISTOR P8S1
CHECKING THE TRANSISTOR P7S1
REMOVING P7S1
CHECKING NODE TYPE IN THE TRANSISTOR FOUND gate
PHASE = 1
PURE ID = 512.000000
PREVIOUS NODE ID : 512.000000_S1
MODIFIED NODE ID : 512.000000_S1
TYPEgate
DPIMP FOUND  : 1/(+gdsM1S1+s.CdsM1S1+s.CgsP8S1+gmP8S1+gdsP8S1+s.CgsP7S1)Updating input and output branches here
CONSIDERING THE NODE : 4096.000000_S1
CONSIDERING THE TRANSISTOR : M2S1
CHECKING THE TRANSISTOR M0S1
CHECKING THE TRANSISTOR M1S1
CHECKING THE TRANSISTOR M2S1
REMOVING M2S1
CHECKING NODE TYPE IN THE TRANSISTOR FOUND gate
PHASE = 1
PURE ID = 4096.000000
PREVIOUS NODE ID : 4096.000000_S1
MODIFIED NODE ID : 4096.000000_S1
TYPEgate
HIHI4096.000000_S1
CONSIDERING THE TRANSISTOR : M3S1
CHECKING THE TRANSISTOR M0S1
CHECKING THE TRANSISTOR M1S1
CHECKING THE TRANSISTOR M2S1
CHECKING THE TRANSISTOR M3S1
REMOVING M3S1
CHECKING NODE TYPE IN THE TRANSISTOR FOUND gateDrain
PHASE = 1
PURE ID = 4096.000000
PREVIOUS NODE ID : 4096.000000_S1
MODIFIED NODE ID : 4096.000000_S1
TYPEgateDrain
DPIMP FOUND  : 1/(+s.CgsM2S1+s.CgsM3S1+gmM3S1+gdsM3S1)Updating input and output branches here
CONSIDERING THE NODE : 2048.000000_S1
CONSIDERING THE TRANSISTOR : M6S1
CHECKING THE TRANSISTOR M0S1
CHECKING THE TRANSISTOR M1S1
CHECKING THE TRANSISTOR M2S1
CHECKING THE TRANSISTOR M3S1
CHECKING THE TRANSISTOR M6S1
REMOVING M6S1
CHECKING NODE TYPE IN THE TRANSISTOR FOUND gate
PHASE = 1
PURE ID = 2048.000000
PREVIOUS NODE ID : 2048.000000_S1
MODIFIED NODE ID : 2048.000000_S1
TYPEgate
HIHI2048.000000_S1
CONSIDERING THE TRANSISTOR : M10S1
CHECKING THE TRANSISTOR M0S1
CHECKING THE TRANSISTOR M1S1
CHECKING THE TRANSISTOR M2S1
CHECKING THE TRANSISTOR M3S1
CHECKING THE TRANSISTOR M6S1
CHECKING THE TRANSISTOR M10S1
REMOVING M10S1
CHECKING NODE TYPE IN THE TRANSISTOR FOUND gateDrain
PHASE = 1
PURE ID = 2048.000000
PREVIOUS NODE ID : 2048.000000_S1
MODIFIED NODE ID : 2048.000000_S1
TYPEgateDrain
CONSIDERING THE TRANSISTOR : P5S1
CHECKING THE TRANSISTOR M0S1
CHECKING THE TRANSISTOR M1S1
CHECKING THE TRANSISTOR M2S1
CHECKING THE TRANSISTOR M3S1
CHECKING THE TRANSISTOR M6S1
CHECKING THE TRANSISTOR M10S1
CHECKING THE TRANSISTOR P4S1
CHECKING THE TRANSISTOR P5S1
REMOVING P5S1
CHECKING NODE TYPE IN THE TRANSISTOR FOUND drain
PHASE = 1
PURE ID = 2048.000000
PREVIOUS NODE ID : 2048.000000_S1
MODIFIED NODE ID : 2048.000000_S1
DPIMP FOUND  : 1/(+s.CgsM6S1+s.CgsM10S1+gmM10S1+gdsM10S1+gdsP5S1+s.CdsP5S1)Updating input and output branches here
CONSIDERING THE NODE : 8192.000000_S1
CONSIDERING THE TRANSISTOR : M6S1
CHECKING THE TRANSISTOR M0S1
CHECKING THE TRANSISTOR M1S1
CHECKING THE TRANSISTOR M2S1
CHECKING THE TRANSISTOR M3S1
CHECKING THE TRANSISTOR M6S1
REMOVING M6S1
CHECKING NODE TYPE IN THE TRANSISTOR FOUND drain
PHASE = 1
PURE ID = 8192.000000
PREVIOUS NODE ID : 8192.000000_S1
MODIFIED NODE ID : 8192.000000_S1
CONSIDERING THE TRANSISTOR : P7S1
CHECKING THE TRANSISTOR M0S1
CHECKING THE TRANSISTOR M1S1
CHECKING THE TRANSISTOR M2S1
CHECKING THE TRANSISTOR M3S1
CHECKING THE TRANSISTOR M6S1
CHECKING THE TRANSISTOR M10S1
CHECKING THE TRANSISTOR P4S1
CHECKING THE TRANSISTOR P5S1
CHECKING THE TRANSISTOR P8S1
CHECKING THE TRANSISTOR P7S1
REMOVING P7S1
CHECKING NODE TYPE IN THE TRANSISTOR FOUND drain
PHASE = 1
PURE ID = 8192.000000
PREVIOUS NODE ID : 8192.000000_S1
MODIFIED NODE ID : 8192.000000_S1
DPIMP FOUND  : 1/(+gdsM6S1+s.CdsM6S1+gdsP7S1+s.CdsP7S1)Updating input and output branches here
CONSIDERING THE NODE : 1024.000000_S1
CONSIDERING THE TRANSISTOR : P4S1
CHECKING THE TRANSISTOR M0S1
CHECKING THE TRANSISTOR M1S1
CHECKING THE TRANSISTOR M2S1
CHECKING THE TRANSISTOR M3S1
CHECKING THE TRANSISTOR M6S1
CHECKING THE TRANSISTOR M10S1
CHECKING THE TRANSISTOR P4S1
REMOVING P4S1
CHECKING NODE TYPE IN THE TRANSISTOR FOUND source
PHASE = 1
PURE ID = 1024.000000
PREVIOUS NODE ID : 1024.000000_S1
MODIFIED NODE ID : 1024.000000_S1
TYPEsource
CONSIDERING THE TRANSISTOR : P5S1
CHECKING THE TRANSISTOR M0S1
CHECKING THE TRANSISTOR M1S1
CHECKING THE TRANSISTOR M2S1
CHECKING THE TRANSISTOR M3S1
CHECKING THE TRANSISTOR M6S1
CHECKING THE TRANSISTOR M10S1
CHECKING THE TRANSISTOR P4S1
CHECKING THE TRANSISTOR P5S1
REMOVING P5S1
CHECKING NODE TYPE IN THE TRANSISTOR FOUND source
PHASE = 1
PURE ID = 1024.000000
PREVIOUS NODE ID : 1024.000000_S1
MODIFIED NODE ID : 1024.000000_S1
TYPEsource
CONSIDERING THE TRANSISTOR : P8S1
CHECKING THE TRANSISTOR M0S1
CHECKING THE TRANSISTOR M1S1
CHECKING THE TRANSISTOR M2S1
CHECKING THE TRANSISTOR M3S1
CHECKING THE TRANSISTOR M6S1
CHECKING THE TRANSISTOR M10S1
CHECKING THE TRANSISTOR P4S1
CHECKING THE TRANSISTOR P5S1
CHECKING THE TRANSISTOR P8S1
REMOVING P8S1
CHECKING NODE TYPE IN THE TRANSISTOR FOUND source
PHASE = 1
PURE ID = 1024.000000
PREVIOUS NODE ID : 1024.000000_S1
MODIFIED NODE ID : 1024.000000_S1
TYPEsource
CONSIDERING THE TRANSISTOR : P7S1
CHECKING THE TRANSISTOR M0S1
CHECKING THE TRANSISTOR M1S1
CHECKING THE TRANSISTOR M2S1
CHECKING THE TRANSISTOR M3S1
CHECKING THE TRANSISTOR M6S1
CHECKING THE TRANSISTOR M10S1
CHECKING THE TRANSISTOR P4S1
CHECKING THE TRANSISTOR P5S1
CHECKING THE TRANSISTOR P8S1
CHECKING THE TRANSISTOR P7S1
REMOVING P7S1
CHECKING NODE TYPE IN THE TRANSISTOR FOUND source
PHASE = 1
PURE ID = 1024.000000
PREVIOUS NODE ID : 1024.000000_S1
MODIFIED NODE ID : 1024.000000_S1
TYPEsource
DPIMP FOUND  : 1/(+gdsP4S1+s.CgsP4S1+s.CdsP4S1+gdsP5S1+s.CgsP5S1+s.CdsP5S1+gdsP8S1+s.CgsP8S1+s.CdsP8S1+gdsP7S1+s.CgsP7S1+s.CdsP7S1)Updating input and output branches here
FINAL SIGNAL FLOW GRAPH
*****************************************************
NODE ID: -100	FLAG = 0

NO INPUTS

OUTPUTS
2.000000_S1	1
*****************************************************
NODE ID: -1024.000000_S1	FLAG = 0

INPUTS
16.000000_S1	gmP4S1
4096.000000_S1	G3
512.000000_S1	gmP8S1

OUTPUTS
1024.000000_S1	1/(G3+gdsP4S1+s.CgsP4S1+s.CdsP4S1+gdsP5S1+s.CgsP5S1+s.CdsP5S1+gdsP8S1+s.CgsP8S1+s.CdsP8S1+gdsP7S1+s.CgsP7S1+s.CdsP7S1)
*****************************************************
NODE ID: -16.000000_S1	FLAG = 0

INPUTS
1024.000000_S1	gmP4S1
256.000000_S1	gmM0S1
4.000000_S1	-gmM0S1

OUTPUTS
16.000000_S1	1/(gdsM0S1+s.CdsM0S1+s.CgsP4S1+gmP4S1+gdsP4S1+s.CgsP5S1)
*****************************************************
NODE ID: -2048.000000_S1	FLAG = 0

INPUTS
1024.000000_S1	gmP5S1
16.000000_S1	-gmP5S1

OUTPUTS
2048.000000_S1	1/(s.CgsM6S1+s.CgsM10S1+gmM10S1+gdsM10S1+gdsP5S1+s.CdsP5S1)
*****************************************************
NODE ID: -256.000000_S1	FLAG = 0

INPUTS
4.000000_S1	gmM0S1
4096.000000_S1	-gmM2S1
8.000000_S1	gmM1S1

OUTPUTS
256.000000_S1	1/(gdsM0S1+s.CgsM0S1+s.CdsM0S1+gdsM1S1+s.CgsM1S1+s.CdsM1S1+gdsM2S1+s.CdsM2S1)
*****************************************************
NODE ID: -4.000000_S1	FLAG = 0

INPUTS
2.000000_S1	G1

OUTPUTS
4.000000_S1	1/(G1+s.CgsM0S1)
*****************************************************
NODE ID: -4096.000000_S1	FLAG = 0

INPUTS
1024.000000_S1	G3

OUTPUTS
4096.000000_S1	1/(G3+s.CgsM2S1+s.CgsM3S1+gmM3S1+gdsM3S1)
*****************************************************
NODE ID: -512.000000_S1	FLAG = 0

INPUTS
1024.000000_S1	gmP8S1
256.000000_S1	gmM1S1
8.000000_S1	-gmM1S1

OUTPUTS
512.000000_S1	1/(gdsM1S1+s.CdsM1S1+s.CgsP8S1+gmP8S1+gdsP8S1+s.CgsP7S1)
*****************************************************
NODE ID: -8.000000_S1	FLAG = 0

INPUTS
2.000000_S1	G2

OUTPUTS
8.000000_S1	1/(G2+s.CgsM1S1)
*****************************************************
NODE ID: -8192.000000_S1	FLAG = 0

INPUTS
1024.000000_S1	gmP7S1
2048.000000_S1	-gmM6S1
512.000000_S1	-gmP7S1

OUTPUTS
8192.000000_S1	1/(+gdsM6S1+s.CdsM6S1+gdsP7S1+s.CdsP7S1)
*****************************************************
NODE ID: 1	FLAG = 0

NO INPUTS

NO OUTPUTS
*****************************************************
NODE ID: 100	FLAG = 0

INPUTS
8192.000000_S1	1

NO OUTPUTS
*****************************************************
NODE ID: 1024.000000_S1	FLAG = 1

INPUTS
-1024.000000_S1	1/(G3+gdsP4S1+s.CgsP4S1+s.CdsP4S1+gdsP5S1+s.CgsP5S1+s.CdsP5S1+gdsP8S1+s.CgsP8S1+s.CdsP8S1+gdsP7S1+s.CgsP7S1+s.CdsP7S1)

OUTPUTS
-16.000000_S1	gmP4S1
-2048.000000_S1	gmP5S1
-4096.000000_S1	G3
-512.000000_S1	gmP8S1
-8192.000000_S1	gmP7S1
*****************************************************
NODE ID: 16.000000_S1	FLAG = 1

INPUTS
-16.000000_S1	1/(gdsM0S1+s.CdsM0S1+s.CgsP4S1+gmP4S1+gdsP4S1+s.CgsP5S1)

OUTPUTS
-1024.000000_S1	gmP4S1
-2048.000000_S1	-gmP5S1
*****************************************************
NODE ID: 2.000000_S1	FLAG = 0

INPUTS
-100	1

OUTPUTS
-4.000000_S1	G1
-8.000000_S1	G2
*****************************************************
NODE ID: 2048.000000_S1	FLAG = 1

INPUTS
-2048.000000_S1	1/(s.CgsM6S1+s.CgsM10S1+gmM10S1+gdsM10S1+gdsP5S1+s.CdsP5S1)

OUTPUTS
-8192.000000_S1	-gmM6S1
*****************************************************
NODE ID: 256.000000_S1	FLAG = 1

INPUTS
-256.000000_S1	1/(gdsM0S1+s.CgsM0S1+s.CdsM0S1+gdsM1S1+s.CgsM1S1+s.CdsM1S1+gdsM2S1+s.CdsM2S1)

OUTPUTS
-16.000000_S1	gmM0S1
-512.000000_S1	gmM1S1
*****************************************************
NODE ID: 4.000000_S1	FLAG = 1

INPUTS
-4.000000_S1	1/(G1+s.CgsM0S1)

OUTPUTS
-16.000000_S1	-gmM0S1
-256.000000_S1	gmM0S1
*****************************************************
NODE ID: 4096.000000_S1	FLAG = 1

INPUTS
-4096.000000_S1	1/(G3+s.CgsM2S1+s.CgsM3S1+gmM3S1+gdsM3S1)

OUTPUTS
-1024.000000_S1	G3
-256.000000_S1	-gmM2S1
*****************************************************
NODE ID: 512.000000_S1	FLAG = 1

INPUTS
-512.000000_S1	1/(gdsM1S1+s.CdsM1S1+s.CgsP8S1+gmP8S1+gdsP8S1+s.CgsP7S1)

OUTPUTS
-1024.000000_S1	gmP8S1
-8192.000000_S1	-gmP7S1
*****************************************************
NODE ID: 8.000000_S1	FLAG = 1

INPUTS
-8.000000_S1	1/(G2+s.CgsM1S1)

OUTPUTS
-256.000000_S1	gmM1S1
-512.000000_S1	-gmM1S1
*****************************************************
NODE ID: 8192.000000_S1	FLAG = 1

INPUTS
-8192.000000_S1	1/(+gdsM6S1+s.CdsM6S1+gdsP7S1+s.CdsP7S1)

OUTPUTS
100	1Output file has been written successfully.
SFG adapter completed.
