
WORKING
 n=7
CREATING NODES IN THE GRAPH
CREATING NODES IN THE GRAPH
CREATING NODES IN THE GRAPH
CREATING NODES IN THE GRAPH
CREATING NODES IN THE GRAPH
CREATING NODES IN THE GRAPH
CREATING NODES IN THE GRAPH

STRING OBTAINED IS 1

STRING OBTAINED IS 1
VI	1	1

STRING OBTAINED IS 1

STRING OBTAINED IS 1
6	1	VO

STRING OBTAINED IS G1

STRING OBTAINED IS G1
1	G1	2

STRING OBTAINED IS C1

STRING OBTAINED IS C1
1	C1	4

STRING OBTAINED IS C3

STRING OBTAINED IS C3
3	C3	2

STRING OBTAINED IS G3

STRING OBTAINED IS G3
3	G3	4

STRING OBTAINED IS C2

STRING OBTAINED IS C2
4	C2	5

STRING OBTAINED IS G2

STRING OBTAINED IS G2
2	G2	5

STRING OBTAINED IS OP+

STRING OBTAINED IS OP+
5	OP+	6

STRING OBTAINED IS OP-

STRING OBTAINED IS OP-
6	OP-	6

STRING OBTAINED IS G4

STRING OBTAINED IS G4
6	G4	7

STRING OBTAINED IS OP+

STRING OBTAINED IS OP+
7	OP+	3

STRING OBTAINED IS OP-

STRING OBTAINED IS OP-
3	OP-	3

STRING OBTAINED IS G5

STRING OBTAINED IS G5
7	G5	0
WORKING
VI	1	1
6	1	VO
1	G1	2
1	sC1	4
3	sC3	2
3	G3	4
4	sC2	5
2	G2	5
5	OP+	6
6	OP-	6
6	G4	7
7	OP+	3
3	OP-	3
7	G5	0
UPDATING RESULTS OF SELF LOOP NODE :6
UPDATING RESULTS OF SELF LOOP NODE :3
CHECK HERE FOR CIRCUIT DETAILS
NODE ID: -100
NODE ID: 0	G5
NODE ID: 1	G1	sC1
NODE ID: 2	G1	sC3	G2
NODE ID: 3	sC3	G3
NODE ID: 4	sC1	G3	sC2
NODE ID: 5	sC2	G2
NODE ID: 6	G4
NODE ID: 7	G4	G5
NODE ID: 100
*****************************************************
NODE ID: -100	FLAG = 0

NO INPUTS

OUTPUTS
1	1
*****************************************************
NODE ID: -7	FLAG = 1

INPUTS
6	G4

OUTPUTS
7	(1/(G4+G5))
*****************************************************
NODE ID: -5	FLAG = 1

INPUTS
4	sC2
2	G2

OUTPUTS
5	(1/(sC2+G2))
*****************************************************
NODE ID: -4	FLAG = 1

INPUTS
1	sC1
3	G3
5	sC2

OUTPUTS
4	(1/(sC1+G3+sC2))
*****************************************************
NODE ID: -2	FLAG = 1

INPUTS
1	G1
3	sC3
5	G2

OUTPUTS
2	(1/(G1+sC3+G2))
*****************************************************
NODE ID: 0	FLAG = 0

NO INPUTS

NO OUTPUTS
*****************************************************
NODE ID: 1	FLAG = 0

INPUTS
-100	1

OUTPUTS
-2	G1
-4	sC1
*****************************************************
NODE ID: 2	FLAG = 1

INPUTS
-2	(1/(G1+sC3+G2))

OUTPUTS
-5	G2
*****************************************************
NODE ID: 3	FLAG = 0

INPUTS
7	(1/(1+A))

OUTPUTS
-2	sC3
-4	G3
*****************************************************
NODE ID: 4	FLAG = 1

INPUTS
-4	(1/(sC1+G3+sC2))

OUTPUTS
-5	sC2
*****************************************************
NODE ID: 5	FLAG = 1

INPUTS
-5	(1/(sC2+G2))

OUTPUTS
-4	sC2
-2	G2
6	(1/(1+A))
*****************************************************
NODE ID: 6	FLAG = 0

INPUTS
5	(1/(1+A))

OUTPUTS
100	1
-7	G4
*****************************************************
NODE ID: 7	FLAG = 1

INPUTS
-7	(1/(G4+G5))

OUTPUTS
3	(1/(1+A))
*****************************************************
NODE ID: 100	FLAG = 0

INPUTS
6	1

NO OUTPUTS
SFG adapter completed.
