
WORKING
 n=7
CREATING NODES IN THE GRAPH
CREATING NODES IN THE GRAPH
CREATING NODES IN THE GRAPH
CREATING NODES IN THE GRAPH
CREATING NODES IN THE GRAPH
CREATING NODES IN THE GRAPH
CREATING NODES IN THE GRAPH

STRING OBTAINED IS 1

STRING OBTAINED IS 1
VI	1	1

STRING OBTAINED IS 1

STRING OBTAINED IS 1
7	1	VO

STRING OBTAINED IS G1

STRING OBTAINED IS G1
1	G1	2

STRING OBTAINED IS G2

STRING OBTAINED IS G2
7	G2	2

STRING OBTAINED IS G3

STRING OBTAINED IS G3
3	G3	2

STRING OBTAINED IS C1

STRING OBTAINED IS C1
3	C1	2

STRING OBTAINED IS G4

STRING OBTAINED IS G4
3	G4	4

STRING OBTAINED IS C2

STRING OBTAINED IS C2
5	C2	4

STRING OBTAINED IS OP-

STRING OBTAINED IS OP-
2	OP-	3

STRING OBTAINED IS OP-

STRING OBTAINED IS OP-
4	OP-	5

STRING OBTAINED IS G5

STRING OBTAINED IS G5
5	G5	6

STRING OBTAINED IS OP-

STRING OBTAINED IS OP-
6	OP-	7

STRING OBTAINED IS G6

STRING OBTAINED IS G6
7	G6	6
WORKING
VI	1	1
7	1	VO
1	G1	2
7	G2	2
3	G3	2
3	sC1	2
3	G4	4
5	sC2	4
2	OP-	3
4	OP-	5
5	G5	6
6	OP-	7
7	G6	6
CHECK HERE FOR CIRCUIT DETAILS
NODE ID: -100
NODE ID: 0
NODE ID: 1	G1
NODE ID: 2	G1	G2	G3	sC1
NODE ID: 3	G3	sC1	G4
NODE ID: 4	G4	sC2
NODE ID: 5	sC2	G5
NODE ID: 6	G5	G6
NODE ID: 7	G2	G6
NODE ID: 100
*****************************************************
NODE ID: -100	FLAG = 0

NO INPUTS

OUTPUTS
1	1
*****************************************************
NODE ID: -6	FLAG = 1

INPUTS
5	G5
7	G6

OUTPUTS
6	(1/(G5+G6))
*****************************************************
NODE ID: -4	FLAG = 1

INPUTS
3	G4
5	sC2

OUTPUTS
4	(1/(G4+sC2))
*****************************************************
NODE ID: -2	FLAG = 1

INPUTS
1	G1
7	G2
3	G3
3	sC1

OUTPUTS
2	(1/(G1+G2+G3+sC1))
*****************************************************
NODE ID: 0	FLAG = 0

NO INPUTS

NO OUTPUTS
*****************************************************
NODE ID: 1	FLAG = 0

INPUTS
-100	1

OUTPUTS
-2	G1
*****************************************************
NODE ID: 2	FLAG = 1

INPUTS
-2	(1/(G1+G2+G3+sC1))

OUTPUTS
3	OP-
*****************************************************
NODE ID: 3	FLAG = 0

INPUTS
2	OP-

OUTPUTS
-2	G3
-2	sC1
-4	G4
*****************************************************
NODE ID: 4	FLAG = 1

INPUTS
-4	(1/(G4+sC2))

OUTPUTS
5	OP-
*****************************************************
NODE ID: 5	FLAG = 0

INPUTS
4	OP-

OUTPUTS
-4	sC2
-6	G5
*****************************************************
NODE ID: 6	FLAG = 1

INPUTS
-6	(1/(G5+G6))

OUTPUTS
7	OP-
*****************************************************
NODE ID: 7	FLAG = 0

INPUTS
6	OP-

OUTPUTS
100	1
-2	G2
-6	G6
*****************************************************
NODE ID: 100	FLAG = 0

INPUTS
7	1

NO OUTPUTS
DISPLAYING FORWARD PATH : -100	1	-2	2	3	-4	4	5	-6	6	7	100	
GAIN OF THIS FORWARD PATH IS = (G1.(1/(G1+G2+G3+sC1)).OP-.G4.(1/(G4+sC2)).OP-.G5.(1/(G5+G6)).OP-.)
DISPLAYING LOOPS BEFORE ANY OPERATION	-2	2	3
DISPLAYING LOOPS BEFORE ANY OPERATION	-2	2	3
DISPLAYING LOOPS BEFORE ANY OPERATION	-4	4	5
DISPLAYING LOOPS BEFORE ANY OPERATION	-2	2	3	-4	4	5	-6	6	7
DISPLAYING LOOPS BEFORE ANY OPERATION	-6	6	7
S =0
S =0
S =0
S =0
S =0
S =0
S =0
S =0
S =0
S =0
DISPLAYING LOOPS AFTER OPERATIONS	-2	2	3
DISPLAYING LOOPS AFTER OPERATIONS	-2	2	3
DISPLAYING LOOPS AFTER OPERATIONS	-4	4	5
DISPLAYING LOOPS AFTER OPERATIONS	-2	2	3	-4	4	5	-6	6	7
DISPLAYING LOOPS AFTER OPERATIONS	-6	6	7
(1/(G1+G2+G3+sC1)).OP-.G3.
(1/(G1+G2+G3+sC1)).OP-.sC1.
(1/(G4+sC2)).OP-.sC2.
(1/(G1+G2+G3+sC1)).OP-.G4.(1/(G4+sC2)).OP-.G5.(1/(G5+G6)).OP-.G2.
(1/(G5+G6)).OP-.G6.
SFG adapter completed.
