
WORKING
 n=7
CREATING NODE IN THE GRAPH: 2
CREATING NODE IN THE GRAPH: 4
CREATING NODE IN THE GRAPH: 8
CREATING NODE IN THE GRAPH: 16
CREATING NODE IN THE GRAPH: 32
CREATING NODE IN THE GRAPH: 64
CREATING NODE IN THE GRAPH: 128
CREATING NODE IN THE GRAPH: -100
CREATING NODE IN THE GRAPH: 100
CREATING NODE IN THE GRAPH: 1
VI_1_1
STRING OBTAINED IS 1

STRING OBTAINED IS 1
VI	1	1
7_1_VO
STRING OBTAINED IS 1

STRING OBTAINED IS 1
7	1	VO
2_OP-_7
STRING OBTAINED IS OP-

STRING OBTAINED IS OP-
2	OP-	7
1_C1_2
STRING OBTAINED IS C1

STRING OBTAINED IS C1
1	C1	2
3_C2_4
STRING OBTAINED IS C2

STRING OBTAINED IS C2
3	C2	4
6_C3_5
STRING OBTAINED IS C3

STRING OBTAINED IS C3
6	C3	5
7_C0_2
STRING OBTAINED IS C0

STRING OBTAINED IS C0
7	C0	2
1_S1_3
STRING OBTAINED IS S1

STRING OBTAINED IS S1
1	S1	3
4_S1_2
STRING OBTAINED IS S1

STRING OBTAINED IS S1
4	S1	2
5_S1_2
STRING OBTAINED IS S1

STRING OBTAINED IS S1
5	S1	2
7_S1_6
STRING OBTAINED IS S1

STRING OBTAINED IS S1
7	S1	6
6_S2_0
STRING OBTAINED IS S2

STRING OBTAINED IS S2
6	S2	0
3_S2_0
STRING OBTAINED IS S2

STRING OBTAINED IS S2
3	S2	0
5_S2_0
STRING OBTAINED IS S2

STRING OBTAINED IS S2
5	S2	0
4_S2_0
STRING OBTAINED IS S2

STRING OBTAINED IS S2
4	S2	0
NO. OF PHASES = %%%%%%%%%%%%%%%%%%%%%%%%%%%%%%%%%%%%%2
)))))))))))))))))))S1
 n=7
VI_1_1
SOURCE NODE OBTAINED FROM CKT FILE : VI
EDGE WEIGHT OBTAINED FROM CKT FILE : 1
DESTINATION NODE OBTAINED FROM CKT FILE : 1
CHECK HERE FOR DATA ENTERED IN CKT MAP 2
UPDATING BRANCHES FOR NODES -100 & 2
STRING OBTAINED IS 1

STRING OBTAINED IS 1
VI	1	1
7_1_VO
SOURCE NODE OBTAINED FROM CKT FILE : 7
EDGE WEIGHT OBTAINED FROM CKT FILE : 1
DESTINATION NODE OBTAINED FROM CKT FILE : VO
CHECK HERE FOR DATA ENTERED IN CKT MAP 128
UPDATING BRANCHES FOR NODES 128 & 100
STRING OBTAINED IS 1

STRING OBTAINED IS 1
7	1	VO
2_OP-_7
SOURCE NODE OBTAINED FROM CKT FILE : 2
EDGE WEIGHT OBTAINED FROM CKT FILE : OP-
DESTINATION NODE OBTAINED FROM CKT FILE : 7
DESTINATION NODE CONSIDERED FOR OPERATIONS 7
CHECK HERE FOR DATA ENTERED IN CKT MAP 4
FLAG OF SOURCE NODE = 1
FLAG OF DESTINATION NODE = 0
UPDATING BRANCHES FOR NODES 4 & 128
STRING OBTAINED IS OP-

STRING OBTAINED IS OP-
2	OP-	7
1_C1_2
SOURCE NODE OBTAINED FROM CKT FILE : 1
EDGE WEIGHT OBTAINED FROM CKT FILE : C1
DESTINATION NODE OBTAINED FROM CKT FILE : 2
DESTINATION NODE CONSIDERED FOR OPERATIONS 2
FLAG OF SOURCE NODE = 0
FLAG OF DESTINATION NODE = 1
UPDATING BRANCHES FOR NODES 2 & 4
STRING OBTAINED IS C1

STRING OBTAINED IS C1
1	C1	2
3_C2_4
SOURCE NODE OBTAINED FROM CKT FILE : 3
EDGE WEIGHT OBTAINED FROM CKT FILE : C2
DESTINATION NODE OBTAINED FROM CKT FILE : 4
DESTINATION NODE CONSIDERED FOR OPERATIONS 4
CHECK HERE FOR DATA ENTERED IN CKT MAP 8
CHECK HERE FOR DATA ENTERED IN CKT MAP 16
FLAG OF SOURCE NODE = 1
FLAG OF DESTINATION NODE = 1
UPDATING BRANCHES FOR NODES 8 & 16
STRING OBTAINED IS C2

STRING OBTAINED IS C2
3	C2	4
6_C3_5
SOURCE NODE OBTAINED FROM CKT FILE : 6
EDGE WEIGHT OBTAINED FROM CKT FILE : C3
DESTINATION NODE OBTAINED FROM CKT FILE : 5
DESTINATION NODE CONSIDERED FOR OPERATIONS 5
CHECK HERE FOR DATA ENTERED IN CKT MAP 64
CHECK HERE FOR DATA ENTERED IN CKT MAP 32
FLAG OF SOURCE NODE = 1
FLAG OF DESTINATION NODE = 1
UPDATING BRANCHES FOR NODES 64 & 32
STRING OBTAINED IS C3

STRING OBTAINED IS C3
6	C3	5
7_C0_2
SOURCE NODE OBTAINED FROM CKT FILE : 7
EDGE WEIGHT OBTAINED FROM CKT FILE : C0
DESTINATION NODE OBTAINED FROM CKT FILE : 2
DESTINATION NODE CONSIDERED FOR OPERATIONS 2
FLAG OF SOURCE NODE = 0
FLAG OF DESTINATION NODE = 1
UPDATING BRANCHES FOR NODES 128 & 4
STRING OBTAINED IS C0

STRING OBTAINED IS C0
7	C0	2
1_S1_3
SOURCE NODE OBTAINED FROM CKT FILE : 1
EDGE WEIGHT OBTAINED FROM CKT FILE : S1
DESTINATION NODE OBTAINED FROM CKT FILE : 3
ID 1 =2.000000_S1 CORRESPONDING TO NODE ID 2.000000 & SND 1 = 2.000000
ID 2 =8.000000_S1 CORRESPONDING TO NODE ID 8.000000 & SND 2 = 8.000000
NEW NODE 1 =2.000000_S1 & NEW NODE 2 = 8.000000_S1
MODIFIED NODE ID OF 2.000000 UPDATED TO 10.000000_S1
MODIFIED NODE ID OF 8.000000 UPDATED TO 10.000000_S12.000000<=>10.000000_S1	128.000000<=>128.000000_S1	4.000000<=>4.000000_S1	8.000000<=>10.000000_S1	16.000000<=>16.000000_S1	64.000000<=>64.000000_S1	32.000000<=>32.000000_S1	
 st USED FOR SEARCHING IS  8.000000_S1
 su USED FOR SEARCHING IS  2.000000_S1
2.000000_S1	8.000000_S1
FT=  1 FU= 0 at Phase S1
8.000000_S1
8.000000_S1
4_S1_2
SOURCE NODE OBTAINED FROM CKT FILE : 4
EDGE WEIGHT OBTAINED FROM CKT FILE : S1
DESTINATION NODE OBTAINED FROM CKT FILE : 2
ID 1 =16.000000_S1 CORRESPONDING TO NODE ID 16.000000 & SND 1 = 16.000000
ID 2 =4.000000_S1 CORRESPONDING TO NODE ID 4.000000 & SND 2 = 4.000000
NEW NODE 1 =16.000000_S1 & NEW NODE 2 = 4.000000_S1
MODIFIED NODE ID OF 4.000000 UPDATED TO 20.000000_S1
MODIFIED NODE ID OF 16.000000 UPDATED TO 20.000000_S12.000000<=>10.000000_S1	128.000000<=>128.000000_S1	4.000000<=>20.000000_S1	8.000000<=>10.000000_S1	16.000000<=>20.000000_S1	64.000000<=>64.000000_S1	32.000000<=>32.000000_S1	
 st USED FOR SEARCHING IS  4.000000_S1
 su USED FOR SEARCHING IS  16.000000_S1
16.000000_S1	4.000000_S1
FT=  1 FU= 1 at Phase S1
4.000000_S1
4.000000_S1
5_S1_2
SOURCE NODE OBTAINED FROM CKT FILE : 5
EDGE WEIGHT OBTAINED FROM CKT FILE : S1
DESTINATION NODE OBTAINED FROM CKT FILE : 2
ID 1 =32.000000_S1 CORRESPONDING TO NODE ID 32.000000 & SND 1 = 32.000000
ID 2 =20.000000_S1 CORRESPONDING TO NODE ID 4.000000 & SND 2 = 4.000000
NEW NODE 1 =32.000000_S1 & NEW NODE 2 = 20.000000_S1
MODIFIED NODE ID OF 4.000000 UPDATED TO 52.000000_S1
MODIFIED NODE ID OF 32.000000 UPDATED TO 52.000000_S12.000000<=>10.000000_S1	128.000000<=>128.000000_S1	4.000000<=>52.000000_S1	8.000000<=>10.000000_S1	16.000000<=>52.000000_S1	64.000000<=>64.000000_S1	32.000000<=>52.000000_S1	
 st USED FOR SEARCHING IS  20.000000_S1
 su USED FOR SEARCHING IS  32.000000_S1
32.000000_S1	20.000000_S1
FT=  1 FU= 1 at Phase S1
20.000000_S1
20.000000_S1
7_S1_6
SOURCE NODE OBTAINED FROM CKT FILE : 7
EDGE WEIGHT OBTAINED FROM CKT FILE : S1
DESTINATION NODE OBTAINED FROM CKT FILE : 6
ID 1 =128.000000_S1 CORRESPONDING TO NODE ID 128.000000 & SND 1 = 128.000000
ID 2 =64.000000_S1 CORRESPONDING TO NODE ID 64.000000 & SND 2 = 64.000000
NEW NODE 1 =128.000000_S1 & NEW NODE 2 = 64.000000_S1
MODIFIED NODE ID OF 128.000000 UPDATED TO 192.000000_S1
MODIFIED NODE ID OF 64.000000 UPDATED TO 192.000000_S12.000000<=>10.000000_S1	128.000000<=>192.000000_S1	4.000000<=>52.000000_S1	8.000000<=>10.000000_S1	16.000000<=>52.000000_S1	64.000000<=>192.000000_S1	32.000000<=>52.000000_S1	
 st USED FOR SEARCHING IS  64.000000_S1
 su USED FOR SEARCHING IS  128.000000_S1
128.000000_S1	64.000000_S1
FT=  1 FU= 0 at Phase S1
64.000000_S1
64.000000_S1
6_S2_0
SOURCE NODE OBTAINED FROM CKT FILE : 6
EDGE WEIGHT OBTAINED FROM CKT FILE : S2
DESTINATION NODE OBTAINED FROM CKT FILE : 0
3_S2_0
SOURCE NODE OBTAINED FROM CKT FILE : 3
EDGE WEIGHT OBTAINED FROM CKT FILE : S2
DESTINATION NODE OBTAINED FROM CKT FILE : 0
5_S2_0
SOURCE NODE OBTAINED FROM CKT FILE : 5
EDGE WEIGHT OBTAINED FROM CKT FILE : S2
DESTINATION NODE OBTAINED FROM CKT FILE : 0
4_S2_0
SOURCE NODE OBTAINED FROM CKT FILE : 4
EDGE WEIGHT OBTAINED FROM CKT FILE : S2
DESTINATION NODE OBTAINED FROM CKT FILE : 0
)))))))))))))))))))S2
 n=7
VI_1_1
SOURCE NODE OBTAINED FROM CKT FILE : VI
EDGE WEIGHT OBTAINED FROM CKT FILE : 1
DESTINATION NODE OBTAINED FROM CKT FILE : 1
CHECK HERE FOR DATA ENTERED IN CKT MAP 2
UPDATING BRANCHES FOR NODES -100 & 2
STRING OBTAINED IS 1

STRING OBTAINED IS 1
VI	1	1
7_1_VO
SOURCE NODE OBTAINED FROM CKT FILE : 7
EDGE WEIGHT OBTAINED FROM CKT FILE : 1
DESTINATION NODE OBTAINED FROM CKT FILE : VO
CHECK HERE FOR DATA ENTERED IN CKT MAP 128
UPDATING BRANCHES FOR NODES 128 & 100
STRING OBTAINED IS 1

STRING OBTAINED IS 1
7	1	VO
2_OP-_7
SOURCE NODE OBTAINED FROM CKT FILE : 2
EDGE WEIGHT OBTAINED FROM CKT FILE : OP-
DESTINATION NODE OBTAINED FROM CKT FILE : 7
DESTINATION NODE CONSIDERED FOR OPERATIONS 7
CHECK HERE FOR DATA ENTERED IN CKT MAP 4
FLAG OF SOURCE NODE = 1
FLAG OF DESTINATION NODE = 0
UPDATING BRANCHES FOR NODES 4 & 128
STRING OBTAINED IS OP-

STRING OBTAINED IS OP-
2	OP-	7
1_C1_2
SOURCE NODE OBTAINED FROM CKT FILE : 1
EDGE WEIGHT OBTAINED FROM CKT FILE : C1
DESTINATION NODE OBTAINED FROM CKT FILE : 2
DESTINATION NODE CONSIDERED FOR OPERATIONS 2
FLAG OF SOURCE NODE = 0
FLAG OF DESTINATION NODE = 1
UPDATING BRANCHES FOR NODES 2 & 4
STRING OBTAINED IS C1

STRING OBTAINED IS C1
1	C1	2
3_C2_4
SOURCE NODE OBTAINED FROM CKT FILE : 3
EDGE WEIGHT OBTAINED FROM CKT FILE : C2
DESTINATION NODE OBTAINED FROM CKT FILE : 4
DESTINATION NODE CONSIDERED FOR OPERATIONS 4
CHECK HERE FOR DATA ENTERED IN CKT MAP 8
CHECK HERE FOR DATA ENTERED IN CKT MAP 16
FLAG OF SOURCE NODE = 1
FLAG OF DESTINATION NODE = 1
UPDATING BRANCHES FOR NODES 8 & 16
STRING OBTAINED IS C2

STRING OBTAINED IS C2
3	C2	4
6_C3_5
SOURCE NODE OBTAINED FROM CKT FILE : 6
EDGE WEIGHT OBTAINED FROM CKT FILE : C3
DESTINATION NODE OBTAINED FROM CKT FILE : 5
DESTINATION NODE CONSIDERED FOR OPERATIONS 5
CHECK HERE FOR DATA ENTERED IN CKT MAP 64
CHECK HERE FOR DATA ENTERED IN CKT MAP 32
FLAG OF SOURCE NODE = 1
FLAG OF DESTINATION NODE = 1
UPDATING BRANCHES FOR NODES 64 & 32
STRING OBTAINED IS C3

STRING OBTAINED IS C3
6	C3	5
7_C0_2
SOURCE NODE OBTAINED FROM CKT FILE : 7
EDGE WEIGHT OBTAINED FROM CKT FILE : C0
DESTINATION NODE OBTAINED FROM CKT FILE : 2
DESTINATION NODE CONSIDERED FOR OPERATIONS 2
FLAG OF SOURCE NODE = 0
FLAG OF DESTINATION NODE = 1
UPDATING BRANCHES FOR NODES 128 & 4
STRING OBTAINED IS C0

STRING OBTAINED IS C0
7	C0	2
1_S1_3
SOURCE NODE OBTAINED FROM CKT FILE : 1
EDGE WEIGHT OBTAINED FROM CKT FILE : S1
DESTINATION NODE OBTAINED FROM CKT FILE : 3
4_S1_2
SOURCE NODE OBTAINED FROM CKT FILE : 4
EDGE WEIGHT OBTAINED FROM CKT FILE : S1
DESTINATION NODE OBTAINED FROM CKT FILE : 2
5_S1_2
SOURCE NODE OBTAINED FROM CKT FILE : 5
EDGE WEIGHT OBTAINED FROM CKT FILE : S1
DESTINATION NODE OBTAINED FROM CKT FILE : 2
7_S1_6
SOURCE NODE OBTAINED FROM CKT FILE : 7
EDGE WEIGHT OBTAINED FROM CKT FILE : S1
DESTINATION NODE OBTAINED FROM CKT FILE : 6
6_S2_0
SOURCE NODE OBTAINED FROM CKT FILE : 6
EDGE WEIGHT OBTAINED FROM CKT FILE : S2
DESTINATION NODE OBTAINED FROM CKT FILE : 0
CHECK HERE ????????????????????
SOURCE =64.000000_S2&& destination  = 1
CREATING
CREATING
3_S2_0
SOURCE NODE OBTAINED FROM CKT FILE : 3
EDGE WEIGHT OBTAINED FROM CKT FILE : S2
DESTINATION NODE OBTAINED FROM CKT FILE : 0
CHECK HERE ????????????????????
SOURCE =8.000000_S2&& destination  = 1
CREATING
CREATING
5_S2_0
SOURCE NODE OBTAINED FROM CKT FILE : 5
EDGE WEIGHT OBTAINED FROM CKT FILE : S2
DESTINATION NODE OBTAINED FROM CKT FILE : 0
CHECK HERE ????????????????????
SOURCE =32.000000_S2&& destination  = 1
CREATING
CREATING
4_S2_0
SOURCE NODE OBTAINED FROM CKT FILE : 4
EDGE WEIGHT OBTAINED FROM CKT FILE : S2
DESTINATION NODE OBTAINED FROM CKT FILE : 0
CHECK HERE ????????????????????
SOURCE =16.000000_S2&& destination  = 1
CREATING
CREATING
)))))))))))))))))))S0
VI_1_1
SOURCE NODE VI
EDGE WEIGHT 1
DESTINATION NODE 1
7_1_VO
2.000000	10.000000_S1
128.000000	192.000000_S1
4.000000	52.000000_S1
8.000000	10.000000_S1
16.000000	52.000000_S1
64.000000	192.000000_S1
32.000000	52.000000_S1
MOD _S=192.000000_S1
FLAG OF SOURCE IS  0








 NODE : 192.000000_S1






2_OP-_7
LINE TAKEN FOR CONSIDERATION 2_OP-_7
BEFORE TAKING OUT NUMBER 52.000000_S1
TS ==  52
NUMBER52
FLAG S =1 , FLAG D =0


JJJJJJJJJJJJJJJJ




52	C3	C2	C1	C0
PHASE = S1
CALLED DP ELASTANCE
C3
C2
C1
C0
1_C1_2
LINE TAKEN FOR CONSIDERATION 1_C1_2
BEFORE TAKING OUT NUMBER 10.000000_S1
TS ==  10
NUMBER10
FLAG S =0 , FLAG D =1
4


JJJJJJJJJJJJJJJJ




52	C3	C2	C1	C0
PHASE = S1
CALLED DP ELASTANCE
C3
C2
C1
C0
CHECK HEREEEEEEE-52.000000_S1&& (1/(+C3+C2+C1+C0))
3_C2_4
LINE TAKEN FOR CONSIDERATION 3_C2_4
BEFORE TAKING OUT NUMBER 10.000000_S1
TS ==  10
NUMBER10
FLAG S =0 , FLAG D =1
16


JJJJJJJJJJJJJJJJ




52	C3	C2	C1	C0
PHASE = S1
CALLED DP ELASTANCE
C3
C2
C1
C0
CHECK HEREEEEEEE-52.000000_S1&& (1/(+C3+C2+C1+C0))
6_C3_5
LINE TAKEN FOR CONSIDERATION 6_C3_5
BEFORE TAKING OUT NUMBER 192.000000_S1
TS ==  192
NUMBER192
FLAG S =0 , FLAG D =1
32


JJJJJJJJJJJJJJJJ




52	C3	C2	C1	C0
PHASE = S1
CALLED DP ELASTANCE
C3
C2
C1
C0
CHECK HEREEEEEEE-52.000000_S1&& (1/(+C3+C2+C1+C0))
7_C0_2
LINE TAKEN FOR CONSIDERATION 7_C0_2
BEFORE TAKING OUT NUMBER 192.000000_S1
TS ==  192
NUMBER192
FLAG S =0 , FLAG D =1
4


JJJJJJJJJJJJJJJJ




52	C3	C2	C1	C0
PHASE = S1
CALLED DP ELASTANCE
C3
C2
C1
C0
CHECK HEREEEEEEE-52.000000_S1&& (1/(+C3+C2+C1+C0))
1_S1_3
4_S1_2
5_S1_2
7_S1_6
6_S2_0
3_S2_0
5_S2_0
4_S2_0
)))))))))))))))))))S1
VI_1_1
SOURCE NODE VI
EDGE WEIGHT 1
DESTINATION NODE 1
7_1_VO
2.000000	2.000000_S2
128.000000	128.000000_S2
4.000000	4.000000_S2
MOD _S=128.000000_S2
FLAG OF SOURCE IS  0








 NODE : 128.000000_S2






2_OP-_7
LINE TAKEN FOR CONSIDERATION 2_OP-_7
BEFORE TAKING OUT NUMBER 4.000000_S2
TS ==  4
NUMBER4
FLAG S =1 , FLAG D =0


JJJJJJJJJJJJJJJJ




4	C1	C0
PHASE = S2
CALLED DP ELASTANCE
C1
C0
1_C1_2
LINE TAKEN FOR CONSIDERATION 1_C1_2
BEFORE TAKING OUT NUMBER 2.000000_S2
TS ==  2
NUMBER2
FLAG S =0 , FLAG D =1
4


JJJJJJJJJJJJJJJJ




4	C1	C0
PHASE = S2
CALLED DP ELASTANCE
C1
C0
CHECK HEREEEEEEE-4.000000_S2&& (1/(+C1+C0))
3_C2_4
LINE TAKEN FOR CONSIDERATION 3_C2_4
6_C3_5
LINE TAKEN FOR CONSIDERATION 6_C3_5
7_C0_2
LINE TAKEN FOR CONSIDERATION 7_C0_2
BEFORE TAKING OUT NUMBER 128.000000_S2
TS ==  128
NUMBER128
FLAG S =0 , FLAG D =1
4


JJJJJJJJJJJJJJJJ




4	C1	C0
PHASE = S2
CALLED DP ELASTANCE
C1
C0
CHECK HEREEEEEEE-4.000000_S2&& (1/(+C1+C0))
1_S1_3
4_S1_2
5_S1_2
7_S1_6
6_S2_0
3_S2_0
5_S2_0
4_S2_0
	10.000000_S1	192.000000_S1	52.000000_S1
	128.000000_S2	2.000000_S2	4.000000_S2


10.000000_S1 TAKEN FOR CONSIDERATION 
PHASE = 1
NEXT PHASE = 2
ID OF CURRENT NODE = 10
C1	C2	

Capacitor considered = C1
FOUND THE CAPACITOR IN THE OUTPUT BRANCH

Looking for capacitor C1 in NEXT phase 2 at node -100
Capacitor does not exits in the next phase 
Looking for capacitor C1 in NEXT phase 2 at node 2
C1
Capacitor C1 found in phase 2 connected to node 2 which is denoted by 2.000000_S2
PNEXT_NODE2.000000_S2
 size= 1 , -4.000000_S2 , C1
FOUND THE CAPACITOR IN THE OUTPUT BRANCH IN NEXT PHASE
FLAGD2 = 0
-4.000000_S2
UPDATED PNEXT_NODE -4.000000_S2
Branch drawn from 10.000000_S1 to -4.000000_S2 with edge weight = -z^-1C1

Capacitor considered = C2
FOUND THE CAPACITOR IN THE OUTPUT BRANCH

Looking for capacitor C2 in NEXT phase 2 at node -100
Capacitor does not exits in the next phase 
Looking for capacitor C2 in NEXT phase 2 at node 2
C1
Capacitor does not exits in the next phase 
Looking for capacitor C2 in NEXT phase 2 at node 4
C1
C0
Capacitor does not exits in the next phase 
Looking for capacitor C2 in NEXT phase 2 at node 100
Capacitor does not exits in the next phase 
Looking for capacitor C2 in NEXT phase 2 at node 128
C0
Capacitor does not exits in the next phase 


128.000000_S2 TAKEN FOR CONSIDERATION 
PHASE = 2
NEXT PHASE = 1
ID OF CURRENT NODE = 128
C0	

Capacitor considered = C0
FOUND THE CAPACITOR IN THE OUTPUT BRANCH

Looking for capacitor C0 in NEXT phase 1 at node -100
Capacitor does not exits in the next phase 
Looking for capacitor C0 in NEXT phase 1 at node 10
C1
C2
Capacitor does not exits in the next phase 
Looking for capacitor C0 in NEXT phase 1 at node 52
C3
C2
C1
C0
Capacitor C0 found in phase 1 connected to node 52 which is denoted by 52.000000_S1
PNEXT_NODE-52.000000_S1
FOUND THE CAPACITOR IN THE INPUT BRANCH IN NEXT PHASE
Branch drawn from 128.000000_S2 to -52.000000_S1 with edge weight = -z^-1C0


192.000000_S1 TAKEN FOR CONSIDERATION 
PHASE = 1
NEXT PHASE = 2
ID OF CURRENT NODE = 192
C0	C3	

Capacitor considered = C0
FOUND THE CAPACITOR IN THE OUTPUT BRANCH

Looking for capacitor C0 in NEXT phase 2 at node -100
Capacitor does not exits in the next phase 
Looking for capacitor C0 in NEXT phase 2 at node 2
C1
Capacitor does not exits in the next phase 
Looking for capacitor C0 in NEXT phase 2 at node 4
C1
C0
Capacitor C0 found in phase 2 connected to node 4 which is denoted by 4.000000_S2
PNEXT_NODE-4.000000_S2
FOUND THE CAPACITOR IN THE INPUT BRANCH IN NEXT PHASE
Branch drawn from 192.000000_S1 to -4.000000_S2 with edge weight = -z^-1C0

Capacitor considered = C3
FOUND THE CAPACITOR IN THE OUTPUT BRANCH

Looking for capacitor C3 in NEXT phase 2 at node -100
Capacitor does not exits in the next phase 
Looking for capacitor C3 in NEXT phase 2 at node 2
C1
Capacitor does not exits in the next phase 
Looking for capacitor C3 in NEXT phase 2 at node 4
C1
C0
Capacitor does not exits in the next phase 
Looking for capacitor C3 in NEXT phase 2 at node 100
Capacitor does not exits in the next phase 
Looking for capacitor C3 in NEXT phase 2 at node 128
C0
Capacitor does not exits in the next phase 


2.000000_S2 TAKEN FOR CONSIDERATION 
PHASE = 2
NEXT PHASE = 1
ID OF CURRENT NODE = 2
C1	

Capacitor considered = C1
FOUND THE CAPACITOR IN THE OUTPUT BRANCH

Looking for capacitor C1 in NEXT phase 1 at node -100
Capacitor does not exits in the next phase 
Looking for capacitor C1 in NEXT phase 1 at node 10
C1
Capacitor C1 found in phase 1 connected to node 10 which is denoted by 10.000000_S1
PNEXT_NODE10.000000_S1
 size= 3 , -52.000000_S1 , C1
FOUND THE CAPACITOR IN THE OUTPUT BRANCH IN NEXT PHASE
FLAGD2 = 0
-52.000000_S1
UPDATED PNEXT_NODE -52.000000_S1
Branch drawn from 2.000000_S2 to -52.000000_S1 with edge weight = -z^-1C1


4.000000_S2 TAKEN FOR CONSIDERATION 
PHASE = 2
NEXT PHASE = 1
ID OF CURRENT NODE = 4
C1	C0	

Capacitor considered = C1
FOUND THE CAPACITOR IN THE INPUT BRANCH

Looking for capacitor C1 in NEXT phase 1 at node -100
Capacitor does not exits in the next phase 
Looking for capacitor C1 in NEXT phase 1 at node 10
C1
Capacitor C1 found in phase 1 connected to node 10 which is denoted by 10.000000_S1
PNEXT_NODE10.000000_S1
 size= 3 , -52.000000_S1 , C1
FOUND THE CAPACITOR IN THE OUTPUT BRANCH IN NEXT PHASE
FLAGD2 = 0
-52.000000_S1
UPDATED PNEXT_NODE -52.000000_S1
Branch drawn from 4.000000_S2 to -52.000000_S1 with edge weight = z^-1C1

Capacitor considered = C0
FOUND THE CAPACITOR IN THE INPUT BRANCH

Looking for capacitor C0 in NEXT phase 1 at node -100
Capacitor does not exits in the next phase 
Looking for capacitor C0 in NEXT phase 1 at node 10
C1
C2
Capacitor does not exits in the next phase 
Looking for capacitor C0 in NEXT phase 1 at node 52
C3
C2
C1
C0
Capacitor C0 found in phase 1 connected to node 52 which is denoted by 52.000000_S1
PNEXT_NODE-52.000000_S1
FOUND THE CAPACITOR IN THE INPUT BRANCH IN NEXT PHASE
Branch drawn from 4.000000_S2 to -52.000000_S1 with edge weight = z^-1C0


52.000000_S1 TAKEN FOR CONSIDERATION 
PHASE = 1
NEXT PHASE = 2
ID OF CURRENT NODE = 52
C3	C2	C1	C0	

Capacitor considered = C3
FOUND THE CAPACITOR IN THE INPUT BRANCH

Looking for capacitor C3 in NEXT phase 2 at node -100
Capacitor does not exits in the next phase 
Looking for capacitor C3 in NEXT phase 2 at node 2
C1
Capacitor does not exits in the next phase 
Looking for capacitor C3 in NEXT phase 2 at node 4
C1
C0
Capacitor does not exits in the next phase 
Looking for capacitor C3 in NEXT phase 2 at node 100
Capacitor does not exits in the next phase 
Looking for capacitor C3 in NEXT phase 2 at node 128
C0
Capacitor does not exits in the next phase 

Capacitor considered = C2
FOUND THE CAPACITOR IN THE INPUT BRANCH

Looking for capacitor C2 in NEXT phase 2 at node -100
Capacitor does not exits in the next phase 
Looking for capacitor C2 in NEXT phase 2 at node 2
C1
Capacitor does not exits in the next phase 
Looking for capacitor C2 in NEXT phase 2 at node 4
C1
C0
Capacitor does not exits in the next phase 
Looking for capacitor C2 in NEXT phase 2 at node 100
Capacitor does not exits in the next phase 
Looking for capacitor C2 in NEXT phase 2 at node 128
C0
Capacitor does not exits in the next phase 

Capacitor considered = C1
FOUND THE CAPACITOR IN THE INPUT BRANCH

Looking for capacitor C1 in NEXT phase 2 at node -100
Capacitor does not exits in the next phase 
Looking for capacitor C1 in NEXT phase 2 at node 2
C1
Capacitor C1 found in phase 2 connected to node 2 which is denoted by 2.000000_S2
PNEXT_NODE2.000000_S2
 size= 2 , -4.000000_S2 , C1
FOUND THE CAPACITOR IN THE OUTPUT BRANCH IN NEXT PHASE
FLAGD2 = 0
-4.000000_S2
UPDATED PNEXT_NODE -4.000000_S2
Branch drawn from 52.000000_S1 to -4.000000_S2 with edge weight = z^-1C1

Capacitor considered = C0
FOUND THE CAPACITOR IN THE INPUT BRANCH

Looking for capacitor C0 in NEXT phase 2 at node -100
Capacitor does not exits in the next phase 
Looking for capacitor C0 in NEXT phase 2 at node 2
C1
Capacitor does not exits in the next phase 
Looking for capacitor C0 in NEXT phase 2 at node 4
C1
C0
Capacitor C0 found in phase 2 connected to node 4 which is denoted by 4.000000_S2
PNEXT_NODE-4.000000_S2
FOUND THE CAPACITOR IN THE INPUT BRANCH IN NEXT PHASE
Branch drawn from 52.000000_S1 to -4.000000_S2 with edge weight = z^-1C0
FINAL SIGNAL FLOW GRAPH
*****************************************************
NODE ID: -100	FLAG = 0

NO INPUTS

OUTPUTS
10.000000_S1	1
2.000000_S2	1
*****************************************************
NODE ID: -4.000000_S2	FLAG = 0

INPUTS
2.000000_S2	C1
128.000000_S2	C0
10.000000_S1	-z^-1C1
192.000000_S1	-z^-1C0
52.000000_S1	z^-1C1
52.000000_S1	z^-1C0

OUTPUTS
4.000000_S2	(1/(+C1+C0))
*****************************************************
NODE ID: -52.000000_S1	FLAG = 0

INPUTS
10.000000_S1	C1
10.000000_S1	C2
192.000000_S1	C3
192.000000_S1	C0
128.000000_S2	-z^-1C0
2.000000_S2	-z^-1C1
4.000000_S2	z^-1C1
4.000000_S2	z^-1C0

OUTPUTS
52.000000_S1	(1/(+C3+C2+C1+C0))
*****************************************************
NODE ID: 1	FLAG = 0

NO INPUTS

NO OUTPUTS
*****************************************************
NODE ID: 10.000000_S1	FLAG = 0

INPUTS
-100	1

OUTPUTS
-52.000000_S1	C1
-52.000000_S1	C2
-4.000000_S2	-z^-1C1
*****************************************************
NODE ID: 100	FLAG = 0

INPUTS
128.000000_S2	1
192.000000_S1	1

NO OUTPUTS
*****************************************************
NODE ID: 128.000000_S2	FLAG = 0

INPUTS
4.000000_S2	OP-

OUTPUTS
100	1
-4.000000_S2	C0
-52.000000_S1	-z^-1C0
*****************************************************
NODE ID: 192.000000_S1	FLAG = 0

INPUTS
52.000000_S1	OP-

OUTPUTS
100	1
-52.000000_S1	C3
-52.000000_S1	C0
-4.000000_S2	-z^-1C0
*****************************************************
NODE ID: 2.000000_S2	FLAG = 0

INPUTS
-100	1

OUTPUTS
-4.000000_S2	C1
-52.000000_S1	-z^-1C1
*****************************************************
NODE ID: 4.000000_S2	FLAG = 1

INPUTS
-4.000000_S2	(1/(+C1+C0))

OUTPUTS
128.000000_S2	OP-
-52.000000_S1	z^-1C1
-52.000000_S1	z^-1C0
*****************************************************
NODE ID: 52.000000_S1	FLAG = 1

INPUTS
-52.000000_S1	(1/(+C3+C2+C1+C0))

OUTPUTS
192.000000_S1	OP-
-4.000000_S2	z^-1C1
-4.000000_S2	z^-1C0
FIND PATHS FUNCTION WORKING-100	10.000000_S1	-52.000000_S1	52.000000_S1	192.000000_S1	100	-100	10.000000_S1	-52.000000_S1	52.000000_S1	192.000000_S1	-4.000000_S2	4.000000_S2	128.000000_S2	100	-100	10.000000_S1	-52.000000_S1	52.000000_S1	-4.000000_S2	4.000000_S2	128.000000_S2	100	-100	10.000000_S1	-52.000000_S1	52.000000_S1	-4.000000_S2	4.000000_S2	128.000000_S2	100	-100	10.000000_S1	-52.000000_S1	52.000000_S1	192.000000_S1	100	-100	10.000000_S1	-52.000000_S1	52.000000_S1	192.000000_S1	-4.000000_S2	4.000000_S2	128.000000_S2	100	-100	10.000000_S1	-52.000000_S1	52.000000_S1	-4.000000_S2	4.000000_S2	128.000000_S2	100	-100	10.000000_S1	-52.000000_S1	52.000000_S1	-4.000000_S2	4.000000_S2	128.000000_S2	100	-100	10.000000_S1	-4.000000_S2	4.000000_S2	128.000000_S2	100	-100	10.000000_S1	-4.000000_S2	4.000000_S2	128.000000_S2	-52.000000_S1	52.000000_S1	192.000000_S1	100	-100	10.000000_S1	-4.000000_S2	4.000000_S2	-52.000000_S1	52.000000_S1	192.000000_S1	100	-100	10.000000_S1	-4.000000_S2	4.000000_S2	-52.000000_S1	52.000000_S1	192.000000_S1	100	-100	2.000000_S2	-4.000000_S2	4.000000_S2	128.000000_S2	100	-100	2.000000_S2	-4.000000_S2	4.000000_S2	128.000000_S2	-52.000000_S1	52.000000_S1	192.000000_S1	100	-100	2.000000_S2	-4.000000_S2	4.000000_S2	-52.000000_S1	52.000000_S1	192.000000_S1	100	-100	2.000000_S2	-4.000000_S2	4.000000_S2	-52.000000_S1	52.000000_S1	192.000000_S1	100	-100	2.000000_S2	-52.000000_S1	52.000000_S1	192.000000_S1	100	-100	2.000000_S2	-52.000000_S1	52.000000_S1	192.000000_S1	-4.000000_S2	4.000000_S2	128.000000_S2	100	-100	2.000000_S2	-52.000000_S1	52.000000_S1	-4.000000_S2	4.000000_S2	128.000000_S2	100	-100	2.000000_S2	-52.000000_S1	52.000000_S1	-4.000000_S2	4.000000_S2	128.000000_S2	100	
FIND CYCLES WORKING
PROCESS DFSTREE CALLED
PROCESS DFSTREE CALLED
PROCESS DFSTREE CALLED
PROCESS DFSTREE CALLED
PROCESS DFSTREE CALLED
PROCESS DFSTREE CALLED
PROCESS DFSTREE CALLED
PROCESS DFSTREE CALLED
PROCESS DFSTREE CALLED
PROCESS DFSTREE CALLED
PROCESS DFSTREE CALLED
PROCESS DFSTREE CALLED
PROCESS DFSTREE CALLED
PROCESS DFSTREE CALLED
PROCESS DFSTREE CALLED
PROCESS DFSTREE CALLED
PROCESS DFSTREE CALLED
PROCESS DFSTREE CALLED
PROCESS DFSTREE CALLED
PROCESS DFSTREE CALLED
PROCESS DFSTREE CALLED
PROCESS DFSTREE CALLED
PROCESS DFSTREE CALLED
PROCESS DFSTREE CALLED
PROCESS DFSTREE CALLED
PROCESS DFSTREE CALLED
PROCESS DFSTREE CALLED
PROCESS DFSTREE CALLED
PROCESS DFSTREE CALLED
PROCESS DFSTREE CALLED
PROCESS DFSTREE CALLED
PROCESS DFSTREE CALLED
PROCESS DFSTREE CALLED
PROCESS DFSTREE CALLED
PROCESS DFSTREE CALLED
PROCESS DFSTREE CALLED
PROCESS DFSTREE CALLED
PROCESS DFSTREE CALLED
PROCESS DFSTREE CALLED
PROCESS DFSTREE CALLED
PROCESS DFSTREE CALLED
PROCESS DFSTREE CALLED
PROCESS DFSTREE CALLED
PROCESS DFSTREE CALLED
PROCESS DFSTREE CALLED
PROCESS DFSTREE CALLED
PROCESS DFSTREE CALLED
PROCESS DFSTREE CALLED
PROCESS DFSTREE CALLED
PROCESS DFSTREE CALLED
PROCESS DFSTREE CALLED
PROCESS DFSTREE CALLED
PROCESS DFSTREE CALLED
PROCESS DFSTREE CALLED
PROCESS DFSTREE CALLED
PROCESS DFSTREE CALLED
PROCESS DFSTREE CALLED
PROCESS DFSTREE CALLED
PROCESS DFSTREE CALLED
PROCESS DFSTREE CALLED
PROCESS DFSTREE CALLED
PROCESS DFSTREE CALLED
PROCESS DFSTREE CALLED
DISPLAYING FORWARD PATH NO. : 1
-100	10.000000_S1	-52.000000_S1	52.000000_S1	192.000000_S1	
GAIN OF THIS FORWARD PATH IS = (C1.(1/(+C3+C2+C1+C0)).OP-.)
DISPLAYING FORWARD PATH NO. : 2
-100	10.000000_S1	-52.000000_S1	52.000000_S1	192.000000_S1	-4.000000_S2	4.000000_S2	128.000000_S2	
GAIN OF THIS FORWARD PATH IS = (C2.(1/(+C3+C2+C1+C0)).OP-.-z^-1C0.(1/(+C1+C0)).OP-.)
DISPLAYING FORWARD PATH NO. : 3
-100	10.000000_S1	-52.000000_S1	52.000000_S1	-4.000000_S2	4.000000_S2	128.000000_S2	
GAIN OF THIS FORWARD PATH IS = ((1/(+C3+C2+C1+C0)).z^-1C1.(1/(+C1+C0)).OP-.)
DISPLAYING FORWARD PATH NO. : 4
-100	10.000000_S1	-52.000000_S1	52.000000_S1	-4.000000_S2	4.000000_S2	128.000000_S2	
GAIN OF THIS FORWARD PATH IS = ((1/(+C3+C2+C1+C0)).z^-1C0.(1/(+C1+C0)).OP-.)
DISPLAYING FORWARD PATH NO. : 5
-100	10.000000_S1	-52.000000_S1	52.000000_S1	192.000000_S1	
GAIN OF THIS FORWARD PATH IS = ((1/(+C3+C2+C1+C0)).OP-.)
DISPLAYING FORWARD PATH NO. : 6
-100	10.000000_S1	-52.000000_S1	52.000000_S1	192.000000_S1	-4.000000_S2	4.000000_S2	128.000000_S2	
GAIN OF THIS FORWARD PATH IS = ((1/(+C3+C2+C1+C0)).OP-.-z^-1C0.(1/(+C1+C0)).OP-.)
DISPLAYING FORWARD PATH NO. : 7
-100	10.000000_S1	-52.000000_S1	52.000000_S1	-4.000000_S2	4.000000_S2	128.000000_S2	
GAIN OF THIS FORWARD PATH IS = ((1/(+C3+C2+C1+C0)).(1/(+C1+C0)).OP-.)
DISPLAYING FORWARD PATH NO. : 8
-100	10.000000_S1	-52.000000_S1	52.000000_S1	-4.000000_S2	4.000000_S2	128.000000_S2	
GAIN OF THIS FORWARD PATH IS = ((1/(+C3+C2+C1+C0)).(1/(+C1+C0)).OP-.)
DISPLAYING FORWARD PATH NO. : 9
-100	10.000000_S1	-4.000000_S2	4.000000_S2	128.000000_S2	
GAIN OF THIS FORWARD PATH IS = (-z^-1C1.(1/(+C1+C0)).OP-.)
DISPLAYING FORWARD PATH NO. : 10
-100	10.000000_S1	-4.000000_S2	4.000000_S2	128.000000_S2	-52.000000_S1	52.000000_S1	192.000000_S1	
GAIN OF THIS FORWARD PATH IS = (-z^-1C1.(1/(+C1+C0)).OP-.-z^-1C0.(1/(+C3+C2+C1+C0)).OP-.)
DISPLAYING FORWARD PATH NO. : 11
-100	10.000000_S1	-4.000000_S2	4.000000_S2	-52.000000_S1	52.000000_S1	192.000000_S1	
GAIN OF THIS FORWARD PATH IS = (-z^-1C1.(1/(+C1+C0)).z^-1C1.(1/(+C3+C2+C1+C0)).OP-.)
DISPLAYING FORWARD PATH NO. : 12
-100	10.000000_S1	-4.000000_S2	4.000000_S2	-52.000000_S1	52.000000_S1	192.000000_S1	
GAIN OF THIS FORWARD PATH IS = (-z^-1C1.(1/(+C1+C0)).z^-1C0.(1/(+C3+C2+C1+C0)).OP-.)
DISPLAYING FORWARD PATH NO. : 13
-100	2.000000_S2	-4.000000_S2	4.000000_S2	128.000000_S2	
GAIN OF THIS FORWARD PATH IS = (C1.(1/(+C1+C0)).OP-.)
DISPLAYING FORWARD PATH NO. : 14
-100	2.000000_S2	-4.000000_S2	4.000000_S2	128.000000_S2	-52.000000_S1	52.000000_S1	192.000000_S1	
GAIN OF THIS FORWARD PATH IS = (C1.(1/(+C1+C0)).OP-.-z^-1C0.(1/(+C3+C2+C1+C0)).OP-.)
DISPLAYING FORWARD PATH NO. : 15
-100	2.000000_S2	-4.000000_S2	4.000000_S2	-52.000000_S1	52.000000_S1	192.000000_S1	
GAIN OF THIS FORWARD PATH IS = (C1.(1/(+C1+C0)).(1/(+C3+C2+C1+C0)).OP-.)
DISPLAYING FORWARD PATH NO. : 16
-100	2.000000_S2	-4.000000_S2	4.000000_S2	-52.000000_S1	52.000000_S1	192.000000_S1	
GAIN OF THIS FORWARD PATH IS = (C1.(1/(+C1+C0)).(1/(+C3+C2+C1+C0)).OP-.)
DISPLAYING FORWARD PATH NO. : 17
-100	2.000000_S2	-52.000000_S1	52.000000_S1	192.000000_S1	
GAIN OF THIS FORWARD PATH IS = (-z^-1C1.(1/(+C3+C2+C1+C0)).OP-.)
DISPLAYING FORWARD PATH NO. : 18
-100	2.000000_S2	-52.000000_S1	52.000000_S1	192.000000_S1	-4.000000_S2	4.000000_S2	128.000000_S2	
GAIN OF THIS FORWARD PATH IS = (-z^-1C1.(1/(+C3+C2+C1+C0)).OP-.-z^-1C0.(1/(+C1+C0)).OP-.)
DISPLAYING FORWARD PATH NO. : 19
-100	2.000000_S2	-52.000000_S1	52.000000_S1	-4.000000_S2	4.000000_S2	128.000000_S2	
GAIN OF THIS FORWARD PATH IS = (-z^-1C1.(1/(+C3+C2+C1+C0)).(1/(+C1+C0)).OP-.)
DISPLAYING FORWARD PATH NO. : 20
-100	2.000000_S2	-52.000000_S1	52.000000_S1	-4.000000_S2	4.000000_S2	128.000000_S2	
GAIN OF THIS FORWARD PATH IS = (-z^-1C1.(1/(+C3+C2+C1+C0)).(1/(+C1+C0)).OP-.)
DISPLAYING LOOPS BEFORE ANY OPERATION	-52.000000_S1	52.000000_S1	192.000000_S1
DISPLAYING LOOPS BEFORE ANY OPERATION	-52.000000_S1	52.000000_S1	192.000000_S1
DISPLAYING LOOPS BEFORE ANY OPERATION	-4.000000_S2	4.000000_S2	128.000000_S2
DISPLAYING LOOPS BEFORE ANY OPERATION	-52.000000_S1	52.000000_S1	192.000000_S1	-4.000000_S2	4.000000_S2	128.000000_S2
DISPLAYING LOOPS BEFORE ANY OPERATION	-52.000000_S1	52.000000_S1	192.000000_S1	-4.000000_S2	4.000000_S2
DISPLAYING LOOPS BEFORE ANY OPERATION	-52.000000_S1	52.000000_S1	192.000000_S1	-4.000000_S2	4.000000_S2
DISPLAYING LOOPS BEFORE ANY OPERATION	-4.000000_S2	4.000000_S2	128.000000_S2
DISPLAYING LOOPS BEFORE ANY OPERATION	-52.000000_S1	52.000000_S1	-4.000000_S2	4.000000_S2	128.000000_S2
DISPLAYING LOOPS BEFORE ANY OPERATION	-52.000000_S1	52.000000_S1	-4.000000_S2	4.000000_S2
DISPLAYING LOOPS BEFORE ANY OPERATION	-52.000000_S1	52.000000_S1	-4.000000_S2	4.000000_S2
DISPLAYING LOOPS BEFORE ANY OPERATION	-4.000000_S2	4.000000_S2	128.000000_S2
DISPLAYING LOOPS BEFORE ANY OPERATION	-52.000000_S1	52.000000_S1	-4.000000_S2	4.000000_S2	128.000000_S2
DISPLAYING LOOPS BEFORE ANY OPERATION	-52.000000_S1	52.000000_S1	-4.000000_S2	4.000000_S2
DISPLAYING LOOPS BEFORE ANY OPERATION	-52.000000_S1	52.000000_S1	-4.000000_S2	4.000000_S2
DISPLAYING LOOPS BEFORE ANY OPERATION	-52.000000_S1	52.000000_S1	192.000000_S1
DISPLAYING LOOPS BEFORE ANY OPERATION	-52.000000_S1	52.000000_S1	192.000000_S1
DISPLAYING LOOPS BEFORE ANY OPERATION	-4.000000_S2	4.000000_S2	128.000000_S2
DISPLAYING LOOPS BEFORE ANY OPERATION	-52.000000_S1	52.000000_S1	192.000000_S1	-4.000000_S2	4.000000_S2	128.000000_S2
DISPLAYING LOOPS BEFORE ANY OPERATION	-52.000000_S1	52.000000_S1	192.000000_S1	-4.000000_S2	4.000000_S2
DISPLAYING LOOPS BEFORE ANY OPERATION	-52.000000_S1	52.000000_S1	192.000000_S1	-4.000000_S2	4.000000_S2
DISPLAYING LOOPS BEFORE ANY OPERATION	-4.000000_S2	4.000000_S2	128.000000_S2
DISPLAYING LOOPS BEFORE ANY OPERATION	-52.000000_S1	52.000000_S1	-4.000000_S2	4.000000_S2	128.000000_S2
DISPLAYING LOOPS BEFORE ANY OPERATION	-52.000000_S1	52.000000_S1	-4.000000_S2	4.000000_S2
DISPLAYING LOOPS BEFORE ANY OPERATION	-52.000000_S1	52.000000_S1	-4.000000_S2	4.000000_S2
DISPLAYING LOOPS BEFORE ANY OPERATION	-4.000000_S2	4.000000_S2	128.000000_S2
DISPLAYING LOOPS BEFORE ANY OPERATION	-52.000000_S1	52.000000_S1	-4.000000_S2	4.000000_S2	128.000000_S2
DISPLAYING LOOPS BEFORE ANY OPERATION	-52.000000_S1	52.000000_S1	-4.000000_S2	4.000000_S2
DISPLAYING LOOPS BEFORE ANY OPERATION	-52.000000_S1	52.000000_S1	-4.000000_S2	4.000000_S2
DISPLAYING LOOPS BEFORE ANY OPERATION	-4.000000_S2	4.000000_S2	128.000000_S2
DISPLAYING LOOPS BEFORE ANY OPERATION	-52.000000_S1	52.000000_S1	192.000000_S1
DISPLAYING LOOPS BEFORE ANY OPERATION	-52.000000_S1	52.000000_S1	192.000000_S1
DISPLAYING LOOPS BEFORE ANY OPERATION	-4.000000_S2	4.000000_S2	128.000000_S2	-52.000000_S1	52.000000_S1	192.000000_S1
DISPLAYING LOOPS BEFORE ANY OPERATION	-4.000000_S2	4.000000_S2	128.000000_S2	-52.000000_S1	52.000000_S1
DISPLAYING LOOPS BEFORE ANY OPERATION	-4.000000_S2	4.000000_S2	128.000000_S2	-52.000000_S1	52.000000_S1
DISPLAYING LOOPS BEFORE ANY OPERATION	-52.000000_S1	52.000000_S1	192.000000_S1
DISPLAYING LOOPS BEFORE ANY OPERATION	-52.000000_S1	52.000000_S1	192.000000_S1
DISPLAYING LOOPS BEFORE ANY OPERATION	-4.000000_S2	4.000000_S2	-52.000000_S1	52.000000_S1	192.000000_S1
DISPLAYING LOOPS BEFORE ANY OPERATION	-4.000000_S2	4.000000_S2	-52.000000_S1	52.000000_S1
DISPLAYING LOOPS BEFORE ANY OPERATION	-4.000000_S2	4.000000_S2	-52.000000_S1	52.000000_S1
DISPLAYING LOOPS BEFORE ANY OPERATION	-52.000000_S1	52.000000_S1	192.000000_S1
DISPLAYING LOOPS BEFORE ANY OPERATION	-52.000000_S1	52.000000_S1	192.000000_S1
DISPLAYING LOOPS BEFORE ANY OPERATION	-4.000000_S2	4.000000_S2	-52.000000_S1	52.000000_S1	192.000000_S1
DISPLAYING LOOPS BEFORE ANY OPERATION	-4.000000_S2	4.000000_S2	-52.000000_S1	52.000000_S1
DISPLAYING LOOPS BEFORE ANY OPERATION	-4.000000_S2	4.000000_S2	-52.000000_S1	52.000000_S1
DISPLAYING LOOPS BEFORE ANY OPERATION	-4.000000_S2	4.000000_S2	128.000000_S2
DISPLAYING LOOPS BEFORE ANY OPERATION	-52.000000_S1	52.000000_S1	192.000000_S1
DISPLAYING LOOPS BEFORE ANY OPERATION	-52.000000_S1	52.000000_S1	192.000000_S1
DISPLAYING LOOPS BEFORE ANY OPERATION	-4.000000_S2	4.000000_S2	128.000000_S2	-52.000000_S1	52.000000_S1	192.000000_S1
DISPLAYING LOOPS BEFORE ANY OPERATION	-4.000000_S2	4.000000_S2	128.000000_S2	-52.000000_S1	52.000000_S1
DISPLAYING LOOPS BEFORE ANY OPERATION	-4.000000_S2	4.000000_S2	128.000000_S2	-52.000000_S1	52.000000_S1
DISPLAYING LOOPS BEFORE ANY OPERATION	-52.000000_S1	52.000000_S1	192.000000_S1
DISPLAYING LOOPS BEFORE ANY OPERATION	-52.000000_S1	52.000000_S1	192.000000_S1
DISPLAYING LOOPS BEFORE ANY OPERATION	-4.000000_S2	4.000000_S2	-52.000000_S1	52.000000_S1	192.000000_S1
DISPLAYING LOOPS BEFORE ANY OPERATION	-4.000000_S2	4.000000_S2	-52.000000_S1	52.000000_S1
DISPLAYING LOOPS BEFORE ANY OPERATION	-4.000000_S2	4.000000_S2	-52.000000_S1	52.000000_S1
DISPLAYING LOOPS BEFORE ANY OPERATION	-52.000000_S1	52.000000_S1	192.000000_S1
DISPLAYING LOOPS BEFORE ANY OPERATION	-52.000000_S1	52.000000_S1	192.000000_S1
DISPLAYING LOOPS BEFORE ANY OPERATION	-4.000000_S2	4.000000_S2	-52.000000_S1	52.000000_S1	192.000000_S1
DISPLAYING LOOPS BEFORE ANY OPERATION	-4.000000_S2	4.000000_S2	-52.000000_S1	52.000000_S1
DISPLAYING LOOPS BEFORE ANY OPERATION	-4.000000_S2	4.000000_S2	-52.000000_S1	52.000000_S1
DISPLAYING LOOPS BEFORE ANY OPERATION	-52.000000_S1	52.000000_S1	192.000000_S1
DISPLAYING LOOPS BEFORE ANY OPERATION	-52.000000_S1	52.000000_S1	192.000000_S1
DISPLAYING LOOPS BEFORE ANY OPERATION	-4.000000_S2	4.000000_S2	128.000000_S2
DISPLAYING LOOPS BEFORE ANY OPERATION	-52.000000_S1	52.000000_S1	192.000000_S1	-4.000000_S2	4.000000_S2	128.000000_S2
DISPLAYING LOOPS BEFORE ANY OPERATION	-52.000000_S1	52.000000_S1	192.000000_S1	-4.000000_S2	4.000000_S2
DISPLAYING LOOPS BEFORE ANY OPERATION	-52.000000_S1	52.000000_S1	192.000000_S1	-4.000000_S2	4.000000_S2
DISPLAYING LOOPS BEFORE ANY OPERATION	-4.000000_S2	4.000000_S2	128.000000_S2
DISPLAYING LOOPS BEFORE ANY OPERATION	-52.000000_S1	52.000000_S1	-4.000000_S2	4.000000_S2	128.000000_S2
DISPLAYING LOOPS BEFORE ANY OPERATION	-52.000000_S1	52.000000_S1	-4.000000_S2	4.000000_S2
DISPLAYING LOOPS BEFORE ANY OPERATION	-52.000000_S1	52.000000_S1	-4.000000_S2	4.000000_S2
DISPLAYING LOOPS BEFORE ANY OPERATION	-4.000000_S2	4.000000_S2	128.000000_S2
DISPLAYING LOOPS BEFORE ANY OPERATION	-52.000000_S1	52.000000_S1	-4.000000_S2	4.000000_S2	128.000000_S2
DISPLAYING LOOPS BEFORE ANY OPERATION	-52.000000_S1	52.000000_S1	-4.000000_S2	4.000000_S2
DISPLAYING LOOPS BEFORE ANY OPERATION	-52.000000_S1	52.000000_S1	-4.000000_S2	4.000000_S2
S =0
S =0
S =0
S =0
S =0
S =0
S =0
S =0
S =0
S =0
S =0
S =0
S =0
S =0
S =0
S =0
S =0
S =0
S =0
S =0
S =0
S =0
S =0
S =0
S =0
S =0
S =0
S =0
S =0
S =0
S =0
S =0
S =0
S =0
S =0
S =0
S =0
S =0
S =0
S =0
S =0
S =0
S =0
S =0
S =0
S =0
S =0
S =0
S =0
S =0
S =0
S =0
S =0
S =0
S =0
S =0
S =0
S =0
S =0
S =0
S =0
S =0
S =0
S =0
S =0
S =0
S =0
S =0
S =0
S =0
S =0
S =0
S =0
S =0
S =0
S =0
S =0
S =0
S =0
S =0
S =0
S =0
S =0
S =0
S =0
S =0
S =0
S =0
S =0
S =0
S =0
S =0
S =0
S =0
S =0
S =0
S =0
S =0
S =0
S =0
S =0
S =0
S =0
S =0
S =0
S =0
S =0
S =0
S =0
S =0
S =0
S =0
S =0
S =0
S =0
S =0
S =0
S =0
S =0
S =0
S =0
S =0
S =0
S =0
S =0
S =0
S =0
S =0
S =0
S =0
S =0
S =0
S =0
S =0
S =0
S =0
S =0
S =0
S =0
S =0
S =0
S =0
S =0
S =0
S =0
S =0
S =0
S =0
S =1
S =0
S =0
S =0
S =1
S =0
S =0
S =0
S =0
S =0
S =1
S =0
S =0
S =0
S =1
S =0
S =0
S =0
S =1
S =0
S =0
S =0
S =1
S =0
S =0
S =0
S =0
S =0
S =0
S =0
S =0
S =0
S =0
S =0
S =0
S =0
S =0
S =0
S =1
S =0
S =0
S =0
S =0
S =0
S =0
S =0
S =0
S =0
S =0
S =0
S =0
S =0
S =0
S =0
S =0
S =0
S =1
S =0
S =0
S =0
S =1
S =0
S =0
S =0
S =1
S =0
S =0
S =0
S =0
S =0
S =0
S =0
S =0
S =0
S =0
S =0
S =0
S =0
S =0
S =0
S =0
S =1
S =0
S =0
S =0
S =0
S =0
S =0
S =0
S =0
S =0
S =0
S =0
S =0
S =0
S =1
S =0
S =0
S =0
S =0
S =0
S =0
S =0
S =0
S =0
S =0
S =0
S =0
S =0
S =0
S =0
S =1
S =0
S =0
S =0
S =0
S =0
S =0
S =0
S =0
S =0
S =0
S =0
S =0
S =0
S =0
S =0
S =1
S =0
S =0
S =0
S =0
S =0
S =0
S =0
S =0
S =0
S =0
S =1
S =0
S =1
S =0
S =0
S =0
S =1
S =0
S =0
S =0
S =0
S =0
S =0
S =1
S =1
S =0
S =1
S =0
S =0
S =0
S =1
S =0
S =0
S =0
S =0
S =0
S =0
S =1
S =1
S =0
S =0
S =1
S =0
S =0
S =0
S =0
S =1
S =0
S =0
S =0
S =0
S =0
S =0
S =1
S =1
S =0
S =0
S =1
S =0
S =0
S =0
S =0
S =1
S =0
S =0
S =0
S =0
S =0
S =0
S =1
S =1
S =0
S =1
S =0
S =0
S =0
S =1
S =0
S =0
S =0
S =1
S =0
S =0
S =0
S =1
S =0
S =0
S =0
S =0
S =0
S =0
S =1
S =1
S =0
S =1
S =0
S =0
S =0
S =1
S =0
S =0
S =0
S =0
S =0
S =0
S =1
S =1
S =0
S =0
S =1
S =0
S =0
S =0
S =0
S =1
S =0
S =0
S =0
S =0
S =0
S =0
S =1
S =1
S =0
S =0
S =1
S =0
S =0
S =0
S =0
S =1
S =0
S =0
S =0
S =0
S =0
S =0
S =1
S =1
S =0
S =1
S =0
S =0
S =0
S =1
S =0
S =0
S =0
S =0
S =0
S =1
S =0
S =0
S =0
S =0
S =0
S =1
S =0
S =0
S =0
S =1
S =0
S =0
S =0
S =1
S =0
S =0
S =0
S =1
S =0
S =0
S =0
S =0
S =0
S =0
S =0
S =0
S =0
S =0
S =0
S =0
S =0
S =0
S =0
S =1
S =0
S =0
S =0
S =0
S =0
S =0
S =0
S =0
S =0
S =0
S =0
S =0
S =0
S =0
S =0
S =0
S =0
S =1
S =0
S =0
S =0
S =1
S =0
S =0
S =0
S =1
S =0
S =0
S =0
S =0
S =0
S =0
S =1
S =0
S =0
S =0
S =0
S =0
S =0
S =1
S =1
S =0
S =1
S =0
S =0
S =0
S =1
S =0
S =0
S =0
S =0
S =0
S =0
S =1
S =1
S =0
S =0
S =1
S =0
S =0
S =0
S =0
S =1
S =0
S =0
S =0
S =0
S =0
S =0
S =1
S =1
S =0
S =0
S =1
S =0
S =0
S =0
S =0
S =1
S =0
S =0
S =0
S =0
S =0
S =0
S =1
S =1
S =0
S =1
S =0
S =0
S =0
S =1
S =0
S =0
S =1
S =0
S =0
S =1
S =1
S =0
S =0
S =0
S =0
S =0
S =0
S =0
S =0
S =1
S =1
S =0
S =0
S =1
S =1
S =0
S =0
S =0
S =0
S =0
S =0
S =0
S =0
S =0
S =1
S =1
S =0
S =0
S =0
S =1
S =1
S =0
S =0
S =0
S =0
S =0
S =0
S =0
S =0
S =0
S =1
S =1
S =0
S =0
S =0
S =1
S =1
S =0
S =0
S =0
S =0
S =0
S =0
S =0
S =0
S =1
S =1
S =0
S =0
S =1
S =1
S =0
S =0
S =1
S =1
S =0
S =0
S =0
S =0
S =0
S =0
S =0
S =0
S =1
S =1
S =0
S =0
S =1
S =1
S =0
S =0
S =0
S =0
S =0
S =0
S =0
S =0
S =0
S =1
S =1
S =0
S =0
S =0
S =1
S =1
S =0
S =0
S =0
S =0
S =0
S =0
S =0
S =0
S =0
S =1
S =1
S =0
S =0
S =0
S =1
S =1
S =0
S =0
S =0
S =0
S =0
S =0
S =0
S =0
S =1
S =1
S =0
S =0
S =1
S =1
S =0
S =0
S =0
S =0
S =0
S =1
S =0
S =0
S =0
S =1
S =0
S =0
S =0
S =1
S =0
S =0
S =0
S =1
S =0
S =0
S =0
S =0
S =0
S =0
S =0
S =0
S =0
S =0
S =0
S =0
S =0
S =0
S =0
S =1
S =0
S =0
S =0
S =0
S =0
S =0
S =0
S =0
S =0
S =0
S =0
S =0
S =0
S =0
S =0
S =0
S =0
S =1
S =0
S =0
S =0
S =1
S =0
S =0
S =0
S =1
S =0
S =0
S =0
S =0
S =0
S =0
S =0
S =0
S =0
S =1
S =1
S =0
S =1
S =0
S =0
S =0
S =1
S =0
S =0
S =0
S =0
S =0
S =0
S =1
S =1
S =0
S =0
S =1
S =0
S =0
S =0
S =0
S =1
S =0
S =0
S =0
S =0
S =0
S =0
S =1
S =1
S =0
S =0
S =1
S =0
S =0
S =0
S =0
S =1
S =0
S =0
S =0
S =0
S =0
S =0
S =1
S =1
S =0
S =1
S =0
S =0
S =0
S =1
S =0
S =0
S =1
S =0
S =0
S =0
S =0
S =0
S =0
S =0
S =0
S =1
S =1
S =0
S =0
S =1
S =1
S =0
S =0
S =0
S =0
S =0
S =0
S =0
S =0
S =0
S =1
S =1
S =0
S =0
S =0
S =1
S =1
S =0
S =0
S =0
S =0
S =0
S =0
S =0
S =0
S =0
S =1
S =1
S =0
S =0
S =0
S =1
S =1
S =0
S =0
S =0
S =0
S =0
S =0
S =0
S =0
S =1
S =1
S =0
S =0
S =1
S =1
S =0
S =0
S =0
S =0
S =0
S =0
S =0
S =0
S =1
S =1
S =0
S =0
S =1
S =1
S =0
S =0
S =0
S =0
S =0
S =0
S =0
S =0
S =0
S =1
S =1
S =0
S =0
S =0
S =1
S =1
S =0
S =0
S =0
S =0
S =0
S =0
S =0
S =0
S =0
S =1
S =1
S =0
S =0
S =0
S =1
S =1
S =0
S =0
S =0
S =0
S =0
S =0
S =0
S =0
S =1
S =1
S =0
S =0
S =1
S =1
S =1
S =0
S =0
S =0
S =0
S =0
S =0
S =0
S =0
S =0
S =0
S =0
S =0
S =0
S =1
S =1
S =0
S =0
S =0
S =1
S =1
S =0
S =0
S =0
S =1
S =1
S =0
S =0
S =0
S =0
S =1
S =1
S =0
S =0
S =0
S =1
S =1
S =0
S =0
S =0
S =1
S =1
S =0
S =0
S =0
S =1
S =1
S =0
S =0
S =0
S =0
S =0
S =0
S =0
S =0
S =0
S =0
S =0
S =0
S =0
S =0
S =0
S =0
S =0
S =0
S =0
S =0
S =0
S =0
S =0
S =0
S =0
S =1
S =1
S =0
S =0
S =0
S =1
S =1
S =0
S =0
S =0
S =1
S =1
S =0
S =0
S =0
S =0
S =1
S =1
S =0
S =0
S =0
S =1
S =1
S =0
S =0
S =0
S =1
S =1
S =0
S =0
S =0
S =1
S =1
S =0
S =0
S =0
S =0
S =0
S =0
S =0
S =0
S =0
S =0
S =0
S =0
S =0
S =0
S =0
S =1
S =0
S =0
S =0
S =1
S =0
S =0
S =0
S =1
S =0
S =0
S =0
S =0
S =0
S =0
S =0
S =0
S =0
S =0
S =0
S =0
S =0
S =0
S =0
S =1
S =0
S =0
S =0
S =0
S =0
S =0
S =0
S =0
S =0
S =0
S =0
S =0
S =0
S =0
S =0
S =0
S =0
S =1
S =0
S =0
S =0
S =1
S =0
S =0
S =0
S =1
S =0
S =0
S =0
S =0
S =0
S =0
S =0
S =0
S =0
S =0
S =0
S =0
S =0
S =0
S =0
S =0
S =1
S =0
S =0
S =0
S =0
S =0
S =0
S =0
S =0
S =0
S =0
S =0
S =0
S =0
S =0
S =0
S =1
S =0
S =0
S =0
S =0
S =0
S =0
S =0
S =0
S =0
S =0
S =0
S =0
S =0
S =0
S =0
S =1
S =0
S =0
S =0
S =0
S =0
S =0
S =0
S =0
S =0
S =0
S =1
S =0
S =1
S =0
S =0
S =0
S =1
S =0
S =0
S =0
S =0
S =0
S =0
S =1
S =1
S =0
S =0
S =1
S =0
S =0
S =0
S =0
S =1
S =0
S =0
S =0
S =0
S =0
S =0
S =1
S =1
S =0
S =0
S =1
S =0
S =0
S =0
S =0
S =1
S =0
S =0
S =0
S =0
S =0
S =0
S =1
S =1
S =0
S =1
S =0
S =0
S =0
S =1
S =0
S =0
S =0
S =1
S =0
S =0
S =0
S =1
S =0
S =0
S =0
S =0
S =0
S =0
S =1
S =1
S =0
S =0
S =1
S =0
S =0
S =0
S =0
S =1
S =0
S =0
S =0
S =0
S =0
S =0
S =1
S =1
S =0
S =0
S =1
S =0
S =0
S =0
S =0
S =1
S =0
S =0
S =0
S =0
S =0
S =0
S =1
S =1
S =0
S =1
S =0
S =0
S =0
S =1
S =0
S =0
S =0
S =0
S =0
S =1
S =0
S =0
S =0
S =1
S =0
S =0
S =0
S =0
S =0
S =0
S =0
S =0
S =0
S =0
S =0
S =0
S =0
S =0
S =0
S =1
S =0
S =0
S =0
S =0
S =0
S =0
S =0
S =0
S =0
S =0
S =0
S =0
S =0
S =0
S =0
S =0
S =0
S =1
S =0
S =0
S =0
S =1
S =0
S =0
S =0
S =1
S =0
S =0
S =0
S =0
S =0
S =0
S =1
S =0
S =0
S =0
S =0
S =0
S =0
S =1
S =1
S =0
S =0
S =1
S =0
S =0
S =0
S =0
S =1
S =0
S =0
S =0
S =0
S =0
S =0
S =1
S =1
S =0
S =0
S =1
S =0
S =0
S =0
S =0
S =1
S =0
S =0
S =0
S =0
S =0
S =0
S =1
S =1
S =0
S =1
S =0
S =0
S =0
S =1
S =0
S =0
S =1
S =0
S =0
S =1
S =1
S =0
S =0
S =0
S =0
S =0
S =0
S =0
S =0
S =0
S =1
S =1
S =0
S =0
S =0
S =1
S =1
S =0
S =0
S =0
S =0
S =0
S =0
S =0
S =0
S =0
S =1
S =1
S =0
S =0
S =0
S =1
S =1
S =0
S =0
S =0
S =0
S =0
S =0
S =0
S =0
S =1
S =1
S =0
S =0
S =1
S =1
S =0
S =0
S =1
S =1
S =0
S =0
S =0
S =0
S =0
S =0
S =0
S =0
S =0
S =1
S =1
S =0
S =0
S =0
S =1
S =1
S =0
S =0
S =0
S =0
S =0
S =0
S =0
S =0
S =0
S =1
S =1
S =0
S =0
S =0
S =1
S =1
S =0
S =0
S =0
S =0
S =0
S =0
S =0
S =0
S =1
S =1
S =0
S =0
S =1
S =1
S =0
S =0
S =0
S =1
S =0
S =0
S =0
S =0
S =0
S =0
S =0
S =0
S =0
S =0
S =0
S =0
S =0
S =0
S =0
S =1
S =0
S =0
S =0
S =0
S =0
S =0
S =0
S =0
S =0
S =0
S =0
S =0
S =0
S =0
S =0
S =0
S =0
S =1
S =0
S =0
S =0
S =1
S =0
S =0
S =0
S =1
S =0
S =0
S =0
S =0
S =0
S =0
S =0
S =0
S =0
S =1
S =1
S =0
S =0
S =1
S =0
S =0
S =0
S =0
S =1
S =0
S =0
S =0
S =0
S =0
S =0
S =1
S =1
S =0
S =0
S =1
S =0
S =0
S =0
S =0
S =1
S =0
S =0
S =0
S =0
S =0
S =0
S =1
S =1
S =0
S =1
S =0
S =0
S =0
S =1
S =0
S =0
S =1
S =0
S =0
S =0
S =0
S =0
S =0
S =0
S =0
S =0
S =1
S =1
S =0
S =0
S =0
S =1
S =1
S =0
S =0
S =0
S =0
S =0
S =0
S =0
S =0
S =0
S =1
S =1
S =0
S =0
S =0
S =1
S =1
S =0
S =0
S =0
S =0
S =0
S =0
S =0
S =0
S =1
S =1
S =0
S =0
S =1
S =1
S =0
S =0
S =0
S =0
S =0
S =0
S =0
S =0
S =0
S =1
S =1
S =0
S =0
S =0
S =1
S =1
S =0
S =0
S =0
S =0
S =0
S =0
S =0
S =0
S =0
S =1
S =1
S =0
S =0
S =0
S =1
S =1
S =0
S =0
S =0
S =0
S =0
S =0
S =0
S =0
S =1
S =1
S =0
S =0
S =1
S =1
S =0
S =0
S =0
S =0
S =0
S =0
S =0
S =0
S =0
S =0
S =0
S =0
S =0
S =0
S =0
S =1
S =0
S =0
S =0
S =0
S =0
S =0
S =0
S =0
S =0
S =0
S =0
S =0
S =0
S =0
S =0
S =0
S =0
S =1
S =0
S =0
S =0
S =1
S =0
S =0
S =0
S =1
S =0
S =0
S =0
S =1
S =0
S =0
S =0
S =1
S =1
S =0
S =0
S =0
S =1
S =1
S =0
S =0
S =0
S =0
S =1
S =1
S =0
S =0
S =0
S =1
S =1
S =0
S =0
S =0
S =1
S =1
S =0
S =0
S =0
S =1
S =1
S =0
S =0
S =0
S =0
S =0
S =0
S =0
S =0
S =0
S =0
S =0
S =0
S =0
S =0
S =0
S =1
S =1
S =0
S =0
S =0
S =1
S =1
S =0
S =0
S =0
S =0
S =1
S =1
S =0
S =0
S =0
S =1
S =1
S =0
S =0
S =0
S =1
S =1
S =0
S =0
S =0
S =1
S =1
S =0
S =0
S =0
S =0
S =0
S =0
S =0
S =0
S =0
S =0
S =0
S =0
S =0
S =0
S =0
S =0
S =0
S =0
S =0
S =0
S =0
S =0
S =0
S =0
S =0
S =0
S =0
S =1
S =0
S =0
S =0
S =0
S =0
S =0
S =0
S =0
S =0
S =0
S =0
S =0
S =0
S =0
S =0
S =1
S =0
S =0
S =0
S =0
S =0
S =0
S =0
S =0
S =0
S =0
S =1
S =0
S =0
S =1
S =0
S =0
S =0
S =0
S =1
S =0
S =0
S =0
S =0
S =0
S =0
S =1
S =1
S =0
S =0
S =1
S =0
S =0
S =0
S =0
S =1
S =0
S =0
S =0
S =0
S =0
S =0
S =1
S =1
S =0
S =1
S =0
S =0
S =0
S =1
S =0
S =0
S =0
S =0
S =1
S =0
S =0
S =0
S =0
S =1
S =0
S =0
S =0
S =0
S =0
S =0
S =1
S =1
S =0
S =0
S =1
S =0
S =0
S =0
S =0
S =1
S =0
S =0
S =0
S =0
S =0
S =0
S =1
S =1
S =0
S =1
S =0
S =0
S =0
S =1
S =0
S =0
S =1
S =0
S =0
S =0
S =1
S =1
S =0
S =0
S =0
S =0
S =1
S =1
S =0
S =0
S =0
S =1
S =1
S =0
S =0
S =0
S =1
S =1
S =0
S =0
S =0
S =1
S =1
S =0
S =0
S =0
S =0
S =0
S =0
S =0
S =0
S =0
S =0
S =0
S =0
S =0
S =0
S =0
S =1
S =1
S =0
S =0
S =0
S =0
S =1
S =1
S =0
S =0
S =0
S =1
S =1
S =0
S =0
S =0
S =1
S =1
S =0
S =0
S =0
S =1
S =1
S =0
S =0
S =0
S =0
S =0
S =0
S =0
S =0
S =0
S =0
S =0
S =0
S =0
S =0
S =0
S =0
S =1
S =0
S =0
S =0
S =0
S =0
S =0
S =1
S =1
S =0
S =0
S =1
S =0
S =0
S =0
S =0
S =1
S =0
S =0
S =0
S =0
S =0
S =0
S =1
S =1
S =0
S =1
S =0
S =0
S =0
S =1
S =0
S =0
S =1
S =0
S =0
S =0
S =1
S =1
S =0
S =0
S =0
S =0
S =0
S =0
S =0
S =0
S =0
S =1
S =1
S =0
S =0
S =0
S =1
S =1
S =0
S =0
S =0
S =0
S =0
S =0
S =0
S =0
S =1
S =1
S =0
S =0
S =1
S =1
S =0
S =0
S =0
S =1
S =1
S =0
S =0
S =0
S =0
S =0
S =0
S =0
S =0
S =0
S =1
S =1
S =0
S =0
S =0
S =1
S =1
S =0
S =0
S =0
S =0
S =0
S =0
S =0
S =0
S =1
S =1
S =0
S =0
S =1
S =1
S =1
S =0
S =0
S =0
S =0
S =1
S =1
S =0
S =0
S =0
S =1
S =1
S =0
S =0
S =0
S =1
S =1
S =0
S =0
S =0
S =1
S =1
S =0
S =0
S =0
S =0
S =0
S =0
S =0
S =0
S =0
S =0
S =0
S =0
S =0
S =0
S =0
S =0
S =1
S =1
S =0
S =0
S =0
S =1
S =1
S =0
S =0
S =0
S =1
S =1
S =0
S =0
S =0
S =1
S =1
S =0
S =0
S =0
S =0
S =0
S =0
S =0
S =0
S =0
S =0
S =0
S =0
S =0
S =0
S =0
S =0
S =0
S =0
S =1
S =1
S =0
S =0
S =1
S =0
S =0
S =0
S =0
S =1
S =0
S =0
S =0
S =0
S =0
S =0
S =1
S =1
S =0
S =1
S =0
S =0
S =0
S =1
S =0
S =0
S =1
S =0
S =0
S =0
S =0
S =0
S =0
S =0
S =0
S =0
S =1
S =1
S =0
S =0
S =0
S =1
S =1
S =0
S =0
S =0
S =0
S =0
S =0
S =0
S =0
S =1
S =1
S =0
S =0
S =1
S =1
S =0
S =0
S =0
S =0
S =0
S =0
S =0
S =0
S =0
S =1
S =1
S =0
S =0
S =0
S =1
S =1
S =0
S =0
S =0
S =0
S =0
S =0
S =0
S =0
S =1
S =1
S =0
S =0
S =1
S =1
S =0
S =0
S =0
S =0
S =0
S =0
S =0
S =0
S =0
S =0
S =0
S =0
S =0
S =0
S =0
S =0
S =0
S =1
S =0
S =0
S =0
S =1
S =0
S =0
S =0
S =1
S =0
S =0
S =0
S =1
S =0
S =0
S =0
S =1
S =1
S =0
S =0
S =0
S =1
S =1
S =0
S =0
S =0
S =1
S =1
S =0
S =0
S =0
S =0
S =0
S =0
S =0
S =0
S =0
S =0
S =0
S =0
S =0
S =0
S =0
S =1
S =1
S =0
S =0
S =0
S =1
S =1
S =0
S =0
S =0
S =1
S =1
S =0
S =0
S =0
S =0
S =0
S =0
S =0
S =0
S =0
S =0
S =0
S =0
S =0
S =0
S =0
S =0
S =0
S =0
S =0
S =0
S =0
S =0
S =0
S =0
S =0
S =0
S =0
S =1
S =0
S =0
S =0
S =0
S =0
S =0
S =0
S =0
S =0
S =0
S =1
S =0
S =0
S =1
S =0
S =0
S =0
S =0
S =1
S =0
S =0
S =0
S =0
S =0
S =0
S =1
S =1
S =0
S =1
S =0
S =0
S =0
S =1
S =0
S =0
S =0
S =0
S =1
S =0
S =0
S =0
S =0
S =1
S =0
S =0
S =0
S =0
S =0
S =0
S =1
S =1
S =0
S =1
S =0
S =0
S =0
S =1
S =0
S =0
S =1
S =0
S =0
S =0
S =1
S =1
S =0
S =0
S =0
S =1
S =1
S =0
S =0
S =0
S =0
S =0
S =0
S =0
S =0
S =0
S =0
S =0
S =0
S =0
S =0
S =0
S =1
S =1
S =0
S =0
S =0
S =1
S =1
S =0
S =0
S =0
S =0
S =0
S =0
S =0
S =0
S =0
S =0
S =0
S =0
S =0
S =0
S =0
S =0
S =1
S =0
S =0
S =0
S =0
S =0
S =0
S =1
S =1
S =0
S =1
S =0
S =0
S =0
S =1
S =0
S =0
S =1
S =0
S =0
S =0
S =1
S =1
S =0
S =0
S =0
S =0
S =0
S =0
S =0
S =0
S =1
S =1
S =0
S =0
S =1
S =1
S =0
S =0
S =0
S =1
S =1
S =0
S =0
S =0
S =0
S =0
S =0
S =0
S =0
S =1
S =1
S =0
S =0
S =1
S =1
S =1
S =0
S =0
S =0
S =1
S =1
S =0
S =0
S =0
S =0
S =0
S =0
S =0
S =0
S =0
S =0
S =0
S =0
S =0
S =0
S =0
S =1
S =1
S =0
S =0
S =0
S =0
S =0
S =0
S =0
S =0
S =0
S =0
S =0
S =0
S =0
S =0
S =0
S =0
S =0
S =0
S =1
S =1
S =0
S =1
S =0
S =0
S =0
S =1
S =0
S =0
S =1
S =0
S =0
S =0
S =0
S =0
S =0
S =0
S =0
S =1
S =1
S =0
S =0
S =1
S =1
S =0
S =0
S =0
S =0
S =0
S =0
S =0
S =0
S =1
S =1
S =0
S =0
S =1
S =1
S =1
S =0
S =0
S =0
S =0
S =0
S =0
S =0
S =0
S =0
S =0
S =0
S =0
S =0
S =0
S =0
S =0
S =0
S =0
S =0
S =0
S =0
S =0
S =0
S =0
S =0
S =0
S =0
S =1
S =0
S =0
S =0
S =1
S =0
S =0
S =0
S =0
S =0
S =0
S =0
S =0
S =0
S =0
S =0
S =0
S =0
S =1
S =0
S =1
S =0
S =0
S =0
S =1
S =0
S =0
S =0
S =1
S =0
S =0
S =0
S =1
S =0
S =0
S =0
S =0
S =0
S =1
S =0
S =0
S =0
S =0
S =0
S =0
S =1
S =0
S =0
S =1
S =0
S =0
S =1
S =1
S =0
S =0
S =1
S =1
S =0
S =0
S =0
S =0
S =0
S =1
 PRINTING *J ////////////////////////////////////////////////////////////////	-52.000000_S1	52.000000_S1	192.000000_S1

 PRINTING *J ////////////////////////////////////////////////////////////////	-52.000000_S1	52.000000_S1	192.000000_S1

 PRINTING *J ////////////////////////////////////////////////////////////////	-4.000000_S2	4.000000_S2	128.000000_S2

 PRINTING *J ////////////////////////////////////////////////////////////////	-52.000000_S1	52.000000_S1	192.000000_S1	-4.000000_S2	4.000000_S2	128.000000_S2

 PRINTING *J ////////////////////////////////////////////////////////////////	-52.000000_S1	52.000000_S1	192.000000_S1	-4.000000_S2	4.000000_S2

 PRINTING *J ////////////////////////////////////////////////////////////////	-52.000000_S1	52.000000_S1	-4.000000_S2	4.000000_S2

 PRINTING *J ////////////////////////////////////////////////////////////////	-52.000000_S1	52.000000_S1	192.000000_S1

DISPLAYING LOOPS AFTER OPERATIONS, LOOP NO: 1
	-52.000000_S1	52.000000_S1	192.000000_S1
DISPLAYING LOOPS AFTER OPERATIONS, LOOP NO: 2
	-52.000000_S1	52.000000_S1	192.000000_S1
DISPLAYING LOOPS AFTER OPERATIONS, LOOP NO: 3
	-4.000000_S2	4.000000_S2	128.000000_S2
DISPLAYING LOOPS AFTER OPERATIONS, LOOP NO: 4
	-52.000000_S1	52.000000_S1	192.000000_S1	-4.000000_S2	4.000000_S2	128.000000_S2
DISPLAYING LOOPS AFTER OPERATIONS, LOOP NO: 5
	-52.000000_S1	52.000000_S1	192.000000_S1	-4.000000_S2	4.000000_S2
DISPLAYING LOOPS AFTER OPERATIONS, LOOP NO: 6
	-52.000000_S1	52.000000_S1	-4.000000_S2	4.000000_S2
DISPLAYING LOOPS AFTER OPERATIONS, LOOP NO: 7
	-52.000000_S1	52.000000_S1	192.000000_S1
(1/(+C3+C2+C1+C0)).OP-.C3.
(1/(+C3+C2+C1+C0)).OP-.C0.
(1/(+C1+C0)).OP-.C0.
(1/(+C3+C2+C1+C0)).OP-.-z^-1C0.(1/(+C1+C0)).OP-.-z^-1C0.
(1/(+C3+C2+C1+C0)).OP-.-z^-1C0.(1/(+C1+C0))..
(1/(+C3+C2+C1+C0))..(1/(+C1+C0))..
(1/(+C3+C2+C1+C0)).OP-..
SFG adapter completed.
