
WORKING
 n=9
CREATING NODE IN THE GRAPH: 2
CREATING NODE IN THE GRAPH: 4
CREATING NODE IN THE GRAPH: 8
CREATING NODE IN THE GRAPH: 16
CREATING NODE IN THE GRAPH: 32
CREATING NODE IN THE GRAPH: 64
CREATING NODE IN THE GRAPH: 128
CREATING NODE IN THE GRAPH: 256
CREATING NODE IN THE GRAPH: 512
CREATING INPUT NODE IN THE GRAPH: -100
CREATING OUTPUT NODE IN THE GRAPH: 100
CREATING GROUND NODE IN THE GRAPH: 1
VI_1_1
STRING OBTAINED IS 1

STRING OBTAINED IS 1
VI	1	1
9_1_VO
STRING OBTAINED IS 1

STRING OBTAINED IS 1
9	1	VO
SOURCE FOUND7
TRANSISTOR FOUND : M1 GDS 0 8 7
M1_0_8_7
SOURCE FOUND7
TRANSISTOR FOUND : M2 GDS 3 4 7
M2_3_4_7
SOURCE FOUND0
TRANSISTOR FOUND : M3 GDS 6 6 0
M3_6_6_0
SOURCE FOUND0
TRANSISTOR FOUND : M4 GDS 6 7 0
M4_6_7_0
SOURCE FOUND5
TRANSISTOR FOUND : P5 GDS 8 8 5
P5_8_8_5
SOURCE FOUND5
TRANSISTOR FOUND : P6 GDS 8 4 5
P6_8_4_5
5_G1_6
STRING OBTAINED IS G1

STRING OBTAINED IS G1
5	G1	6
2_C1_0
STRING OBTAINED IS C1

STRING OBTAINED IS C1
2	C1	0
4_C2_3
STRING OBTAINED IS C2

STRING OBTAINED IS C2
4	C2	3
1_S1_2
STRING OBTAINED IS S1

STRING OBTAINED IS S1
1	S1	2
4_S1_9
STRING OBTAINED IS S1

STRING OBTAINED IS S1
4	S1	9
2_S2_3
STRING OBTAINED IS S2

STRING OBTAINED IS S2
2	S2	3
NO. OF PHASES = %%%%%%%%%%%%%%%%%%%%%%%%%%%%%%%%%%%%%2
)))))))))))))))))))S1
 n=9
VI_1_1
SOURCE NODE OBTAINED FROM CKT FILE : VI
EDGE WEIGHT OBTAINED FROM CKT FILE : 1
DESTINATION NODE OBTAINED FROM CKT FILE : 1
CHECK HERE FOR DATA ENTERED IN CKT MAP 2
UPDATING BRANCHES FOR NODES -100 & 2
STRING OBTAINED IS 1

STRING OBTAINED IS 1
VI	1	1
9_1_VO
SOURCE NODE OBTAINED FROM CKT FILE : 9
EDGE WEIGHT OBTAINED FROM CKT FILE : 1
DESTINATION NODE OBTAINED FROM CKT FILE : VO
CHECK HERE FOR DATA ENTERED IN CKT MAP 512
UPDATING BRANCHES FOR NODES 512 & 100
STRING OBTAINED IS 1

STRING OBTAINED IS 1
9	1	VO
M1_0_8_7
LENGTH OF LINE : 8
7 & 1
SOURCE FOUND : 7
TRANSISTOR FOUND : M1 GDS 0 8 7
M2_3_4_7
LENGTH OF LINE : 8
7 & 1
SOURCE FOUND : 7
TRANSISTOR FOUND : M2 GDS 3 4 7
M3_6_6_0
LENGTH OF LINE : 8
7 & 1
SOURCE FOUND : 0
TRANSISTOR FOUND : M3 GDS 6 6 0
M4_6_7_0
LENGTH OF LINE : 8
7 & 1
SOURCE FOUND : 0
TRANSISTOR FOUND : M4 GDS 6 7 0
P5_8_8_5
LENGTH OF LINE : 8
7 & 1
SOURCE FOUND : 5
TRANSISTOR FOUND : P5 GDS 8 8 5
P6_8_4_5
LENGTH OF LINE : 8
7 & 1
SOURCE FOUND : 5
TRANSISTOR FOUND : P6 GDS 8 4 5
5_G1_6
SOURCE NODE OBTAINED FROM CKT FILE : 5
EDGE WEIGHT OBTAINED FROM CKT FILE : G1
DESTINATION NODE OBTAINED FROM CKT FILE : 6
DESTINATION NODE CONSIDERED FOR OPERATIONS 6
CHECK HERE FOR DATA ENTERED IN CKT MAP 32
CHECK HERE FOR DATA ENTERED IN CKT MAP 64
FLAG OF SOURCE NODE = 1
FLAG OF DESTINATION NODE = 1
UPDATING BRANCHES FOR NODES 32 & 64
STRING OBTAINED IS G1

STRING OBTAINED IS G1
5	G1	6
2_C1_0
SOURCE NODE OBTAINED FROM CKT FILE : 2
EDGE WEIGHT OBTAINED FROM CKT FILE : C1
DESTINATION NODE OBTAINED FROM CKT FILE : 0
DESTINATION NODE CONSIDERED FOR OPERATIONS 0
CHECK HERE FOR DATA ENTERED IN CKT MAP 4
FLAG OF SOURCE NODE = 1
FLAG OF DESTINATION NODE = 0
UPDATING BRANCHES FOR NODES 4 & 1
STRING OBTAINED IS C1

STRING OBTAINED IS C1
2	C1	0
4_C2_3
SOURCE NODE OBTAINED FROM CKT FILE : 4
EDGE WEIGHT OBTAINED FROM CKT FILE : C2
DESTINATION NODE OBTAINED FROM CKT FILE : 3
DESTINATION NODE CONSIDERED FOR OPERATIONS 3
CHECK HERE FOR DATA ENTERED IN CKT MAP 16
CHECK HERE FOR DATA ENTERED IN CKT MAP 8
FLAG OF SOURCE NODE = 1
FLAG OF DESTINATION NODE = 1
UPDATING BRANCHES FOR NODES 16 & 8
STRING OBTAINED IS C2

STRING OBTAINED IS C2
4	C2	3
1_S1_2
SOURCE NODE OBTAINED FROM CKT FILE : 1
EDGE WEIGHT OBTAINED FROM CKT FILE : S1
DESTINATION NODE OBTAINED FROM CKT FILE : 2
ID 1 =2.000000_S1 CORRESPONDING TO NODE ID 2.000000 & SND 1 = 2.000000
ID 2 =4.000000_S1 CORRESPONDING TO NODE ID 4.000000 & SND 2 = 4.000000
NEW NODE 1 =2.000000_S1 & NEW NODE 2 = 4.000000_S1
MODIFIED NODE ID OF 2.000000 UPDATED TO 6.000000_S1
MODIFIED NODE ID OF 4.000000 UPDATED TO 6.000000_S12.000000<=>6.000000_S1	512.000000<=>512.000000_S1	256.000000<=>256.000000_S1	128.000000<=>128.000000_S1	8.000000<=>8.000000_S1	16.000000<=>16.000000_S1	64.000000<=>64.000000_S1	64.000000<=>64.000000_S1	32.000000<=>32.000000_S1	4.000000<=>6.000000_S1	
 st USED FOR SEARCHING IS  4.000000_S1
 su USED FOR SEARCHING IS  2.000000_S1
2.000000_S1	4.000000_S1
FT=  1 FU= 0 at Phase S1
4.000000_S1
4.000000_S1
4_S1_9
SOURCE NODE OBTAINED FROM CKT FILE : 4
EDGE WEIGHT OBTAINED FROM CKT FILE : S1
DESTINATION NODE OBTAINED FROM CKT FILE : 9
ID 1 =16.000000_S1 CORRESPONDING TO NODE ID 16.000000 & SND 1 = 16.000000
ID 2 =512.000000_S1 CORRESPONDING TO NODE ID 512.000000 & SND 2 = 512.000000
NEW NODE 1 =16.000000_S1 & NEW NODE 2 = 512.000000_S1
MODIFIED NODE ID OF 512.000000 UPDATED TO 528.000000_S1
MODIFIED NODE ID OF 16.000000 UPDATED TO 528.000000_S12.000000<=>6.000000_S1	512.000000<=>528.000000_S1	256.000000<=>256.000000_S1	128.000000<=>128.000000_S1	8.000000<=>8.000000_S1	16.000000<=>528.000000_S1	64.000000<=>64.000000_S1	64.000000<=>64.000000_S1	32.000000<=>32.000000_S1	4.000000<=>6.000000_S1	
 st USED FOR SEARCHING IS  512.000000_S1
 su USED FOR SEARCHING IS  16.000000_S1
16.000000_S1	512.000000_S1
FT=  1 FU= 1 at Phase S1
512.000000_S1
512.000000_S1
2_S2_3
SOURCE NODE OBTAINED FROM CKT FILE : 2
EDGE WEIGHT OBTAINED FROM CKT FILE : S2
DESTINATION NODE OBTAINED FROM CKT FILE : 3
)))))))))))))))))))S2
 n=9
VI_1_1
SOURCE NODE OBTAINED FROM CKT FILE : VI
EDGE WEIGHT OBTAINED FROM CKT FILE : 1
DESTINATION NODE OBTAINED FROM CKT FILE : 1
CHECK HERE FOR DATA ENTERED IN CKT MAP 2
UPDATING BRANCHES FOR NODES -100 & 2
STRING OBTAINED IS 1

STRING OBTAINED IS 1
VI	1	1
9_1_VO
SOURCE NODE OBTAINED FROM CKT FILE : 9
EDGE WEIGHT OBTAINED FROM CKT FILE : 1
DESTINATION NODE OBTAINED FROM CKT FILE : VO
CHECK HERE FOR DATA ENTERED IN CKT MAP 512
UPDATING BRANCHES FOR NODES 512 & 100
STRING OBTAINED IS 1

STRING OBTAINED IS 1
9	1	VO
M1_0_8_7
LENGTH OF LINE : 8
7 & 1
SOURCE FOUND : 7
TRANSISTOR FOUND : M1 GDS 0 8 7
M2_3_4_7
LENGTH OF LINE : 8
7 & 1
SOURCE FOUND : 7
TRANSISTOR FOUND : M2 GDS 3 4 7
M3_6_6_0
LENGTH OF LINE : 8
7 & 1
SOURCE FOUND : 0
TRANSISTOR FOUND : M3 GDS 6 6 0
M4_6_7_0
LENGTH OF LINE : 8
7 & 1
SOURCE FOUND : 0
TRANSISTOR FOUND : M4 GDS 6 7 0
P5_8_8_5
LENGTH OF LINE : 8
7 & 1
SOURCE FOUND : 5
TRANSISTOR FOUND : P5 GDS 8 8 5
P6_8_4_5
LENGTH OF LINE : 8
7 & 1
SOURCE FOUND : 5
TRANSISTOR FOUND : P6 GDS 8 4 5
5_G1_6
SOURCE NODE OBTAINED FROM CKT FILE : 5
EDGE WEIGHT OBTAINED FROM CKT FILE : G1
DESTINATION NODE OBTAINED FROM CKT FILE : 6
DESTINATION NODE CONSIDERED FOR OPERATIONS 6
CHECK HERE FOR DATA ENTERED IN CKT MAP 32
CHECK HERE FOR DATA ENTERED IN CKT MAP 64
FLAG OF SOURCE NODE = 1
FLAG OF DESTINATION NODE = 1
UPDATING BRANCHES FOR NODES 32 & 64
STRING OBTAINED IS G1

STRING OBTAINED IS G1
5	G1	6
2_C1_0
SOURCE NODE OBTAINED FROM CKT FILE : 2
EDGE WEIGHT OBTAINED FROM CKT FILE : C1
DESTINATION NODE OBTAINED FROM CKT FILE : 0
DESTINATION NODE CONSIDERED FOR OPERATIONS 0
CHECK HERE FOR DATA ENTERED IN CKT MAP 4
FLAG OF SOURCE NODE = 1
FLAG OF DESTINATION NODE = 0
UPDATING BRANCHES FOR NODES 4 & 1
STRING OBTAINED IS C1

STRING OBTAINED IS C1
2	C1	0
4_C2_3
SOURCE NODE OBTAINED FROM CKT FILE : 4
EDGE WEIGHT OBTAINED FROM CKT FILE : C2
DESTINATION NODE OBTAINED FROM CKT FILE : 3
DESTINATION NODE CONSIDERED FOR OPERATIONS 3
CHECK HERE FOR DATA ENTERED IN CKT MAP 16
CHECK HERE FOR DATA ENTERED IN CKT MAP 8
FLAG OF SOURCE NODE = 1
FLAG OF DESTINATION NODE = 1
UPDATING BRANCHES FOR NODES 16 & 8
STRING OBTAINED IS C2

STRING OBTAINED IS C2
4	C2	3
1_S1_2
SOURCE NODE OBTAINED FROM CKT FILE : 1
EDGE WEIGHT OBTAINED FROM CKT FILE : S1
DESTINATION NODE OBTAINED FROM CKT FILE : 2
4_S1_9
SOURCE NODE OBTAINED FROM CKT FILE : 4
EDGE WEIGHT OBTAINED FROM CKT FILE : S1
DESTINATION NODE OBTAINED FROM CKT FILE : 9
2_S2_3
SOURCE NODE OBTAINED FROM CKT FILE : 2
EDGE WEIGHT OBTAINED FROM CKT FILE : S2
DESTINATION NODE OBTAINED FROM CKT FILE : 3
ID 1 =4.000000_S2 CORRESPONDING TO NODE ID 4.000000 & SND 1 = 4.000000
ID 2 =8.000000_S2 CORRESPONDING TO NODE ID 8.000000 & SND 2 = 8.000000
NEW NODE 1 =4.000000_S2 & NEW NODE 2 = 8.000000_S2
MODIFIED NODE ID OF 8.000000 UPDATED TO 12.000000_S2
MODIFIED NODE ID OF 4.000000 UPDATED TO 12.000000_S22.000000<=>2.000000_S2	512.000000<=>512.000000_S2	256.000000<=>256.000000_S2	128.000000<=>128.000000_S2	8.000000<=>12.000000_S2	16.000000<=>16.000000_S2	64.000000<=>64.000000_S2	64.000000<=>64.000000_S2	32.000000<=>32.000000_S2	4.000000<=>12.000000_S2	
 st USED FOR SEARCHING IS  8.000000_S2
 su USED FOR SEARCHING IS  4.000000_S2
4.000000_S2	8.000000_S2
FT=  1 FU= 1 at Phase S2
8.000000_S2
8.000000_S2
)))))))))))))))))))S0
VI_1_1
SOURCE NODE VI
EDGE WEIGHT 1
DESTINATION NODE 1
9_1_VO
2.000000	6.000000_S1
512.000000	528.000000_S1
256.000000	256.000000_S1
128.000000	128.000000_S1
8.000000	8.000000_S1
16.000000	528.000000_S1
64.000000	64.000000_S1
64.000000	64.000000_S1
32.000000	32.000000_S1
4.000000	6.000000_S1
MOD _S=528.000000_S1
FLAG OF SOURCE IS  1


JJJJJJJJJJJJJJJJ




528	C2
PHASE = S1
CALLED DP ELASTANCE
C2








 NODE : 528.000000_S1






5_G1_6
LINE TAKEN FOR CONSIDERATION 5_G1_6
BEFORE TAKING OUT NUMBER 32.000000_S1
TS ==  32
NUMBER32
FLAG S =1 , FLAG D =1


JJJJJJJJJJJJJJJJ




32	G1
PHASE = S1
CALLED DP ELASTANCE
G1


JJJJJJJJJJJJJJJJ




64	G1
PHASE = S1
CALLED DP ELASTANCE
G1
2_C1_0
4_C2_3
LINE TAKEN FOR CONSIDERATION 4_C2_3
BEFORE TAKING OUT NUMBER 528.000000_S1
TS ==  528
NUMBER528
FLAG S =1 , FLAG D =1


JJJJJJJJJJJJJJJJ




528	C2
PHASE = S1
CALLED DP ELASTANCE
C2


JJJJJJJJJJJJJJJJ




8	C2
PHASE = S1
CALLED DP ELASTANCE
C2
1_S1_2
4_S1_9
2_S2_3
)))))))))))))))))))S1
VI_1_1
SOURCE NODE VI
EDGE WEIGHT 1
DESTINATION NODE 1
9_1_VO
2.000000	2.000000_S2
512.000000	512.000000_S2
256.000000	256.000000_S2
128.000000	128.000000_S2
8.000000	12.000000_S2
16.000000	16.000000_S2
64.000000	64.000000_S2
64.000000	64.000000_S2
32.000000	32.000000_S2
4.000000	12.000000_S2
MOD _S=512.000000_S2
FLAG OF SOURCE IS  1


JJJJJJJJJJJJJJJJ




512
PHASE = S2
CALLED DP ELASTANCE








 NODE : 512.000000_S2






5_G1_6
LINE TAKEN FOR CONSIDERATION 5_G1_6
BEFORE TAKING OUT NUMBER 32.000000_S2
TS ==  32
NUMBER32
FLAG S =1 , FLAG D =1


JJJJJJJJJJJJJJJJ




32	G1
PHASE = S2
CALLED DP ELASTANCE
G1


JJJJJJJJJJJJJJJJ




64	G1
PHASE = S2
CALLED DP ELASTANCE
G1
2_C1_0
4_C2_3
LINE TAKEN FOR CONSIDERATION 4_C2_3
BEFORE TAKING OUT NUMBER 16.000000_S2
TS ==  16
NUMBER16
FLAG S =1 , FLAG D =1


JJJJJJJJJJJJJJJJ




16	C2
PHASE = S2
CALLED DP ELASTANCE
C2


JJJJJJJJJJJJJJJJ




12	C1	C2
PHASE = S2
CALLED DP ELASTANCE
C1
C2
1_S1_2
4_S1_9
2_S2_3
TRANSISTOR : M1S1
GATE : 1
DRAIN : 256.000000_S1
SOURCE : 128.000000_S1
CONNECTED TO TRANSISTORS : M2S1 M4S1 P5S1 P6S1 
TRANSISTOR : M2S1
GATE : 8.000000_S1
DRAIN : 16.000000_S1
SOURCE : 128.000000_S1
CONNECTED TO TRANSISTORS : M1S1 M4S1 P6S1 
TRANSISTOR : M3S1
GATE : 64.000000_S1
DRAIN : 64.000000_S1
SOURCE : 1
CONNECTED TO TRANSISTORS : M4S1 
TRANSISTOR : M4S1
GATE : 64.000000_S1
DRAIN : 128.000000_S1
SOURCE : 1
CONNECTED TO TRANSISTORS : M1S1 M2S1 M3S1 
TRANSISTOR : P5S1
GATE : 256.000000_S1
DRAIN : 256.000000_S1
SOURCE : 32.000000_S1
CONNECTED TO TRANSISTORS : M1S1 P6S1 
TRANSISTOR : P6S1
GATE : 256.000000_S1
DRAIN : 16.000000_S1
SOURCE : 32.000000_S1
CONNECTED TO TRANSISTORS : M1S1 M2S1 P5S1 
TRANSISTOR : M1S2
GATE : 1
DRAIN : 256.000000_S2
SOURCE : 128.000000_S2
CONNECTED TO TRANSISTORS : M2S2 M4S2 P5S2 P6S2 
TRANSISTOR : M2S2
GATE : 8.000000_S2
DRAIN : 16.000000_S2
SOURCE : 128.000000_S2
CONNECTED TO TRANSISTORS : M1S2 M4S2 P6S2 
TRANSISTOR : M3S2
GATE : 64.000000_S2
DRAIN : 64.000000_S2
SOURCE : 1
CONNECTED TO TRANSISTORS : M4S2 
TRANSISTOR : M4S2
GATE : 64.000000_S2
DRAIN : 128.000000_S2
SOURCE : 1
CONNECTED TO TRANSISTORS : M1S2 M2S2 M3S2 
TRANSISTOR : P5S2
GATE : 256.000000_S2
DRAIN : 256.000000_S2
SOURCE : 32.000000_S2
CONNECTED TO TRANSISTORS : M1S2 P6S2 
TRANSISTOR : P6S2
GATE : 256.000000_S2
DRAIN : 16.000000_S2
SOURCE : 32.000000_S2
CONNECTED TO TRANSISTORS : M1S2 M2S2 P5S2 
	528.000000_S1	6.000000_S1
	12.000000_S2	2.000000_S2	512.000000_S2


12.000000_S2 TAKEN FOR CONSIDERATION 
PHASE = 2
NEXT PHASE = 1
ID OF CURRENT NODE = 12
C1	C2	

Capacitor considered = C1
Capacitor is not connected to input or output branches, that means it must be grounded

Looking for capacitor C1 in NEXT phase 1 at node -100
Capacitor does not exits in the next phase 
Looking for capacitor C1 in NEXT phase 1 at node 6
C1
Capacitor C1 found in phase 1 connected to node 6 which is denoted by 6.000000_S1
PNEXT_NODE6.000000_S1
Capacitor is not connected to input or output branches, that means it must be grounded in the Next phase also
 Capacitor C1 will not impact any magic source

Capacitor considered = C2
FOUND THE CAPACITOR IN THE INPUT BRANCH

Looking for capacitor C2 in NEXT phase 1 at node -100
Capacitor does not exits in the next phase 
Looking for capacitor C2 in NEXT phase 1 at node 6
C1
Capacitor does not exits in the next phase 
Looking for capacitor C2 in NEXT phase 1 at node 8
C2
Capacitor C2 found in phase 1 connected to node 8 which is denoted by 8.000000_S1
PNEXT_NODE-8.000000_S1
FOUND THE CAPACITOR IN THE INPUT BRANCH IN NEXT PHASE
Branch drawn from 12.000000_S2 to -8.000000_S1 with edge weight = z^-1C2


2.000000_S2 TAKEN FOR CONSIDERATION 
PHASE = 2
NEXT PHASE = 1
ID OF CURRENT NODE = 2



512.000000_S2 TAKEN FOR CONSIDERATION 
PHASE = 2
NEXT PHASE = 1
ID OF CURRENT NODE = 512



528.000000_S1 TAKEN FOR CONSIDERATION 
PHASE = 1
NEXT PHASE = 2
ID OF CURRENT NODE = 528
C2	

Capacitor considered = C2
FOUND THE CAPACITOR IN THE INPUT BRANCH

Looking for capacitor C2 in NEXT phase 2 at node -100
Capacitor does not exits in the next phase 
Looking for capacitor C2 in NEXT phase 2 at node 2
Capacitor does not exits in the next phase 
Looking for capacitor C2 in NEXT phase 2 at node 12
C1
C2
Capacitor C2 found in phase 2 connected to node 12 which is denoted by 12.000000_S2
PNEXT_NODE-12.000000_S2
FOUND THE CAPACITOR IN THE INPUT BRANCH IN NEXT PHASE
Branch drawn from 528.000000_S1 to -12.000000_S2 with edge weight = z^-1C2


6.000000_S1 TAKEN FOR CONSIDERATION 
PHASE = 1
NEXT PHASE = 2
ID OF CURRENT NODE = 6
C1	

Capacitor considered = C1
Capacitor is not connected to input or output branches, that means it must be grounded

Looking for capacitor C1 in NEXT phase 2 at node -100
Capacitor does not exits in the next phase 
Looking for capacitor C1 in NEXT phase 2 at node 2
Capacitor does not exits in the next phase 
Looking for capacitor C1 in NEXT phase 2 at node 12
C1
Capacitor C1 found in phase 2 connected to node 12 which is denoted by 12.000000_S2
PNEXT_NODE-12.000000_S2
 size= 1 , 12.000000_S2 , 1/(s.C1+s.C2)
Let's take a look at the next one
Capacitor is not connected to input or output branches, that means it must be grounded in the Next phase also
 Branch drawn from 6.000000_S1 to -12.000000_S2 with edge weight = z^-1C1
256.000000_S1
TRANSISTORS CONNECTED TO THIS NODE ARE : 	M1S1	P5S1	P6S1
128.000000_S1
TRANSISTORS CONNECTED TO THIS NODE ARE : 	M1S1	M2S1	M4S1
8.000000_S1
TRANSISTORS CONNECTED TO THIS NODE ARE : 	M2S1
16.000000_S1
TRANSISTORS CONNECTED TO THIS NODE ARE : 	M2S1	P6S1
64.000000_S1
TRANSISTORS CONNECTED TO THIS NODE ARE : 	M3S1	M4S1
32.000000_S1
TRANSISTORS CONNECTED TO THIS NODE ARE : 	P5S1	P6S1
256.000000_S2
TRANSISTORS CONNECTED TO THIS NODE ARE : 	M1S2	P5S2	P6S2
128.000000_S2
TRANSISTORS CONNECTED TO THIS NODE ARE : 	M1S2	M2S2	M4S2
8.000000_S2
TRANSISTORS CONNECTED TO THIS NODE ARE : 	M2S2
16.000000_S2
TRANSISTORS CONNECTED TO THIS NODE ARE : 	M2S2	P6S2
64.000000_S2
TRANSISTORS CONNECTED TO THIS NODE ARE : 	M3S2	M4S2
32.000000_S2
TRANSISTORS CONNECTED TO THIS NODE ARE : 	P5S2	P6S2
CONSIDERING THE NODE : 256.000000_S1
CONSIDERING THE TRANSISTOR : M1S1
CHECKING THE TRANSISTOR M1S1
REMOVING M1S1
CHECKING NODE TYPE IN THE TRANSISTOR FOUND drain
PHASE = 1
PURE ID = 256.000000
PREVIOUS NODE ID : 256.000000_S1
MODIFIED NODE ID : 256.000000_S1
CONSIDERING THE TRANSISTOR : P5S1
CHECKING THE TRANSISTOR M1S1
CHECKING THE TRANSISTOR M2S1
CHECKING THE TRANSISTOR M3S1
CHECKING THE TRANSISTOR M4S1
CHECKING THE TRANSISTOR P5S1
REMOVING P5S1
CHECKING NODE TYPE IN THE TRANSISTOR FOUND gateDrain
PHASE = 1
PURE ID = 256.000000
PREVIOUS NODE ID : 256.000000_S1
MODIFIED NODE ID : 256.000000_S1
TYPEgateDrain
CONSIDERING THE TRANSISTOR : P6S1
CHECKING THE TRANSISTOR M1S1
CHECKING THE TRANSISTOR M2S1
CHECKING THE TRANSISTOR M3S1
CHECKING THE TRANSISTOR M4S1
CHECKING THE TRANSISTOR P5S1
CHECKING THE TRANSISTOR P6S1
REMOVING P6S1
CHECKING NODE TYPE IN THE TRANSISTOR FOUND gate
PHASE = 1
PURE ID = 256.000000
PREVIOUS NODE ID : 256.000000_S1
MODIFIED NODE ID : 256.000000_S1
TYPEgate
DPIMP FOUND  : 1/(+gdsM1S1+s.CdsM1S1+s.CgsP5S1+gmP5S1+gdsP5S1+s.CgsP6S1)Updating input and output branches here
CONSIDERING THE NODE : 128.000000_S1
CONSIDERING THE TRANSISTOR : M1S1
CHECKING THE TRANSISTOR M1S1
REMOVING M1S1
CHECKING NODE TYPE IN THE TRANSISTOR FOUND source
PHASE = 1
PURE ID = 128.000000
PREVIOUS NODE ID : 128.000000_S1
MODIFIED NODE ID : 128.000000_S1
TYPEsource
CONSIDERING THE TRANSISTOR : M2S1
CHECKING THE TRANSISTOR M1S1
CHECKING THE TRANSISTOR M2S1
REMOVING M2S1
CHECKING NODE TYPE IN THE TRANSISTOR FOUND source
PHASE = 1
PURE ID = 128.000000
PREVIOUS NODE ID : 128.000000_S1
MODIFIED NODE ID : 128.000000_S1
TYPEsource
CONSIDERING THE TRANSISTOR : M4S1
CHECKING THE TRANSISTOR M1S1
CHECKING THE TRANSISTOR M2S1
CHECKING THE TRANSISTOR M3S1
CHECKING THE TRANSISTOR M4S1
REMOVING M4S1
CHECKING NODE TYPE IN THE TRANSISTOR FOUND drain
PHASE = 1
PURE ID = 128.000000
PREVIOUS NODE ID : 128.000000_S1
MODIFIED NODE ID : 128.000000_S1
DPIMP FOUND  : 1/(+gdsM1S1+s.CgsM1S1+s.CdsM1S1+gdsM2S1+s.CgsM2S1+s.CdsM2S1+gdsM4S1+s.CdsM4S1)Updating input and output branches here
CONSIDERING THE NODE : 8.000000_S1
CONSIDERING THE TRANSISTOR : M2S1
CHECKING THE TRANSISTOR M1S1
CHECKING THE TRANSISTOR M2S1
REMOVING M2S1
CHECKING NODE TYPE IN THE TRANSISTOR FOUND gate
PHASE = 1
PURE ID = 8.000000
PREVIOUS NODE ID : 8.000000_S1
MODIFIED NODE ID : 8.000000_S1
TYPEgate
HIHI8.000000_S1
DPIMP FOUND  : 1/(+s.CgsM2S1)Updating input and output branches here
CONSIDERING THE NODE : 16.000000_S1
CONSIDERING THE TRANSISTOR : M2S1
CHECKING THE TRANSISTOR M1S1
CHECKING THE TRANSISTOR M2S1
REMOVING M2S1
CHECKING NODE TYPE IN THE TRANSISTOR FOUND drain
PHASE = 1
PURE ID = 16.000000
PREVIOUS NODE ID : 16.000000_S1
MODIFIED NODE ID : 528.000000_S1
CONSIDERING THE TRANSISTOR : P6S1
CHECKING THE TRANSISTOR M1S1
CHECKING THE TRANSISTOR M2S1
CHECKING THE TRANSISTOR M3S1
CHECKING THE TRANSISTOR M4S1
CHECKING THE TRANSISTOR P5S1
CHECKING THE TRANSISTOR P6S1
REMOVING P6S1
CHECKING NODE TYPE IN THE TRANSISTOR FOUND Not Found
PHASE = 1
PURE ID = 528.000000
PREVIOUS NODE ID : 528.000000_S1
MODIFIED NODE ID : 528.000000_S1
DPIMP FOUND  : 1/(+gdsM2S1+s.CdsM2S1)Updating input and output branches here
CONSIDERING THE NODE : 64.000000_S1
CONSIDERING THE TRANSISTOR : M3S1
CHECKING THE TRANSISTOR M1S1
CHECKING THE TRANSISTOR M2S1
CHECKING THE TRANSISTOR M3S1
REMOVING M3S1
CHECKING NODE TYPE IN THE TRANSISTOR FOUND gateDrain
PHASE = 1
PURE ID = 64.000000
PREVIOUS NODE ID : 64.000000_S1
MODIFIED NODE ID : 64.000000_S1
TYPEgateDrain
CONSIDERING THE TRANSISTOR : M4S1
CHECKING THE TRANSISTOR M1S1
CHECKING THE TRANSISTOR M2S1
CHECKING THE TRANSISTOR M3S1
CHECKING THE TRANSISTOR M4S1
REMOVING M4S1
CHECKING NODE TYPE IN THE TRANSISTOR FOUND gate
PHASE = 1
PURE ID = 64.000000
PREVIOUS NODE ID : 64.000000_S1
MODIFIED NODE ID : 64.000000_S1
TYPEgate
HIHI64.000000_S1
DPIMP FOUND  : 1/(+s.CgsM3S1+gmM3S1+gdsM3S1+s.CgsM4S1)Updating input and output branches here
CONSIDERING THE NODE : 32.000000_S1
CONSIDERING THE TRANSISTOR : P5S1
CHECKING THE TRANSISTOR M1S1
CHECKING THE TRANSISTOR M2S1
CHECKING THE TRANSISTOR M3S1
CHECKING THE TRANSISTOR M4S1
CHECKING THE TRANSISTOR P5S1
REMOVING P5S1
CHECKING NODE TYPE IN THE TRANSISTOR FOUND source
PHASE = 1
PURE ID = 32.000000
PREVIOUS NODE ID : 32.000000_S1
MODIFIED NODE ID : 32.000000_S1
TYPEsource
CONSIDERING THE TRANSISTOR : P6S1
CHECKING THE TRANSISTOR M1S1
CHECKING THE TRANSISTOR M2S1
CHECKING THE TRANSISTOR M3S1
CHECKING THE TRANSISTOR M4S1
CHECKING THE TRANSISTOR P5S1
CHECKING THE TRANSISTOR P6S1
REMOVING P6S1
CHECKING NODE TYPE IN THE TRANSISTOR FOUND source
PHASE = 1
PURE ID = 32.000000
PREVIOUS NODE ID : 32.000000_S1
MODIFIED NODE ID : 32.000000_S1
TYPEsource
DPIMP FOUND  : 1/(+gdsP5S1+s.CgsP5S1+s.CdsP5S1+gdsP6S1+s.CgsP6S1+s.CdsP6S1)Updating input and output branches here
CONSIDERING THE NODE : 256.000000_S2
CONSIDERING THE TRANSISTOR : M1S2
CHECKING THE TRANSISTOR M1S1
CHECKING THE TRANSISTOR M2S1
CHECKING THE TRANSISTOR M3S1
CHECKING THE TRANSISTOR M4S1
CHECKING THE TRANSISTOR P5S1
CHECKING THE TRANSISTOR P6S1
CHECKING THE TRANSISTOR M1S2
REMOVING M1S2
CHECKING NODE TYPE IN THE TRANSISTOR FOUND drain
PHASE = 2
PURE ID = 256.000000
PREVIOUS NODE ID : 256.000000_S2
MODIFIED NODE ID : 256.000000_S2
CONSIDERING THE TRANSISTOR : P5S2
CHECKING THE TRANSISTOR M1S1
CHECKING THE TRANSISTOR M2S1
CHECKING THE TRANSISTOR M3S1
CHECKING THE TRANSISTOR M4S1
CHECKING THE TRANSISTOR P5S1
CHECKING THE TRANSISTOR P6S1
CHECKING THE TRANSISTOR M1S2
CHECKING THE TRANSISTOR M2S2
CHECKING THE TRANSISTOR M3S2
CHECKING THE TRANSISTOR M4S2
CHECKING THE TRANSISTOR P5S2
REMOVING P5S2
CHECKING NODE TYPE IN THE TRANSISTOR FOUND gateDrain
PHASE = 2
PURE ID = 256.000000
PREVIOUS NODE ID : 256.000000_S2
MODIFIED NODE ID : 256.000000_S2
TYPEgateDrain
CONSIDERING THE TRANSISTOR : P6S2
CHECKING THE TRANSISTOR M1S1
CHECKING THE TRANSISTOR M2S1
CHECKING THE TRANSISTOR M3S1
CHECKING THE TRANSISTOR M4S1
CHECKING THE TRANSISTOR P5S1
CHECKING THE TRANSISTOR P6S1
CHECKING THE TRANSISTOR M1S2
CHECKING THE TRANSISTOR M2S2
CHECKING THE TRANSISTOR M3S2
CHECKING THE TRANSISTOR M4S2
CHECKING THE TRANSISTOR P5S2
CHECKING THE TRANSISTOR P6S2
REMOVING P6S2
CHECKING NODE TYPE IN THE TRANSISTOR FOUND gate
PHASE = 2
PURE ID = 256.000000
PREVIOUS NODE ID : 256.000000_S2
MODIFIED NODE ID : 256.000000_S2
TYPEgate
DPIMP FOUND  : 1/(+gdsM1S2+s.CdsM1S2+s.CgsP5S2+gmP5S2+gdsP5S2+s.CgsP6S2)Updating input and output branches here
CONSIDERING THE NODE : 128.000000_S2
CONSIDERING THE TRANSISTOR : M1S2
CHECKING THE TRANSISTOR M1S1
CHECKING THE TRANSISTOR M2S1
CHECKING THE TRANSISTOR M3S1
CHECKING THE TRANSISTOR M4S1
CHECKING THE TRANSISTOR P5S1
CHECKING THE TRANSISTOR P6S1
CHECKING THE TRANSISTOR M1S2
REMOVING M1S2
CHECKING NODE TYPE IN THE TRANSISTOR FOUND source
PHASE = 2
PURE ID = 128.000000
PREVIOUS NODE ID : 128.000000_S2
MODIFIED NODE ID : 128.000000_S2
TYPEsource
CONSIDERING THE TRANSISTOR : M2S2
CHECKING THE TRANSISTOR M1S1
CHECKING THE TRANSISTOR M2S1
CHECKING THE TRANSISTOR M3S1
CHECKING THE TRANSISTOR M4S1
CHECKING THE TRANSISTOR P5S1
CHECKING THE TRANSISTOR P6S1
CHECKING THE TRANSISTOR M1S2
CHECKING THE TRANSISTOR M2S2
REMOVING M2S2
CHECKING NODE TYPE IN THE TRANSISTOR FOUND source
PHASE = 2
PURE ID = 128.000000
PREVIOUS NODE ID : 128.000000_S2
MODIFIED NODE ID : 128.000000_S2
TYPEsource
CONSIDERING THE TRANSISTOR : M4S2
CHECKING THE TRANSISTOR M1S1
CHECKING THE TRANSISTOR M2S1
CHECKING THE TRANSISTOR M3S1
CHECKING THE TRANSISTOR M4S1
CHECKING THE TRANSISTOR P5S1
CHECKING THE TRANSISTOR P6S1
CHECKING THE TRANSISTOR M1S2
CHECKING THE TRANSISTOR M2S2
CHECKING THE TRANSISTOR M3S2
CHECKING THE TRANSISTOR M4S2
REMOVING M4S2
CHECKING NODE TYPE IN THE TRANSISTOR FOUND drain
PHASE = 2
PURE ID = 128.000000
PREVIOUS NODE ID : 128.000000_S2
MODIFIED NODE ID : 128.000000_S2
DPIMP FOUND  : 1/(+gdsM1S2+s.CgsM1S2+s.CdsM1S2+gdsM2S2+s.CgsM2S2+s.CdsM2S2+gdsM4S2+s.CdsM4S2)Updating input and output branches here
CONSIDERING THE NODE : 8.000000_S2
CONSIDERING THE TRANSISTOR : M2S2
CHECKING THE TRANSISTOR M1S1
CHECKING THE TRANSISTOR M2S1
CHECKING THE TRANSISTOR M3S1
CHECKING THE TRANSISTOR M4S1
CHECKING THE TRANSISTOR P5S1
CHECKING THE TRANSISTOR P6S1
CHECKING THE TRANSISTOR M1S2
CHECKING THE TRANSISTOR M2S2
REMOVING M2S2
CHECKING NODE TYPE IN THE TRANSISTOR FOUND gate
PHASE = 2
PURE ID = 8.000000
PREVIOUS NODE ID : 8.000000_S2
MODIFIED NODE ID : 12.000000_S2
TYPEgate
HIHI12.000000_S2
DPIMP FOUND  : 1/(+s.CgsM2S2)Updating input and output branches here
CONSIDERING THE NODE : 16.000000_S2
CONSIDERING THE TRANSISTOR : M2S2
CHECKING THE TRANSISTOR M1S1
CHECKING THE TRANSISTOR M2S1
CHECKING THE TRANSISTOR M3S1
CHECKING THE TRANSISTOR M4S1
CHECKING THE TRANSISTOR P5S1
CHECKING THE TRANSISTOR P6S1
CHECKING THE TRANSISTOR M1S2
CHECKING THE TRANSISTOR M2S2
REMOVING M2S2
CHECKING NODE TYPE IN THE TRANSISTOR FOUND drain
PHASE = 2
PURE ID = 16.000000
PREVIOUS NODE ID : 16.000000_S2
MODIFIED NODE ID : 16.000000_S2
CONSIDERING THE TRANSISTOR : P6S2
CHECKING THE TRANSISTOR M1S1
CHECKING THE TRANSISTOR M2S1
CHECKING THE TRANSISTOR M3S1
CHECKING THE TRANSISTOR M4S1
CHECKING THE TRANSISTOR P5S1
CHECKING THE TRANSISTOR P6S1
CHECKING THE TRANSISTOR M1S2
CHECKING THE TRANSISTOR M2S2
CHECKING THE TRANSISTOR M3S2
CHECKING THE TRANSISTOR M4S2
CHECKING THE TRANSISTOR P5S2
CHECKING THE TRANSISTOR P6S2
REMOVING P6S2
CHECKING NODE TYPE IN THE TRANSISTOR FOUND drain
PHASE = 2
PURE ID = 16.000000
PREVIOUS NODE ID : 16.000000_S2
MODIFIED NODE ID : 16.000000_S2
DPIMP FOUND  : 1/(+gdsM2S2+s.CdsM2S2+gdsP6S2+s.CdsP6S2)Updating input and output branches here
CONSIDERING THE NODE : 64.000000_S2
CONSIDERING THE TRANSISTOR : M3S2
CHECKING THE TRANSISTOR M1S1
CHECKING THE TRANSISTOR M2S1
CHECKING THE TRANSISTOR M3S1
CHECKING THE TRANSISTOR M4S1
CHECKING THE TRANSISTOR P5S1
CHECKING THE TRANSISTOR P6S1
CHECKING THE TRANSISTOR M1S2
CHECKING THE TRANSISTOR M2S2
CHECKING THE TRANSISTOR M3S2
REMOVING M3S2
CHECKING NODE TYPE IN THE TRANSISTOR FOUND gateDrain
PHASE = 2
PURE ID = 64.000000
PREVIOUS NODE ID : 64.000000_S2
MODIFIED NODE ID : 64.000000_S2
TYPEgateDrain
CONSIDERING THE TRANSISTOR : M4S2
CHECKING THE TRANSISTOR M1S1
CHECKING THE TRANSISTOR M2S1
CHECKING THE TRANSISTOR M3S1
CHECKING THE TRANSISTOR M4S1
CHECKING THE TRANSISTOR P5S1
CHECKING THE TRANSISTOR P6S1
CHECKING THE TRANSISTOR M1S2
CHECKING THE TRANSISTOR M2S2
CHECKING THE TRANSISTOR M3S2
CHECKING THE TRANSISTOR M4S2
REMOVING M4S2
CHECKING NODE TYPE IN THE TRANSISTOR FOUND gate
PHASE = 2
PURE ID = 64.000000
PREVIOUS NODE ID : 64.000000_S2
MODIFIED NODE ID : 64.000000_S2
TYPEgate
HIHI64.000000_S2
DPIMP FOUND  : 1/(+s.CgsM3S2+gmM3S2+gdsM3S2+s.CgsM4S2)Updating input and output branches here
CONSIDERING THE NODE : 32.000000_S2
CONSIDERING THE TRANSISTOR : P5S2
CHECKING THE TRANSISTOR M1S1
CHECKING THE TRANSISTOR M2S1
CHECKING THE TRANSISTOR M3S1
CHECKING THE TRANSISTOR M4S1
CHECKING THE TRANSISTOR P5S1
CHECKING THE TRANSISTOR P6S1
CHECKING THE TRANSISTOR M1S2
CHECKING THE TRANSISTOR M2S2
CHECKING THE TRANSISTOR M3S2
CHECKING THE TRANSISTOR M4S2
CHECKING THE TRANSISTOR P5S2
REMOVING P5S2
CHECKING NODE TYPE IN THE TRANSISTOR FOUND source
PHASE = 2
PURE ID = 32.000000
PREVIOUS NODE ID : 32.000000_S2
MODIFIED NODE ID : 32.000000_S2
TYPEsource
CONSIDERING THE TRANSISTOR : P6S2
CHECKING THE TRANSISTOR M1S1
CHECKING THE TRANSISTOR M2S1
CHECKING THE TRANSISTOR M3S1
CHECKING THE TRANSISTOR M4S1
CHECKING THE TRANSISTOR P5S1
CHECKING THE TRANSISTOR P6S1
CHECKING THE TRANSISTOR M1S2
CHECKING THE TRANSISTOR M2S2
CHECKING THE TRANSISTOR M3S2
CHECKING THE TRANSISTOR M4S2
CHECKING THE TRANSISTOR P5S2
CHECKING THE TRANSISTOR P6S2
REMOVING P6S2
CHECKING NODE TYPE IN THE TRANSISTOR FOUND source
PHASE = 2
PURE ID = 32.000000
PREVIOUS NODE ID : 32.000000_S2
MODIFIED NODE ID : 32.000000_S2
TYPEsource
DPIMP FOUND  : 1/(+gdsP5S2+s.CgsP5S2+s.CdsP5S2+gdsP6S2+s.CgsP6S2+s.CdsP6S2)Updating input and output branches here
FINAL SIGNAL FLOW GRAPH
*****************************************************
NODE ID: -100	FLAG = 0

NO INPUTS

OUTPUTS
2.000000_S2	1
6.000000_S1	1
*****************************************************
NODE ID: -12.000000_S2	FLAG = 0

INPUTS
16.000000_S2	C2
528.000000_S1	z^-1C2
6.000000_S1	z^-1C1

OUTPUTS
12.000000_S2	1/(s.C1+s.C2+s.CgsM2S2)
*****************************************************
NODE ID: -128.000000_S1	FLAG = 0

INPUTS
64.000000_S1	-gmM4S1
8.000000_S1	gmM2S1

OUTPUTS
128.000000_S1	1/(gdsM1S1+s.CgsM1S1+s.CdsM1S1+gdsM2S1+s.CgsM2S1+s.CdsM2S1+gdsM4S1+s.CdsM4S1)
*****************************************************
NODE ID: -128.000000_S2	FLAG = 0

INPUTS
12.000000_S2	gmM2S2
64.000000_S2	-gmM4S2

OUTPUTS
128.000000_S2	1/(gdsM1S2+s.CgsM1S2+s.CdsM1S2+gdsM2S2+s.CgsM2S2+s.CdsM2S2+gdsM4S2+s.CdsM4S2)
*****************************************************
NODE ID: -16.000000_S2	FLAG = 0

INPUTS
12.000000_S2	C2
128.000000_S2	gmM2S2
256.000000_S2	-gmP6S2
32.000000_S2	gmP6S2

OUTPUTS
16.000000_S2	1/(s.C2+gdsM2S2+s.CdsM2S2+gdsP6S2+s.CdsP6S2)
*****************************************************
NODE ID: -256.000000_S1	FLAG = 0

INPUTS
128.000000_S1	gmM1S1
32.000000_S1	gmP5S1

OUTPUTS
256.000000_S1	1/(gdsM1S1+s.CdsM1S1+s.CgsP5S1+gmP5S1+gdsP5S1+s.CgsP6S1)
*****************************************************
NODE ID: -256.000000_S2	FLAG = 0

INPUTS
128.000000_S2	gmM1S2
32.000000_S2	gmP5S2

OUTPUTS
256.000000_S2	1/(gdsM1S2+s.CdsM1S2+s.CgsP5S2+gmP5S2+gdsP5S2+s.CgsP6S2)
*****************************************************
NODE ID: -32.000000_S1	FLAG = 0

INPUTS
256.000000_S1	gmP5S1
64.000000_S1	G1

OUTPUTS
32.000000_S1	1/(G1+gdsP5S1+s.CgsP5S1+s.CdsP5S1+gdsP6S1+s.CgsP6S1+s.CdsP6S1)
*****************************************************
NODE ID: -32.000000_S2	FLAG = 0

INPUTS
256.000000_S2	gmP5S2
64.000000_S2	G1

OUTPUTS
32.000000_S2	1/(G1+gdsP5S2+s.CgsP5S2+s.CdsP5S2+gdsP6S2+s.CgsP6S2+s.CdsP6S2)
*****************************************************
NODE ID: -512.000000_S2	FLAG = 0

NO INPUTS

OUTPUTS
512.000000_S2	1/()
*****************************************************
NODE ID: -528.000000_S1	FLAG = 0

INPUTS
128.000000_S1	gmM2S1
256.000000_S1	-gmP6S1
32.000000_S1	gmP6S1
8.000000_S1	C2

OUTPUTS
528.000000_S1	1/(s.C2+gdsM2S1+s.CdsM2S1)
*****************************************************
NODE ID: -64.000000_S1	FLAG = 0

INPUTS
32.000000_S1	G1

OUTPUTS
64.000000_S1	1/(G1+s.CgsM3S1+gmM3S1+gdsM3S1+s.CgsM4S1)
*****************************************************
NODE ID: -64.000000_S2	FLAG = 0

INPUTS
32.000000_S2	G1

OUTPUTS
64.000000_S2	1/(G1+s.CgsM3S2+gmM3S2+gdsM3S2+s.CgsM4S2)
*****************************************************
NODE ID: -8.000000_S1	FLAG = 0

INPUTS
12.000000_S2	z^-1C2
528.000000_S1	C2

OUTPUTS
8.000000_S1	1/(s.C2+s.CgsM2S1)
*****************************************************
NODE ID: 1	FLAG = 0

NO INPUTS

NO OUTPUTS
*****************************************************
NODE ID: 100	FLAG = 0

INPUTS
512.000000_S2	1
528.000000_S1	1

NO OUTPUTS
*****************************************************
NODE ID: 12.000000_S2	FLAG = 1

INPUTS
-12.000000_S2	1/(s.C1+s.C2+s.CgsM2S2)

OUTPUTS
-128.000000_S2	gmM2S2
-16.000000_S2	C2
-8.000000_S1	z^-1C2
*****************************************************
NODE ID: 128.000000_S1	FLAG = 1

INPUTS
-128.000000_S1	1/(gdsM1S1+s.CgsM1S1+s.CdsM1S1+gdsM2S1+s.CgsM2S1+s.CdsM2S1+gdsM4S1+s.CdsM4S1)

OUTPUTS
-256.000000_S1	gmM1S1
-528.000000_S1	gmM2S1
*****************************************************
NODE ID: 128.000000_S2	FLAG = 1

INPUTS
-128.000000_S2	1/(gdsM1S2+s.CgsM1S2+s.CdsM1S2+gdsM2S2+s.CgsM2S2+s.CdsM2S2+gdsM4S2+s.CdsM4S2)

OUTPUTS
-16.000000_S2	gmM2S2
-256.000000_S2	gmM1S2
*****************************************************
NODE ID: 16.000000_S2	FLAG = 1

INPUTS
-16.000000_S2	1/(s.C2+gdsM2S2+s.CdsM2S2+gdsP6S2+s.CdsP6S2)

OUTPUTS
-12.000000_S2	C2
*****************************************************
NODE ID: 2.000000_S2	FLAG = 0

INPUTS
-100	1

NO OUTPUTS
*****************************************************
NODE ID: 256.000000_S1	FLAG = 1

INPUTS
-256.000000_S1	1/(gdsM1S1+s.CdsM1S1+s.CgsP5S1+gmP5S1+gdsP5S1+s.CgsP6S1)

OUTPUTS
-32.000000_S1	gmP5S1
-528.000000_S1	-gmP6S1
*****************************************************
NODE ID: 256.000000_S2	FLAG = 1

INPUTS
-256.000000_S2	1/(gdsM1S2+s.CdsM1S2+s.CgsP5S2+gmP5S2+gdsP5S2+s.CgsP6S2)

OUTPUTS
-16.000000_S2	-gmP6S2
-32.000000_S2	gmP5S2
*****************************************************
NODE ID: 32.000000_S1	FLAG = 1

INPUTS
-32.000000_S1	1/(G1+gdsP5S1+s.CgsP5S1+s.CdsP5S1+gdsP6S1+s.CgsP6S1+s.CdsP6S1)

OUTPUTS
-256.000000_S1	gmP5S1
-528.000000_S1	gmP6S1
-64.000000_S1	G1
*****************************************************
NODE ID: 32.000000_S2	FLAG = 1

INPUTS
-32.000000_S2	1/(G1+gdsP5S2+s.CgsP5S2+s.CdsP5S2+gdsP6S2+s.CgsP6S2+s.CdsP6S2)

OUTPUTS
-16.000000_S2	gmP6S2
-256.000000_S2	gmP5S2
-64.000000_S2	G1
*****************************************************
NODE ID: 512.000000_S2	FLAG = 1

INPUTS
-512.000000_S2	1/()

OUTPUTS
100	1
*****************************************************
NODE ID: 528.000000_S1	FLAG = 1

INPUTS
-528.000000_S1	1/(s.C2+gdsM2S1+s.CdsM2S1)

OUTPUTS
-12.000000_S2	z^-1C2
-8.000000_S1	C2
100	1
*****************************************************
NODE ID: 6.000000_S1	FLAG = 0

INPUTS
-100	1

OUTPUTS
-12.000000_S2	z^-1C1
*****************************************************
NODE ID: 64.000000_S1	FLAG = 1

INPUTS
-64.000000_S1	1/(G1+s.CgsM3S1+gmM3S1+gdsM3S1+s.CgsM4S1)

OUTPUTS
-128.000000_S1	-gmM4S1
-32.000000_S1	G1
*****************************************************
NODE ID: 64.000000_S2	FLAG = 1

INPUTS
-64.000000_S2	1/(G1+s.CgsM3S2+gmM3S2+gdsM3S2+s.CgsM4S2)

OUTPUTS
-128.000000_S2	-gmM4S2
-32.000000_S2	G1
*****************************************************
NODE ID: 8.000000_S1	FLAG = 1

INPUTS
-8.000000_S1	1/(s.C2+s.CgsM2S1)

OUTPUTS
-128.000000_S1	gmM2S1
-528.000000_S1	C2Output file has been written successfully.
SFG adapter completed.
