
WORKING
 n=5
CREATING NODES IN THE GRAPH
CREATING NODES IN THE GRAPH
CREATING NODES IN THE GRAPH
CREATING NODES IN THE GRAPH
CREATING NODES IN THE GRAPH

STRING OBTAINED IS 1

STRING OBTAINED IS 1
VI	1	1

STRING OBTAINED IS 1

STRING OBTAINED IS 1
5	1	VO

STRING OBTAINED IS C2

STRING OBTAINED IS C2
1	C2	2

STRING OBTAINED IS G6

STRING OBTAINED IS G6
2	G6	3

STRING OBTAINED IS G3

STRING OBTAINED IS G3
1	G3	4

STRING OBTAINED IS G5

STRING OBTAINED IS G5
4	G5	0

STRING OBTAINED IS OP-

STRING OBTAINED IS OP-
3	OP-	5

STRING OBTAINED IS OP+

STRING OBTAINED IS OP+
4	OP+	5

STRING OBTAINED IS C1

STRING OBTAINED IS C1
5	C1	3

STRING OBTAINED IS G1

STRING OBTAINED IS G1
3	G1	0

STRING OBTAINED IS G2

STRING OBTAINED IS G2
2	G2	0

STRING OBTAINED IS G4

STRING OBTAINED IS G4
5	G4	2
WORKING
VI	1	1
5	1	VO
1	sC2	2
2	G6	3
1	G3	4
4	G5	0
3	OP-	5
4	OP+	5
5	sC1	3
3	G1	0
2	G2	0
5	G4	2
CHECK HERE FOR CIRCUIT DETAILS
NODE ID: -100
NODE ID: 0	G5	G1	G2
NODE ID: 1	sC2	G3
NODE ID: 2	sC2	G6	G2	G4
NODE ID: 3	G6	sC1	G1
NODE ID: 4	G3	G5
NODE ID: 5	sC1	G4
NODE ID: 100
*****************************************************
NODE ID: -100	FLAG = 0

NO INPUTS

OUTPUTS
1	1
*****************************************************
NODE ID: -4	FLAG = 1

INPUTS
1	G3

OUTPUTS
4	(1/(G3+G5))
*****************************************************
NODE ID: -3	FLAG = 1

INPUTS
2	G6
5	sC1

OUTPUTS
3	(1/(G6+sC1+G1))
*****************************************************
NODE ID: -2	FLAG = 1

INPUTS
1	sC2
3	G6
5	G4

OUTPUTS
2	(1/(sC2+G6+G2+G4))
*****************************************************
NODE ID: 0	FLAG = 0

NO INPUTS

NO OUTPUTS
*****************************************************
NODE ID: 1	FLAG = 0

INPUTS
-100	1

OUTPUTS
-2	sC2
-4	G3
*****************************************************
NODE ID: 2	FLAG = 1

INPUTS
-2	(1/(sC2+G6+G2+G4))

OUTPUTS
-3	G6
*****************************************************
NODE ID: 3	FLAG = 1

INPUTS
-3	(1/(G6+sC1+G1))

OUTPUTS
-2	G6
5	OP-
*****************************************************
NODE ID: 4	FLAG = 1

INPUTS
-4	(1/(G3+G5))

OUTPUTS
5	OP+
*****************************************************
NODE ID: 5	FLAG = 0

INPUTS
3	OP-
4	OP+

OUTPUTS
100	1
-3	sC1
-2	G4
*****************************************************
NODE ID: 100	FLAG = 0

INPUTS
5	1

NO OUTPUTS
DISPLAYING FORWARD PATH : -100	1	-2	2	-3	3	5	100	
GAIN OF THIS FORWARD PATH IS = (sC2.(1/(sC2+G6+G2+G4)).G6.(1/(G6+sC1+G1)).OP-.)
DISPLAYING FORWARD PATH : -100	1	-4	4	5	100	
GAIN OF THIS FORWARD PATH IS = (G3.(1/(G3+G5)).OP+.)
DISPLAYING LOOPS BEFORE ANY OPERATION	-2	2	-3	3
DISPLAYING LOOPS BEFORE ANY OPERATION	-3	3	5
DISPLAYING LOOPS BEFORE ANY OPERATION	-2	2	-3	3	5
DISPLAYING LOOPS BEFORE ANY OPERATION	-3	3	-2	2
DISPLAYING LOOPS BEFORE ANY OPERATION	5	-3	3
DISPLAYING LOOPS BEFORE ANY OPERATION	-2	2	-3	3
DISPLAYING LOOPS BEFORE ANY OPERATION	5	-2	2	-3	3
S =0
S =0
S =1
S =0
S =1
S =0
S =0
S =0
S =1
S =0
S =0
S =0
S =0
S =0
S =1
S =0
S =1
S =0
S =0
S =0
S =0
DISPLAYING LOOPS AFTER OPERATIONS	-2	2	-3	3
DISPLAYING LOOPS AFTER OPERATIONS	-3	3	5
DISPLAYING LOOPS AFTER OPERATIONS	-2	2	-3	3	5
(1/(sC2+G6+G2+G4)).G6.(1/(G6+sC1+G1)).G6.
(1/(G6+sC1+G1)).OP-.sC1.
(1/(sC2+G6+G2+G4)).G6.(1/(G6+sC1+G1)).OP-.G4.
SFG adapter completed.
