
WORKING
 n=8
CREATING NODE IN THE GRAPH: 2
CREATING NODE IN THE GRAPH: 4
CREATING NODE IN THE GRAPH: 8
CREATING NODE IN THE GRAPH: 16
CREATING NODE IN THE GRAPH: 32
CREATING NODE IN THE GRAPH: 64
CREATING NODE IN THE GRAPH: 128
CREATING NODE IN THE GRAPH: 256
CREATING INPUT NODE IN THE GRAPH: -100
CREATING OUTPUT NODE IN THE GRAPH: 100
CREATING GROUND NODE IN THE GRAPH: 1
VI_1_1
STRING OBTAINED IS 1

STRING OBTAINED IS 1
VI	1	1
3_1_VO
STRING OBTAINED IS 1

STRING OBTAINED IS 1
3	1	VO
SOURCE FOUND7
TRANSISTOR FOUND : M0 GDS 8 4 7
M0_8_4_7
SOURCE FOUND7
TRANSISTOR FOUND : M2 GDS 2 3 7
M2_2_3_7
SOURCE FOUND0
TRANSISTOR FOUND : M5 GDS 6 6 0
M5_6_6_0
SOURCE FOUND0
TRANSISTOR FOUND : M4 GDS 6 7 0
M4_6_7_0
SOURCE FOUND5
TRANSISTOR FOUND : P1 GDS 4 4 5
P1_4_4_5
SOURCE FOUND5
TRANSISTOR FOUND : P3 GDS 4 3 5
P3_4_3_5
5_G1_6
STRING OBTAINED IS G1

STRING OBTAINED IS G1
5	G1	6
1_G2_2
STRING OBTAINED IS G2

STRING OBTAINED IS G2
1	G2	2
1_G3_8
STRING OBTAINED IS G3

STRING OBTAINED IS G3
1	G3	8
NO. OF PHASES = %%%%%%%%%%%%%%%%%%%%%%%%%%%%%%%%%%%%%1
)))))))))))))))))))S1
 n=8
VI_1_1
SOURCE NODE OBTAINED FROM CKT FILE : VI
EDGE WEIGHT OBTAINED FROM CKT FILE : 1
DESTINATION NODE OBTAINED FROM CKT FILE : 1
CHECK HERE FOR DATA ENTERED IN CKT MAP 2
UPDATING BRANCHES FOR NODES -100 & 2
STRING OBTAINED IS 1

STRING OBTAINED IS 1
VI	1	1
3_1_VO
SOURCE NODE OBTAINED FROM CKT FILE : 3
EDGE WEIGHT OBTAINED FROM CKT FILE : 1
DESTINATION NODE OBTAINED FROM CKT FILE : VO
CHECK HERE FOR DATA ENTERED IN CKT MAP 8
UPDATING BRANCHES FOR NODES 8 & 100
STRING OBTAINED IS 1

STRING OBTAINED IS 1
3	1	VO
M0_8_4_7
LENGTH OF LINE : 8
7 & 1
SOURCE FOUND : 7
TRANSISTOR FOUND : M0 GDS 8 4 7
M2_2_3_7
LENGTH OF LINE : 8
7 & 1
SOURCE FOUND : 7
TRANSISTOR FOUND : M2 GDS 2 3 7
M5_6_6_0
LENGTH OF LINE : 8
7 & 1
SOURCE FOUND : 0
TRANSISTOR FOUND : M5 GDS 6 6 0
M4_6_7_0
LENGTH OF LINE : 8
7 & 1
SOURCE FOUND : 0
TRANSISTOR FOUND : M4 GDS 6 7 0
P1_4_4_5
LENGTH OF LINE : 8
7 & 1
SOURCE FOUND : 5
TRANSISTOR FOUND : P1 GDS 4 4 5
P3_4_3_5
LENGTH OF LINE : 8
7 & 1
SOURCE FOUND : 5
TRANSISTOR FOUND : P3 GDS 4 3 5
5_G1_6
SOURCE NODE OBTAINED FROM CKT FILE : 5
EDGE WEIGHT OBTAINED FROM CKT FILE : G1
DESTINATION NODE OBTAINED FROM CKT FILE : 6
DESTINATION NODE CONSIDERED FOR OPERATIONS 6
CHECK HERE FOR DATA ENTERED IN CKT MAP 32
CHECK HERE FOR DATA ENTERED IN CKT MAP 64
FLAG OF SOURCE NODE = 1
FLAG OF DESTINATION NODE = 1
UPDATING BRANCHES FOR NODES 32 & 64
STRING OBTAINED IS G1

STRING OBTAINED IS G1
5	G1	6
1_G2_2
SOURCE NODE OBTAINED FROM CKT FILE : 1
EDGE WEIGHT OBTAINED FROM CKT FILE : G2
DESTINATION NODE OBTAINED FROM CKT FILE : 2
DESTINATION NODE CONSIDERED FOR OPERATIONS 2
CHECK HERE FOR DATA ENTERED IN CKT MAP 4
FLAG OF SOURCE NODE = 0
FLAG OF DESTINATION NODE = 1
UPDATING BRANCHES FOR NODES 2 & 4
STRING OBTAINED IS G2

STRING OBTAINED IS G2
1	G2	2
1_G3_8
SOURCE NODE OBTAINED FROM CKT FILE : 1
EDGE WEIGHT OBTAINED FROM CKT FILE : G3
DESTINATION NODE OBTAINED FROM CKT FILE : 8
DESTINATION NODE CONSIDERED FOR OPERATIONS 8
CHECK HERE FOR DATA ENTERED IN CKT MAP 256
FLAG OF SOURCE NODE = 0
FLAG OF DESTINATION NODE = 1
UPDATING BRANCHES FOR NODES 2 & 256
STRING OBTAINED IS G3

STRING OBTAINED IS G3
1	G3	8
)))))))))))))))))))S0
VI_1_1
SOURCE NODE VI
EDGE WEIGHT 1
DESTINATION NODE 1
3_1_VO
2.000000	2.000000_S1
8.000000	8.000000_S1
256.000000	256.000000_S1
16.000000	16.000000_S1
128.000000	128.000000_S1
4.000000	4.000000_S1
64.000000	64.000000_S1
64.000000	64.000000_S1
32.000000	32.000000_S1
MOD _S=8.000000_S1
FLAG OF SOURCE IS  1


JJJJJJJJJJJJJJJJ




8
PHASE = S1
CALLED DP ELASTANCE








 NODE : 8.000000_S1






5_G1_6
LINE TAKEN FOR CONSIDERATION 5_G1_6
BEFORE TAKING OUT NUMBER 32.000000_S1
TS ==  32
NUMBER32
FLAG S =1 , FLAG D =1


JJJJJJJJJJJJJJJJ




32	G1
PHASE = S1
CALLED DP ELASTANCE
G1


JJJJJJJJJJJJJJJJ




64	G1
PHASE = S1
CALLED DP ELASTANCE
G1
1_G2_2
LINE TAKEN FOR CONSIDERATION 1_G2_2
BEFORE TAKING OUT NUMBER 2.000000_S1
TS ==  2
NUMBER2
FLAG S =0 , FLAG D =1
4


JJJJJJJJJJJJJJJJ




4	G2
PHASE = S1
CALLED DP ELASTANCE
G2
CHECK HEREEEEEEE-4.000000_S1&& 1/(G2)
1_G3_8
LINE TAKEN FOR CONSIDERATION 1_G3_8
BEFORE TAKING OUT NUMBER 2.000000_S1
TS ==  2
NUMBER2
FLAG S =0 , FLAG D =1
256


JJJJJJJJJJJJJJJJ




256	G3
PHASE = S1
CALLED DP ELASTANCE
G3
CHECK HEREEEEEEE-256.000000_S1&& 1/(G3)
TRANSISTOR : M0S1
GATE : 256.000000_S1
DRAIN : 16.000000_S1
SOURCE : 128.000000_S1
CONNECTED TO TRANSISTORS : M2S1 M4S1 P1S1 P3S1 
TRANSISTOR : M2S1
GATE : 4.000000_S1
DRAIN : 8.000000_S1
SOURCE : 128.000000_S1
CONNECTED TO TRANSISTORS : M0S1 M4S1 P3S1 
TRANSISTOR : M5S1
GATE : 64.000000_S1
DRAIN : 64.000000_S1
SOURCE : 1
CONNECTED TO TRANSISTORS : M4S1 
TRANSISTOR : M4S1
GATE : 64.000000_S1
DRAIN : 128.000000_S1
SOURCE : 1
CONNECTED TO TRANSISTORS : M0S1 M2S1 M5S1 
TRANSISTOR : P1S1
GATE : 16.000000_S1
DRAIN : 16.000000_S1
SOURCE : 32.000000_S1
CONNECTED TO TRANSISTORS : M0S1 P3S1 
TRANSISTOR : P3S1
GATE : 16.000000_S1
DRAIN : 8.000000_S1
SOURCE : 32.000000_S1
CONNECTED TO TRANSISTORS : M0S1 M2S1 P1S1 
	2.000000_S1


2.000000_S1 TAKEN FOR CONSIDERATION 
PHASE = 1
NEXT PHASE = 1
ID OF CURRENT NODE = 2
G2	G3	

Capacitor considered = G2
FOUND THE CAPACITOR IN THE OUTPUT BRANCH

Looking for capacitor G2 in NEXT phase 1 at node -100
Capacitor does not exits in the next phase 
Looking for capacitor G2 in NEXT phase 1 at node 2
G2
Capacitor G2 found in phase 1 connected to node 2 which is denoted by 2.000000_S1
PNEXT_NODE2.000000_S1
 size= 2 , -4.000000_S1 , G2
FOUND THE CAPACITOR IN THE OUTPUT BRANCH IN NEXT PHASE
FLAGD2 = 0
-4.000000_S1
UPDATED PNEXT_NODE -4.000000_S1
Branch drawn from 2.000000_S1 to -4.000000_S1 with edge weight = -z^-1G2

Capacitor considered = G3
FOUND THE CAPACITOR IN THE OUTPUT BRANCH

Looking for capacitor G3 in NEXT phase 1 at node -100
Capacitor does not exits in the next phase 
Looking for capacitor G3 in NEXT phase 1 at node 2
G2
G3
Capacitor G3 found in phase 1 connected to node 2 which is denoted by 2.000000_S1
PNEXT_NODE2.000000_S1
 size= 3 , -4.000000_S1 , G2
Let's take a look at the next one
 size= 3 , -256.000000_S1 , G3
FOUND THE CAPACITOR IN THE OUTPUT BRANCH IN NEXT PHASE
FLAGD2 = 0
-256.000000_S1
UPDATED PNEXT_NODE -256.000000_S1
Branch drawn from 2.000000_S1 to -256.000000_S1 with edge weight = -z^-1G3
256.000000_S1
TRANSISTORS CONNECTED TO THIS NODE ARE : 	M0S1
16.000000_S1
TRANSISTORS CONNECTED TO THIS NODE ARE : 	M0S1	P1S1	P3S1
128.000000_S1
TRANSISTORS CONNECTED TO THIS NODE ARE : 	M0S1	M2S1	M4S1
4.000000_S1
TRANSISTORS CONNECTED TO THIS NODE ARE : 	M2S1
8.000000_S1
TRANSISTORS CONNECTED TO THIS NODE ARE : 	M2S1	P3S1
64.000000_S1
TRANSISTORS CONNECTED TO THIS NODE ARE : 	M5S1	M4S1
32.000000_S1
TRANSISTORS CONNECTED TO THIS NODE ARE : 	P1S1	P3S1
CONSIDERING THE NODE : 256.000000_S1
CONSIDERING THE TRANSISTOR : M0S1
CHECKING THE TRANSISTOR M0S1
REMOVING M0S1
CHECKING NODE TYPE IN THE TRANSISTOR FOUND gate
PHASE = 1
PURE ID = 256.000000
PREVIOUS NODE ID : 256.000000_S1
MODIFIED NODE ID : 256.000000_S1
TYPEgate
HIHI256.000000_S1
DPIMP FOUND  : 1/(+s.CgsM0S1)Updating input and output branches here
CONSIDERING THE NODE : 16.000000_S1
CONSIDERING THE TRANSISTOR : M0S1
CHECKING THE TRANSISTOR M0S1
REMOVING M0S1
CHECKING NODE TYPE IN THE TRANSISTOR FOUND drain
PHASE = 1
PURE ID = 16.000000
PREVIOUS NODE ID : 16.000000_S1
MODIFIED NODE ID : 16.000000_S1
CONSIDERING THE TRANSISTOR : P1S1
CHECKING THE TRANSISTOR M0S1
CHECKING THE TRANSISTOR M2S1
CHECKING THE TRANSISTOR M5S1
CHECKING THE TRANSISTOR M4S1
CHECKING THE TRANSISTOR P1S1
REMOVING P1S1
CHECKING NODE TYPE IN THE TRANSISTOR FOUND gateDrain
PHASE = 1
PURE ID = 16.000000
PREVIOUS NODE ID : 16.000000_S1
MODIFIED NODE ID : 16.000000_S1
TYPEgateDrain
CONSIDERING THE TRANSISTOR : P3S1
CHECKING THE TRANSISTOR M0S1
CHECKING THE TRANSISTOR M2S1
CHECKING THE TRANSISTOR M5S1
CHECKING THE TRANSISTOR M4S1
CHECKING THE TRANSISTOR P1S1
CHECKING THE TRANSISTOR P3S1
REMOVING P3S1
CHECKING NODE TYPE IN THE TRANSISTOR FOUND gate
PHASE = 1
PURE ID = 16.000000
PREVIOUS NODE ID : 16.000000_S1
MODIFIED NODE ID : 16.000000_S1
TYPEgate
DPIMP FOUND  : 1/(+gdsM0S1+s.CdsM0S1+s.CgsP1S1+gmP1S1+gdsP1S1+s.CgsP3S1)Updating input and output branches here
CONSIDERING THE NODE : 128.000000_S1
CONSIDERING THE TRANSISTOR : M0S1
CHECKING THE TRANSISTOR M0S1
REMOVING M0S1
CHECKING NODE TYPE IN THE TRANSISTOR FOUND source
PHASE = 1
PURE ID = 128.000000
PREVIOUS NODE ID : 128.000000_S1
MODIFIED NODE ID : 128.000000_S1
TYPEsource
CONSIDERING THE TRANSISTOR : M2S1
CHECKING THE TRANSISTOR M0S1
CHECKING THE TRANSISTOR M2S1
REMOVING M2S1
CHECKING NODE TYPE IN THE TRANSISTOR FOUND source
PHASE = 1
PURE ID = 128.000000
PREVIOUS NODE ID : 128.000000_S1
MODIFIED NODE ID : 128.000000_S1
TYPEsource
CONSIDERING THE TRANSISTOR : M4S1
CHECKING THE TRANSISTOR M0S1
CHECKING THE TRANSISTOR M2S1
CHECKING THE TRANSISTOR M5S1
CHECKING THE TRANSISTOR M4S1
REMOVING M4S1
CHECKING NODE TYPE IN THE TRANSISTOR FOUND drain
PHASE = 1
PURE ID = 128.000000
PREVIOUS NODE ID : 128.000000_S1
MODIFIED NODE ID : 128.000000_S1
DPIMP FOUND  : 1/(+gdsM0S1+s.CgsM0S1+s.CdsM0S1+gdsM2S1+s.CgsM2S1+s.CdsM2S1+gdsM4S1+s.CdsM4S1)Updating input and output branches here
CONSIDERING THE NODE : 4.000000_S1
CONSIDERING THE TRANSISTOR : M2S1
CHECKING THE TRANSISTOR M0S1
CHECKING THE TRANSISTOR M2S1
REMOVING M2S1
CHECKING NODE TYPE IN THE TRANSISTOR FOUND gate
PHASE = 1
PURE ID = 4.000000
PREVIOUS NODE ID : 4.000000_S1
MODIFIED NODE ID : 4.000000_S1
TYPEgate
HIHI4.000000_S1
DPIMP FOUND  : 1/(+s.CgsM2S1)Updating input and output branches here
CONSIDERING THE NODE : 8.000000_S1
CONSIDERING THE TRANSISTOR : M2S1
CHECKING THE TRANSISTOR M0S1
CHECKING THE TRANSISTOR M2S1
REMOVING M2S1
CHECKING NODE TYPE IN THE TRANSISTOR FOUND drain
PHASE = 1
PURE ID = 8.000000
PREVIOUS NODE ID : 8.000000_S1
MODIFIED NODE ID : 8.000000_S1
CONSIDERING THE TRANSISTOR : P3S1
CHECKING THE TRANSISTOR M0S1
CHECKING THE TRANSISTOR M2S1
CHECKING THE TRANSISTOR M5S1
CHECKING THE TRANSISTOR M4S1
CHECKING THE TRANSISTOR P1S1
CHECKING THE TRANSISTOR P3S1
REMOVING P3S1
CHECKING NODE TYPE IN THE TRANSISTOR FOUND drain
PHASE = 1
PURE ID = 8.000000
PREVIOUS NODE ID : 8.000000_S1
MODIFIED NODE ID : 8.000000_S1
DPIMP FOUND  : 1/(+gdsM2S1+s.CdsM2S1+gdsP3S1+s.CdsP3S1)Updating input and output branches here
CONSIDERING THE NODE : 64.000000_S1
CONSIDERING THE TRANSISTOR : M5S1
CHECKING THE TRANSISTOR M0S1
CHECKING THE TRANSISTOR M2S1
CHECKING THE TRANSISTOR M5S1
REMOVING M5S1
CHECKING NODE TYPE IN THE TRANSISTOR FOUND gateDrain
PHASE = 1
PURE ID = 64.000000
PREVIOUS NODE ID : 64.000000_S1
MODIFIED NODE ID : 64.000000_S1
TYPEgateDrain
CONSIDERING THE TRANSISTOR : M4S1
CHECKING THE TRANSISTOR M0S1
CHECKING THE TRANSISTOR M2S1
CHECKING THE TRANSISTOR M5S1
CHECKING THE TRANSISTOR M4S1
REMOVING M4S1
CHECKING NODE TYPE IN THE TRANSISTOR FOUND gate
PHASE = 1
PURE ID = 64.000000
PREVIOUS NODE ID : 64.000000_S1
MODIFIED NODE ID : 64.000000_S1
TYPEgate
HIHI64.000000_S1
DPIMP FOUND  : 1/(+s.CgsM5S1+gmM5S1+gdsM5S1+s.CgsM4S1)Updating input and output branches here
CONSIDERING THE NODE : 32.000000_S1
CONSIDERING THE TRANSISTOR : P1S1
CHECKING THE TRANSISTOR M0S1
CHECKING THE TRANSISTOR M2S1
CHECKING THE TRANSISTOR M5S1
CHECKING THE TRANSISTOR M4S1
CHECKING THE TRANSISTOR P1S1
REMOVING P1S1
CHECKING NODE TYPE IN THE TRANSISTOR FOUND source
PHASE = 1
PURE ID = 32.000000
PREVIOUS NODE ID : 32.000000_S1
MODIFIED NODE ID : 32.000000_S1
TYPEsource
CONSIDERING THE TRANSISTOR : P3S1
CHECKING THE TRANSISTOR M0S1
CHECKING THE TRANSISTOR M2S1
CHECKING THE TRANSISTOR M5S1
CHECKING THE TRANSISTOR M4S1
CHECKING THE TRANSISTOR P1S1
CHECKING THE TRANSISTOR P3S1
REMOVING P3S1
CHECKING NODE TYPE IN THE TRANSISTOR FOUND source
PHASE = 1
PURE ID = 32.000000
PREVIOUS NODE ID : 32.000000_S1
MODIFIED NODE ID : 32.000000_S1
TYPEsource
DPIMP FOUND  : 1/(+gdsP1S1+s.CgsP1S1+s.CdsP1S1+gdsP3S1+s.CgsP3S1+s.CdsP3S1)Updating input and output branches here
FINAL SIGNAL FLOW GRAPH
*****************************************************
NODE ID: -100	FLAG = 0

NO INPUTS

OUTPUTS
2.000000_S1	1
*****************************************************
NODE ID: -128.000000_S1	FLAG = 0

INPUTS
256.000000_S1	gmM0S1
4.000000_S1	gmM2S1
64.000000_S1	-gmM4S1

OUTPUTS
128.000000_S1	1/(gdsM0S1+s.CgsM0S1+s.CdsM0S1+gdsM2S1+s.CgsM2S1+s.CdsM2S1+gdsM4S1+s.CdsM4S1)
*****************************************************
NODE ID: -16.000000_S1	FLAG = 0

INPUTS
128.000000_S1	gmM0S1
256.000000_S1	-gmM0S1
32.000000_S1	gmP1S1

OUTPUTS
16.000000_S1	1/(gdsM0S1+s.CdsM0S1+s.CgsP1S1+gmP1S1+gdsP1S1+s.CgsP3S1)
*****************************************************
NODE ID: -256.000000_S1	FLAG = 0

INPUTS
2.000000_S1	G3

OUTPUTS
256.000000_S1	1/(G3+s.CgsM0S1)
*****************************************************
NODE ID: -32.000000_S1	FLAG = 0

INPUTS
16.000000_S1	gmP1S1
64.000000_S1	G1

OUTPUTS
32.000000_S1	1/(G1+gdsP1S1+s.CgsP1S1+s.CdsP1S1+gdsP3S1+s.CgsP3S1+s.CdsP3S1)
*****************************************************
NODE ID: -4.000000_S1	FLAG = 0

INPUTS
2.000000_S1	G2

OUTPUTS
4.000000_S1	1/(G2+s.CgsM2S1)
*****************************************************
NODE ID: -64.000000_S1	FLAG = 0

INPUTS
32.000000_S1	G1

OUTPUTS
64.000000_S1	1/(G1+s.CgsM5S1+gmM5S1+gdsM5S1+s.CgsM4S1)
*****************************************************
NODE ID: -8.000000_S1	FLAG = 0

INPUTS
128.000000_S1	gmM2S1
16.000000_S1	-gmP3S1
32.000000_S1	gmP3S1
4.000000_S1	-gmM2S1

OUTPUTS
8.000000_S1	1/(+gdsM2S1+s.CdsM2S1+gdsP3S1+s.CdsP3S1)
*****************************************************
NODE ID: 1	FLAG = 0

NO INPUTS

NO OUTPUTS
*****************************************************
NODE ID: 100	FLAG = 0

INPUTS
8.000000_S1	1

NO OUTPUTS
*****************************************************
NODE ID: 128.000000_S1	FLAG = 1

INPUTS
-128.000000_S1	1/(gdsM0S1+s.CgsM0S1+s.CdsM0S1+gdsM2S1+s.CgsM2S1+s.CdsM2S1+gdsM4S1+s.CdsM4S1)

OUTPUTS
-16.000000_S1	gmM0S1
-8.000000_S1	gmM2S1
*****************************************************
NODE ID: 16.000000_S1	FLAG = 1

INPUTS
-16.000000_S1	1/(gdsM0S1+s.CdsM0S1+s.CgsP1S1+gmP1S1+gdsP1S1+s.CgsP3S1)

OUTPUTS
-32.000000_S1	gmP1S1
-8.000000_S1	-gmP3S1
*****************************************************
NODE ID: 2.000000_S1	FLAG = 0

INPUTS
-100	1

OUTPUTS
-256.000000_S1	G3
-4.000000_S1	G2
*****************************************************
NODE ID: 256.000000_S1	FLAG = 1

INPUTS
-256.000000_S1	1/(G3+s.CgsM0S1)

OUTPUTS
-128.000000_S1	gmM0S1
-16.000000_S1	-gmM0S1
*****************************************************
NODE ID: 32.000000_S1	FLAG = 1

INPUTS
-32.000000_S1	1/(G1+gdsP1S1+s.CgsP1S1+s.CdsP1S1+gdsP3S1+s.CgsP3S1+s.CdsP3S1)

OUTPUTS
-16.000000_S1	gmP1S1
-64.000000_S1	G1
-8.000000_S1	gmP3S1
*****************************************************
NODE ID: 4.000000_S1	FLAG = 1

INPUTS
-4.000000_S1	1/(G2+s.CgsM2S1)

OUTPUTS
-128.000000_S1	gmM2S1
-8.000000_S1	-gmM2S1
*****************************************************
NODE ID: 64.000000_S1	FLAG = 1

INPUTS
-64.000000_S1	1/(G1+s.CgsM5S1+gmM5S1+gdsM5S1+s.CgsM4S1)

OUTPUTS
-128.000000_S1	-gmM4S1
-32.000000_S1	G1
*****************************************************
NODE ID: 8.000000_S1	FLAG = 1

INPUTS
-8.000000_S1	1/(+gdsM2S1+s.CdsM2S1+gdsP3S1+s.CdsP3S1)

OUTPUTS
100	1Output file has been written successfully.
SFG adapter completed.
