
WORKING
 n=15
CREATING NODE IN THE GRAPH: 2
CREATING NODE IN THE GRAPH: 4
CREATING NODE IN THE GRAPH: 8
CREATING NODE IN THE GRAPH: 16
CREATING NODE IN THE GRAPH: 32
CREATING NODE IN THE GRAPH: 64
CREATING NODE IN THE GRAPH: 128
CREATING NODE IN THE GRAPH: 256
CREATING NODE IN THE GRAPH: 512
CREATING NODE IN THE GRAPH: 1024
CREATING NODE IN THE GRAPH: 2048
CREATING NODE IN THE GRAPH: 4096
CREATING NODE IN THE GRAPH: 8192
CREATING NODE IN THE GRAPH: 16384
CREATING NODE IN THE GRAPH: 32768
CREATING NODE IN THE GRAPH: -100
CREATING NODE IN THE GRAPH: 100
CREATING NODE IN THE GRAPH: 1
VI_1_1
STRING OBTAINED IS 1

STRING OBTAINED IS 1
VI	1	1
9_1_VO
STRING OBTAINED IS 1

STRING OBTAINED IS 1
9	1	VO
2_C11_3
STRING OBTAINED IS C11

STRING OBTAINED IS C11
2	C11	3
4_OP-_5
STRING OBTAINED IS OP-

STRING OBTAINED IS OP-
4	OP-	5
5_C1_4
STRING OBTAINED IS C1

STRING OBTAINED IS C1
5	C1	4
6_C25_7
STRING OBTAINED IS C25

STRING OBTAINED IS C25
6	C25	7
8_OP-_9
STRING OBTAINED IS OP-

STRING OBTAINED IS OP-
8	OP-	9
9_C2_8
STRING OBTAINED IS C2

STRING OBTAINED IS C2
9	C2	8
10_C26_11
STRING OBTAINED IS C26

STRING OBTAINED IS C26
10	C26	11
12_C14_13
STRING OBTAINED IS C14

STRING OBTAINED IS C14
12	C14	13
14_C22_15
STRING OBTAINED IS C22

STRING OBTAINED IS C22
14	C22	15
1_C23_8
STRING OBTAINED IS C23

STRING OBTAINED IS C23
1	C23	8
1_S1_2
STRING OBTAINED IS S1

STRING OBTAINED IS S1
1	S1	2
3_S1_4
STRING OBTAINED IS S1

STRING OBTAINED IS S1
3	S1	4
5_S1_6
STRING OBTAINED IS S1

STRING OBTAINED IS S1
5	S1	6
7_S1_8
STRING OBTAINED IS S1

STRING OBTAINED IS S1
7	S1	8
9_S1_10
STRING OBTAINED IS S1

STRING OBTAINED IS S1
9	S1	10
9_S1_12
STRING OBTAINED IS S1

STRING OBTAINED IS S1
9	S1	12
11_S1_8
STRING OBTAINED IS S1

STRING OBTAINED IS S1
11	S1	8
13_S1_4
STRING OBTAINED IS S1

STRING OBTAINED IS S1
13	S1	4
1_S1_14
STRING OBTAINED IS S1

STRING OBTAINED IS S1
1	S1	14
15_S1_8
STRING OBTAINED IS S1

STRING OBTAINED IS S1
15	S1	8
2_S2_0
STRING OBTAINED IS S2

STRING OBTAINED IS S2
2	S2	0
3_S2_0
STRING OBTAINED IS S2

STRING OBTAINED IS S2
3	S2	0
6_S2_0
STRING OBTAINED IS S2

STRING OBTAINED IS S2
6	S2	0
7_S2_0
STRING OBTAINED IS S2

STRING OBTAINED IS S2
7	S2	0
13_S2_0
STRING OBTAINED IS S2

STRING OBTAINED IS S2
13	S2	0
12_S2_0
STRING OBTAINED IS S2

STRING OBTAINED IS S2
12	S2	0
11_S2_0
STRING OBTAINED IS S2

STRING OBTAINED IS S2
11	S2	0
10_S2_0
STRING OBTAINED IS S2

STRING OBTAINED IS S2
10	S2	0
14_S2_0
STRING OBTAINED IS S2

STRING OBTAINED IS S2
14	S2	0
15_S2_0
STRING OBTAINED IS S2

STRING OBTAINED IS S2
15	S2	0
NO. OF PHASES = %%%%%%%%%%%%%%%%%%%%%%%%%%%%%%%%%%%%%2
)))))))))))))))))))S1
 n=15
VI_1_1
SOURCE NODE OBTAINED FROM CKT FILE : VI
EDGE WEIGHT OBTAINED FROM CKT FILE : 1
DESTINATION NODE OBTAINED FROM CKT FILE : 1
CHECK HERE FOR DATA ENTERED IN CKT MAP 2
UPDATING BRANCHES FOR NODES -100 & 2
STRING OBTAINED IS 1

STRING OBTAINED IS 1
VI	1	1
9_1_VO
SOURCE NODE OBTAINED FROM CKT FILE : 9
EDGE WEIGHT OBTAINED FROM CKT FILE : 1
DESTINATION NODE OBTAINED FROM CKT FILE : VO
CHECK HERE FOR DATA ENTERED IN CKT MAP 512
UPDATING BRANCHES FOR NODES 512 & 100
STRING OBTAINED IS 1

STRING OBTAINED IS 1
9	1	VO
2_C11_3
SOURCE NODE OBTAINED FROM CKT FILE : 2
EDGE WEIGHT OBTAINED FROM CKT FILE : C11
DESTINATION NODE OBTAINED FROM CKT FILE : 3
DESTINATION NODE CONSIDERED FOR OPERATIONS 3
CHECK HERE FOR DATA ENTERED IN CKT MAP 4
CHECK HERE FOR DATA ENTERED IN CKT MAP 8
FLAG OF SOURCE NODE = 1
FLAG OF DESTINATION NODE = 1
UPDATING BRANCHES FOR NODES 4 & 8
STRING OBTAINED IS C11

STRING OBTAINED IS C11
2	C11	3
4_OP-_5
SOURCE NODE OBTAINED FROM CKT FILE : 4
EDGE WEIGHT OBTAINED FROM CKT FILE : OP-
DESTINATION NODE OBTAINED FROM CKT FILE : 5
DESTINATION NODE CONSIDERED FOR OPERATIONS 5
CHECK HERE FOR DATA ENTERED IN CKT MAP 16
CHECK HERE FOR DATA ENTERED IN CKT MAP 32
FLAG OF SOURCE NODE = 1
FLAG OF DESTINATION NODE = 0
UPDATING BRANCHES FOR NODES 16 & 32
STRING OBTAINED IS OP-

STRING OBTAINED IS OP-
4	OP-	5
5_C1_4
SOURCE NODE OBTAINED FROM CKT FILE : 5
EDGE WEIGHT OBTAINED FROM CKT FILE : C1
DESTINATION NODE OBTAINED FROM CKT FILE : 4
DESTINATION NODE CONSIDERED FOR OPERATIONS 4
FLAG OF SOURCE NODE = 0
FLAG OF DESTINATION NODE = 1
UPDATING BRANCHES FOR NODES 32 & 16
STRING OBTAINED IS C1

STRING OBTAINED IS C1
5	C1	4
6_C25_7
SOURCE NODE OBTAINED FROM CKT FILE : 6
EDGE WEIGHT OBTAINED FROM CKT FILE : C25
DESTINATION NODE OBTAINED FROM CKT FILE : 7
DESTINATION NODE CONSIDERED FOR OPERATIONS 7
CHECK HERE FOR DATA ENTERED IN CKT MAP 64
CHECK HERE FOR DATA ENTERED IN CKT MAP 128
FLAG OF SOURCE NODE = 1
FLAG OF DESTINATION NODE = 1
UPDATING BRANCHES FOR NODES 64 & 128
STRING OBTAINED IS C25

STRING OBTAINED IS C25
6	C25	7
8_OP-_9
SOURCE NODE OBTAINED FROM CKT FILE : 8
EDGE WEIGHT OBTAINED FROM CKT FILE : OP-
DESTINATION NODE OBTAINED FROM CKT FILE : 9
DESTINATION NODE CONSIDERED FOR OPERATIONS 9
CHECK HERE FOR DATA ENTERED IN CKT MAP 256
FLAG OF SOURCE NODE = 1
FLAG OF DESTINATION NODE = 0
UPDATING BRANCHES FOR NODES 256 & 512
STRING OBTAINED IS OP-

STRING OBTAINED IS OP-
8	OP-	9
9_C2_8
SOURCE NODE OBTAINED FROM CKT FILE : 9
EDGE WEIGHT OBTAINED FROM CKT FILE : C2
DESTINATION NODE OBTAINED FROM CKT FILE : 8
DESTINATION NODE CONSIDERED FOR OPERATIONS 8
FLAG OF SOURCE NODE = 0
FLAG OF DESTINATION NODE = 1
UPDATING BRANCHES FOR NODES 512 & 256
STRING OBTAINED IS C2

STRING OBTAINED IS C2
9	C2	8
10_C26_11
SOURCE NODE OBTAINED FROM CKT FILE : 10
EDGE WEIGHT OBTAINED FROM CKT FILE : C26
DESTINATION NODE OBTAINED FROM CKT FILE : 11
DESTINATION NODE CONSIDERED FOR OPERATIONS 11
CHECK HERE FOR DATA ENTERED IN CKT MAP 1024
CHECK HERE FOR DATA ENTERED IN CKT MAP 2048
FLAG OF SOURCE NODE = 1
FLAG OF DESTINATION NODE = 1
UPDATING BRANCHES FOR NODES 1024 & 2048
STRING OBTAINED IS C26

STRING OBTAINED IS C26
10	C26	11
12_C14_13
SOURCE NODE OBTAINED FROM CKT FILE : 12
EDGE WEIGHT OBTAINED FROM CKT FILE : C14
DESTINATION NODE OBTAINED FROM CKT FILE : 13
DESTINATION NODE CONSIDERED FOR OPERATIONS 13
CHECK HERE FOR DATA ENTERED IN CKT MAP 4096
CHECK HERE FOR DATA ENTERED IN CKT MAP 8192
FLAG OF SOURCE NODE = 1
FLAG OF DESTINATION NODE = 1
UPDATING BRANCHES FOR NODES 4096 & 8192
STRING OBTAINED IS C14

STRING OBTAINED IS C14
12	C14	13
14_C22_15
SOURCE NODE OBTAINED FROM CKT FILE : 14
EDGE WEIGHT OBTAINED FROM CKT FILE : C22
DESTINATION NODE OBTAINED FROM CKT FILE : 15
DESTINATION NODE CONSIDERED FOR OPERATIONS 15
CHECK HERE FOR DATA ENTERED IN CKT MAP 16384
CHECK HERE FOR DATA ENTERED IN CKT MAP 32768
FLAG OF SOURCE NODE = 1
FLAG OF DESTINATION NODE = 1
UPDATING BRANCHES FOR NODES 16384 & 32768
STRING OBTAINED IS C22

STRING OBTAINED IS C22
14	C22	15
1_C23_8
SOURCE NODE OBTAINED FROM CKT FILE : 1
EDGE WEIGHT OBTAINED FROM CKT FILE : C23
DESTINATION NODE OBTAINED FROM CKT FILE : 8
DESTINATION NODE CONSIDERED FOR OPERATIONS 8
FLAG OF SOURCE NODE = 0
FLAG OF DESTINATION NODE = 1
UPDATING BRANCHES FOR NODES 2 & 256
STRING OBTAINED IS C23

STRING OBTAINED IS C23
1	C23	8
1_S1_2
SOURCE NODE OBTAINED FROM CKT FILE : 1
EDGE WEIGHT OBTAINED FROM CKT FILE : S1
DESTINATION NODE OBTAINED FROM CKT FILE : 2
ID 1 =2.000000_S1 CORRESPONDING TO NODE ID 2.000000 & SND 1 = 2.000000
ID 2 =4.000000_S1 CORRESPONDING TO NODE ID 4.000000 & SND 2 = 4.000000
NEW NODE 1 =2.000000_S1 & NEW NODE 2 = 4.000000_S1
MODIFIED NODE ID OF 2.000000 UPDATED TO 6.000000_S1
MODIFIED NODE ID OF 4.000000 UPDATED TO 6.000000_S12.000000<=>6.000000_S1	512.000000<=>512.000000_S1	4.000000<=>6.000000_S1	8.000000<=>8.000000_S1	16.000000<=>16.000000_S1	32.000000<=>32.000000_S1	64.000000<=>64.000000_S1	128.000000<=>128.000000_S1	256.000000<=>256.000000_S1	1024.000000<=>1024.000000_S1	2048.000000<=>2048.000000_S1	4096.000000<=>4096.000000_S1	8192.000000<=>8192.000000_S1	16384.000000<=>16384.000000_S1	32768.000000<=>32768.000000_S1	
 st USED FOR SEARCHING IS  4.000000_S1
 su USED FOR SEARCHING IS  2.000000_S1
2.000000_S1	4.000000_S1
FT=  1 FU= 0 at Phase S1
4.000000_S1
4.000000_S1
3_S1_4
SOURCE NODE OBTAINED FROM CKT FILE : 3
EDGE WEIGHT OBTAINED FROM CKT FILE : S1
DESTINATION NODE OBTAINED FROM CKT FILE : 4
ID 1 =8.000000_S1 CORRESPONDING TO NODE ID 8.000000 & SND 1 = 8.000000
ID 2 =16.000000_S1 CORRESPONDING TO NODE ID 16.000000 & SND 2 = 16.000000
NEW NODE 1 =8.000000_S1 & NEW NODE 2 = 16.000000_S1
MODIFIED NODE ID OF 8.000000 UPDATED TO 24.000000_S1
MODIFIED NODE ID OF 16.000000 UPDATED TO 24.000000_S12.000000<=>6.000000_S1	512.000000<=>512.000000_S1	4.000000<=>6.000000_S1	8.000000<=>24.000000_S1	16.000000<=>24.000000_S1	32.000000<=>32.000000_S1	64.000000<=>64.000000_S1	128.000000<=>128.000000_S1	256.000000<=>256.000000_S1	1024.000000<=>1024.000000_S1	2048.000000<=>2048.000000_S1	4096.000000<=>4096.000000_S1	8192.000000<=>8192.000000_S1	16384.000000<=>16384.000000_S1	32768.000000<=>32768.000000_S1	
 st USED FOR SEARCHING IS  16.000000_S1
 su USED FOR SEARCHING IS  8.000000_S1
8.000000_S1	16.000000_S1
FT=  1 FU= 1 at Phase S1
16.000000_S1
16.000000_S1
5_S1_6
SOURCE NODE OBTAINED FROM CKT FILE : 5
EDGE WEIGHT OBTAINED FROM CKT FILE : S1
DESTINATION NODE OBTAINED FROM CKT FILE : 6
ID 1 =32.000000_S1 CORRESPONDING TO NODE ID 32.000000 & SND 1 = 32.000000
ID 2 =64.000000_S1 CORRESPONDING TO NODE ID 64.000000 & SND 2 = 64.000000
NEW NODE 1 =32.000000_S1 & NEW NODE 2 = 64.000000_S1
MODIFIED NODE ID OF 32.000000 UPDATED TO 96.000000_S1
MODIFIED NODE ID OF 64.000000 UPDATED TO 96.000000_S12.000000<=>6.000000_S1	512.000000<=>512.000000_S1	4.000000<=>6.000000_S1	8.000000<=>24.000000_S1	16.000000<=>24.000000_S1	32.000000<=>96.000000_S1	64.000000<=>96.000000_S1	128.000000<=>128.000000_S1	256.000000<=>256.000000_S1	1024.000000<=>1024.000000_S1	2048.000000<=>2048.000000_S1	4096.000000<=>4096.000000_S1	8192.000000<=>8192.000000_S1	16384.000000<=>16384.000000_S1	32768.000000<=>32768.000000_S1	
 st USED FOR SEARCHING IS  64.000000_S1
 su USED FOR SEARCHING IS  32.000000_S1
32.000000_S1	64.000000_S1
FT=  1 FU= 0 at Phase S1
64.000000_S1
64.000000_S1
7_S1_8
SOURCE NODE OBTAINED FROM CKT FILE : 7
EDGE WEIGHT OBTAINED FROM CKT FILE : S1
DESTINATION NODE OBTAINED FROM CKT FILE : 8
ID 1 =128.000000_S1 CORRESPONDING TO NODE ID 128.000000 & SND 1 = 128.000000
ID 2 =256.000000_S1 CORRESPONDING TO NODE ID 256.000000 & SND 2 = 256.000000
NEW NODE 1 =128.000000_S1 & NEW NODE 2 = 256.000000_S1
MODIFIED NODE ID OF 128.000000 UPDATED TO 384.000000_S1
MODIFIED NODE ID OF 256.000000 UPDATED TO 384.000000_S12.000000<=>6.000000_S1	512.000000<=>512.000000_S1	4.000000<=>6.000000_S1	8.000000<=>24.000000_S1	16.000000<=>24.000000_S1	32.000000<=>96.000000_S1	64.000000<=>96.000000_S1	128.000000<=>384.000000_S1	256.000000<=>384.000000_S1	1024.000000<=>1024.000000_S1	2048.000000<=>2048.000000_S1	4096.000000<=>4096.000000_S1	8192.000000<=>8192.000000_S1	16384.000000<=>16384.000000_S1	32768.000000<=>32768.000000_S1	
 st USED FOR SEARCHING IS  256.000000_S1
 su USED FOR SEARCHING IS  128.000000_S1
128.000000_S1	256.000000_S1
FT=  1 FU= 1 at Phase S1
256.000000_S1
256.000000_S1
9_S1_10
SOURCE NODE OBTAINED FROM CKT FILE : 9
EDGE WEIGHT OBTAINED FROM CKT FILE : S1
DESTINATION NODE OBTAINED FROM CKT FILE : 10
ID 1 =512.000000_S1 CORRESPONDING TO NODE ID 512.000000 & SND 1 = 512.000000
ID 2 =1024.000000_S1 CORRESPONDING TO NODE ID 1024.000000 & SND 2 = 1024.000000
NEW NODE 1 =512.000000_S1 & NEW NODE 2 = 1024.000000_S1
MODIFIED NODE ID OF 512.000000 UPDATED TO 1536.000000_S1
MODIFIED NODE ID OF 1024.000000 UPDATED TO 1536.000000_S12.000000<=>6.000000_S1	512.000000<=>1536.000000_S1	4.000000<=>6.000000_S1	8.000000<=>24.000000_S1	16.000000<=>24.000000_S1	32.000000<=>96.000000_S1	64.000000<=>96.000000_S1	128.000000<=>384.000000_S1	256.000000<=>384.000000_S1	1024.000000<=>1536.000000_S1	2048.000000<=>2048.000000_S1	4096.000000<=>4096.000000_S1	8192.000000<=>8192.000000_S1	16384.000000<=>16384.000000_S1	32768.000000<=>32768.000000_S1	
 st USED FOR SEARCHING IS  1024.000000_S1
 su USED FOR SEARCHING IS  512.000000_S1
512.000000_S1	1024.000000_S1
FT=  1 FU= 0 at Phase S1
1024.000000_S1
1024.000000_S1
9_S1_12
SOURCE NODE OBTAINED FROM CKT FILE : 9
EDGE WEIGHT OBTAINED FROM CKT FILE : S1
DESTINATION NODE OBTAINED FROM CKT FILE : 12
ID 1 =1536.000000_S1 CORRESPONDING TO NODE ID 512.000000 & SND 1 = 512.000000
ID 2 =4096.000000_S1 CORRESPONDING TO NODE ID 4096.000000 & SND 2 = 4096.000000
NEW NODE 1 =1536.000000_S1 & NEW NODE 2 = 4096.000000_S1
MODIFIED NODE ID OF 512.000000 UPDATED TO 5632.000000_S1
MODIFIED NODE ID OF 4096.000000 UPDATED TO 5632.000000_S12.000000<=>6.000000_S1	512.000000<=>5632.000000_S1	4.000000<=>6.000000_S1	8.000000<=>24.000000_S1	16.000000<=>24.000000_S1	32.000000<=>96.000000_S1	64.000000<=>96.000000_S1	128.000000<=>384.000000_S1	256.000000<=>384.000000_S1	1024.000000<=>5632.000000_S1	2048.000000<=>2048.000000_S1	4096.000000<=>5632.000000_S1	8192.000000<=>8192.000000_S1	16384.000000<=>16384.000000_S1	32768.000000<=>32768.000000_S1	
 st USED FOR SEARCHING IS  4096.000000_S1
 su USED FOR SEARCHING IS  1536.000000_S1
1536.000000_S1	4096.000000_S1
FT=  1 FU= 0 at Phase S1
4096.000000_S1
4096.000000_S1
11_S1_8
SOURCE NODE OBTAINED FROM CKT FILE : 11
EDGE WEIGHT OBTAINED FROM CKT FILE : S1
DESTINATION NODE OBTAINED FROM CKT FILE : 8
ID 1 =2048.000000_S1 CORRESPONDING TO NODE ID 2048.000000 & SND 1 = 2048.000000
ID 2 =384.000000_S1 CORRESPONDING TO NODE ID 256.000000 & SND 2 = 256.000000
NEW NODE 1 =2048.000000_S1 & NEW NODE 2 = 384.000000_S1
MODIFIED NODE ID OF 256.000000 UPDATED TO 2432.000000_S1
MODIFIED NODE ID OF 2048.000000 UPDATED TO 2432.000000_S12.000000<=>6.000000_S1	512.000000<=>5632.000000_S1	4.000000<=>6.000000_S1	8.000000<=>24.000000_S1	16.000000<=>24.000000_S1	32.000000<=>96.000000_S1	64.000000<=>96.000000_S1	128.000000<=>2432.000000_S1	256.000000<=>2432.000000_S1	1024.000000<=>5632.000000_S1	2048.000000<=>2432.000000_S1	4096.000000<=>5632.000000_S1	8192.000000<=>8192.000000_S1	16384.000000<=>16384.000000_S1	32768.000000<=>32768.000000_S1	
 st USED FOR SEARCHING IS  384.000000_S1
 su USED FOR SEARCHING IS  2048.000000_S1
2048.000000_S1	384.000000_S1
FT=  1 FU= 1 at Phase S1
384.000000_S1
384.000000_S1
13_S1_4
SOURCE NODE OBTAINED FROM CKT FILE : 13
EDGE WEIGHT OBTAINED FROM CKT FILE : S1
DESTINATION NODE OBTAINED FROM CKT FILE : 4
ID 1 =8192.000000_S1 CORRESPONDING TO NODE ID 8192.000000 & SND 1 = 8192.000000
ID 2 =24.000000_S1 CORRESPONDING TO NODE ID 16.000000 & SND 2 = 16.000000
NEW NODE 1 =8192.000000_S1 & NEW NODE 2 = 24.000000_S1
MODIFIED NODE ID OF 16.000000 UPDATED TO 8216.000000_S1
MODIFIED NODE ID OF 8192.000000 UPDATED TO 8216.000000_S12.000000<=>6.000000_S1	512.000000<=>5632.000000_S1	4.000000<=>6.000000_S1	8.000000<=>8216.000000_S1	16.000000<=>8216.000000_S1	32.000000<=>96.000000_S1	64.000000<=>96.000000_S1	128.000000<=>2432.000000_S1	256.000000<=>2432.000000_S1	1024.000000<=>5632.000000_S1	2048.000000<=>2432.000000_S1	4096.000000<=>5632.000000_S1	8192.000000<=>8216.000000_S1	16384.000000<=>16384.000000_S1	32768.000000<=>32768.000000_S1	
 st USED FOR SEARCHING IS  24.000000_S1
 su USED FOR SEARCHING IS  8192.000000_S1
8192.000000_S1	24.000000_S1
FT=  1 FU= 1 at Phase S1
24.000000_S1
24.000000_S1
1_S1_14
SOURCE NODE OBTAINED FROM CKT FILE : 1
EDGE WEIGHT OBTAINED FROM CKT FILE : S1
DESTINATION NODE OBTAINED FROM CKT FILE : 14
ID 1 =6.000000_S1 CORRESPONDING TO NODE ID 2.000000 & SND 1 = 2.000000
ID 2 =16384.000000_S1 CORRESPONDING TO NODE ID 16384.000000 & SND 2 = 16384.000000
NEW NODE 1 =6.000000_S1 & NEW NODE 2 = 16384.000000_S1
MODIFIED NODE ID OF 2.000000 UPDATED TO 16390.000000_S1
MODIFIED NODE ID OF 16384.000000 UPDATED TO 16390.000000_S12.000000<=>16390.000000_S1	512.000000<=>5632.000000_S1	4.000000<=>16390.000000_S1	8.000000<=>8216.000000_S1	16.000000<=>8216.000000_S1	32.000000<=>96.000000_S1	64.000000<=>96.000000_S1	128.000000<=>2432.000000_S1	256.000000<=>2432.000000_S1	1024.000000<=>5632.000000_S1	2048.000000<=>2432.000000_S1	4096.000000<=>5632.000000_S1	8192.000000<=>8216.000000_S1	16384.000000<=>16390.000000_S1	32768.000000<=>32768.000000_S1	
 st USED FOR SEARCHING IS  16384.000000_S1
 su USED FOR SEARCHING IS  6.000000_S1
6.000000_S1	16384.000000_S1
FT=  1 FU= 0 at Phase S1
16384.000000_S1
16384.000000_S1
15_S1_8
SOURCE NODE OBTAINED FROM CKT FILE : 15
EDGE WEIGHT OBTAINED FROM CKT FILE : S1
DESTINATION NODE OBTAINED FROM CKT FILE : 8
ID 1 =32768.000000_S1 CORRESPONDING TO NODE ID 32768.000000 & SND 1 = 32768.000000
ID 2 =2432.000000_S1 CORRESPONDING TO NODE ID 256.000000 & SND 2 = 256.000000
NEW NODE 1 =32768.000000_S1 & NEW NODE 2 = 2432.000000_S1
MODIFIED NODE ID OF 256.000000 UPDATED TO 35200.000000_S1
MODIFIED NODE ID OF 32768.000000 UPDATED TO 35200.000000_S12.000000<=>16390.000000_S1	512.000000<=>5632.000000_S1	4.000000<=>16390.000000_S1	8.000000<=>8216.000000_S1	16.000000<=>8216.000000_S1	32.000000<=>96.000000_S1	64.000000<=>96.000000_S1	128.000000<=>35200.000000_S1	256.000000<=>35200.000000_S1	1024.000000<=>5632.000000_S1	2048.000000<=>35200.000000_S1	4096.000000<=>5632.000000_S1	8192.000000<=>8216.000000_S1	16384.000000<=>16390.000000_S1	32768.000000<=>35200.000000_S1	
 st USED FOR SEARCHING IS  2432.000000_S1
 su USED FOR SEARCHING IS  32768.000000_S1
32768.000000_S1	2432.000000_S1
FT=  1 FU= 1 at Phase S1
2432.000000_S1
2432.000000_S1
2_S2_0
SOURCE NODE OBTAINED FROM CKT FILE : 2
EDGE WEIGHT OBTAINED FROM CKT FILE : S2
DESTINATION NODE OBTAINED FROM CKT FILE : 0
3_S2_0
SOURCE NODE OBTAINED FROM CKT FILE : 3
EDGE WEIGHT OBTAINED FROM CKT FILE : S2
DESTINATION NODE OBTAINED FROM CKT FILE : 0
6_S2_0
SOURCE NODE OBTAINED FROM CKT FILE : 6
EDGE WEIGHT OBTAINED FROM CKT FILE : S2
DESTINATION NODE OBTAINED FROM CKT FILE : 0
7_S2_0
SOURCE NODE OBTAINED FROM CKT FILE : 7
EDGE WEIGHT OBTAINED FROM CKT FILE : S2
DESTINATION NODE OBTAINED FROM CKT FILE : 0
13_S2_0
SOURCE NODE OBTAINED FROM CKT FILE : 13
EDGE WEIGHT OBTAINED FROM CKT FILE : S2
DESTINATION NODE OBTAINED FROM CKT FILE : 0
12_S2_0
SOURCE NODE OBTAINED FROM CKT FILE : 12
EDGE WEIGHT OBTAINED FROM CKT FILE : S2
DESTINATION NODE OBTAINED FROM CKT FILE : 0
11_S2_0
SOURCE NODE OBTAINED FROM CKT FILE : 11
EDGE WEIGHT OBTAINED FROM CKT FILE : S2
DESTINATION NODE OBTAINED FROM CKT FILE : 0
10_S2_0
SOURCE NODE OBTAINED FROM CKT FILE : 10
EDGE WEIGHT OBTAINED FROM CKT FILE : S2
DESTINATION NODE OBTAINED FROM CKT FILE : 0
14_S2_0
SOURCE NODE OBTAINED FROM CKT FILE : 14
EDGE WEIGHT OBTAINED FROM CKT FILE : S2
DESTINATION NODE OBTAINED FROM CKT FILE : 0
15_S2_0
SOURCE NODE OBTAINED FROM CKT FILE : 15
EDGE WEIGHT OBTAINED FROM CKT FILE : S2
DESTINATION NODE OBTAINED FROM CKT FILE : 0
)))))))))))))))))))S2
 n=15
VI_1_1
SOURCE NODE OBTAINED FROM CKT FILE : VI
EDGE WEIGHT OBTAINED FROM CKT FILE : 1
DESTINATION NODE OBTAINED FROM CKT FILE : 1
CHECK HERE FOR DATA ENTERED IN CKT MAP 2
UPDATING BRANCHES FOR NODES -100 & 2
STRING OBTAINED IS 1

STRING OBTAINED IS 1
VI	1	1
9_1_VO
SOURCE NODE OBTAINED FROM CKT FILE : 9
EDGE WEIGHT OBTAINED FROM CKT FILE : 1
DESTINATION NODE OBTAINED FROM CKT FILE : VO
CHECK HERE FOR DATA ENTERED IN CKT MAP 512
UPDATING BRANCHES FOR NODES 512 & 100
STRING OBTAINED IS 1

STRING OBTAINED IS 1
9	1	VO
2_C11_3
SOURCE NODE OBTAINED FROM CKT FILE : 2
EDGE WEIGHT OBTAINED FROM CKT FILE : C11
DESTINATION NODE OBTAINED FROM CKT FILE : 3
DESTINATION NODE CONSIDERED FOR OPERATIONS 3
CHECK HERE FOR DATA ENTERED IN CKT MAP 4
CHECK HERE FOR DATA ENTERED IN CKT MAP 8
FLAG OF SOURCE NODE = 1
FLAG OF DESTINATION NODE = 1
UPDATING BRANCHES FOR NODES 4 & 8
STRING OBTAINED IS C11

STRING OBTAINED IS C11
2	C11	3
4_OP-_5
SOURCE NODE OBTAINED FROM CKT FILE : 4
EDGE WEIGHT OBTAINED FROM CKT FILE : OP-
DESTINATION NODE OBTAINED FROM CKT FILE : 5
DESTINATION NODE CONSIDERED FOR OPERATIONS 5
CHECK HERE FOR DATA ENTERED IN CKT MAP 16
CHECK HERE FOR DATA ENTERED IN CKT MAP 32
FLAG OF SOURCE NODE = 1
FLAG OF DESTINATION NODE = 0
UPDATING BRANCHES FOR NODES 16 & 32
STRING OBTAINED IS OP-

STRING OBTAINED IS OP-
4	OP-	5
5_C1_4
SOURCE NODE OBTAINED FROM CKT FILE : 5
EDGE WEIGHT OBTAINED FROM CKT FILE : C1
DESTINATION NODE OBTAINED FROM CKT FILE : 4
DESTINATION NODE CONSIDERED FOR OPERATIONS 4
FLAG OF SOURCE NODE = 0
FLAG OF DESTINATION NODE = 1
UPDATING BRANCHES FOR NODES 32 & 16
STRING OBTAINED IS C1

STRING OBTAINED IS C1
5	C1	4
6_C25_7
SOURCE NODE OBTAINED FROM CKT FILE : 6
EDGE WEIGHT OBTAINED FROM CKT FILE : C25
DESTINATION NODE OBTAINED FROM CKT FILE : 7
DESTINATION NODE CONSIDERED FOR OPERATIONS 7
CHECK HERE FOR DATA ENTERED IN CKT MAP 64
CHECK HERE FOR DATA ENTERED IN CKT MAP 128
FLAG OF SOURCE NODE = 1
FLAG OF DESTINATION NODE = 1
UPDATING BRANCHES FOR NODES 64 & 128
STRING OBTAINED IS C25

STRING OBTAINED IS C25
6	C25	7
8_OP-_9
SOURCE NODE OBTAINED FROM CKT FILE : 8
EDGE WEIGHT OBTAINED FROM CKT FILE : OP-
DESTINATION NODE OBTAINED FROM CKT FILE : 9
DESTINATION NODE CONSIDERED FOR OPERATIONS 9
CHECK HERE FOR DATA ENTERED IN CKT MAP 256
FLAG OF SOURCE NODE = 1
FLAG OF DESTINATION NODE = 0
UPDATING BRANCHES FOR NODES 256 & 512
STRING OBTAINED IS OP-

STRING OBTAINED IS OP-
8	OP-	9
9_C2_8
SOURCE NODE OBTAINED FROM CKT FILE : 9
EDGE WEIGHT OBTAINED FROM CKT FILE : C2
DESTINATION NODE OBTAINED FROM CKT FILE : 8
DESTINATION NODE CONSIDERED FOR OPERATIONS 8
FLAG OF SOURCE NODE = 0
FLAG OF DESTINATION NODE = 1
UPDATING BRANCHES FOR NODES 512 & 256
STRING OBTAINED IS C2

STRING OBTAINED IS C2
9	C2	8
10_C26_11
SOURCE NODE OBTAINED FROM CKT FILE : 10
EDGE WEIGHT OBTAINED FROM CKT FILE : C26
DESTINATION NODE OBTAINED FROM CKT FILE : 11
DESTINATION NODE CONSIDERED FOR OPERATIONS 11
CHECK HERE FOR DATA ENTERED IN CKT MAP 1024
CHECK HERE FOR DATA ENTERED IN CKT MAP 2048
FLAG OF SOURCE NODE = 1
FLAG OF DESTINATION NODE = 1
UPDATING BRANCHES FOR NODES 1024 & 2048
STRING OBTAINED IS C26

STRING OBTAINED IS C26
10	C26	11
12_C14_13
SOURCE NODE OBTAINED FROM CKT FILE : 12
EDGE WEIGHT OBTAINED FROM CKT FILE : C14
DESTINATION NODE OBTAINED FROM CKT FILE : 13
DESTINATION NODE CONSIDERED FOR OPERATIONS 13
CHECK HERE FOR DATA ENTERED IN CKT MAP 4096
CHECK HERE FOR DATA ENTERED IN CKT MAP 8192
FLAG OF SOURCE NODE = 1
FLAG OF DESTINATION NODE = 1
UPDATING BRANCHES FOR NODES 4096 & 8192
STRING OBTAINED IS C14

STRING OBTAINED IS C14
12	C14	13
14_C22_15
SOURCE NODE OBTAINED FROM CKT FILE : 14
EDGE WEIGHT OBTAINED FROM CKT FILE : C22
DESTINATION NODE OBTAINED FROM CKT FILE : 15
DESTINATION NODE CONSIDERED FOR OPERATIONS 15
CHECK HERE FOR DATA ENTERED IN CKT MAP 16384
CHECK HERE FOR DATA ENTERED IN CKT MAP 32768
FLAG OF SOURCE NODE = 1
FLAG OF DESTINATION NODE = 1
UPDATING BRANCHES FOR NODES 16384 & 32768
STRING OBTAINED IS C22

STRING OBTAINED IS C22
14	C22	15
1_C23_8
SOURCE NODE OBTAINED FROM CKT FILE : 1
EDGE WEIGHT OBTAINED FROM CKT FILE : C23
DESTINATION NODE OBTAINED FROM CKT FILE : 8
DESTINATION NODE CONSIDERED FOR OPERATIONS 8
FLAG OF SOURCE NODE = 0
FLAG OF DESTINATION NODE = 1
UPDATING BRANCHES FOR NODES 2 & 256
STRING OBTAINED IS C23

STRING OBTAINED IS C23
1	C23	8
1_S1_2
SOURCE NODE OBTAINED FROM CKT FILE : 1
EDGE WEIGHT OBTAINED FROM CKT FILE : S1
DESTINATION NODE OBTAINED FROM CKT FILE : 2
3_S1_4
SOURCE NODE OBTAINED FROM CKT FILE : 3
EDGE WEIGHT OBTAINED FROM CKT FILE : S1
DESTINATION NODE OBTAINED FROM CKT FILE : 4
5_S1_6
SOURCE NODE OBTAINED FROM CKT FILE : 5
EDGE WEIGHT OBTAINED FROM CKT FILE : S1
DESTINATION NODE OBTAINED FROM CKT FILE : 6
7_S1_8
SOURCE NODE OBTAINED FROM CKT FILE : 7
EDGE WEIGHT OBTAINED FROM CKT FILE : S1
DESTINATION NODE OBTAINED FROM CKT FILE : 8
9_S1_10
SOURCE NODE OBTAINED FROM CKT FILE : 9
EDGE WEIGHT OBTAINED FROM CKT FILE : S1
DESTINATION NODE OBTAINED FROM CKT FILE : 10
9_S1_12
SOURCE NODE OBTAINED FROM CKT FILE : 9
EDGE WEIGHT OBTAINED FROM CKT FILE : S1
DESTINATION NODE OBTAINED FROM CKT FILE : 12
11_S1_8
SOURCE NODE OBTAINED FROM CKT FILE : 11
EDGE WEIGHT OBTAINED FROM CKT FILE : S1
DESTINATION NODE OBTAINED FROM CKT FILE : 8
13_S1_4
SOURCE NODE OBTAINED FROM CKT FILE : 13
EDGE WEIGHT OBTAINED FROM CKT FILE : S1
DESTINATION NODE OBTAINED FROM CKT FILE : 4
1_S1_14
SOURCE NODE OBTAINED FROM CKT FILE : 1
EDGE WEIGHT OBTAINED FROM CKT FILE : S1
DESTINATION NODE OBTAINED FROM CKT FILE : 14
15_S1_8
SOURCE NODE OBTAINED FROM CKT FILE : 15
EDGE WEIGHT OBTAINED FROM CKT FILE : S1
DESTINATION NODE OBTAINED FROM CKT FILE : 8
2_S2_0
SOURCE NODE OBTAINED FROM CKT FILE : 2
EDGE WEIGHT OBTAINED FROM CKT FILE : S2
DESTINATION NODE OBTAINED FROM CKT FILE : 0
CHECK HERE ????????????????????
SOURCE =4.000000_S2&& destination  = 1
CREATING
CREATING
3_S2_0
SOURCE NODE OBTAINED FROM CKT FILE : 3
EDGE WEIGHT OBTAINED FROM CKT FILE : S2
DESTINATION NODE OBTAINED FROM CKT FILE : 0
CHECK HERE ????????????????????
SOURCE =8.000000_S2&& destination  = 1
CREATING
CREATING
6_S2_0
SOURCE NODE OBTAINED FROM CKT FILE : 6
EDGE WEIGHT OBTAINED FROM CKT FILE : S2
DESTINATION NODE OBTAINED FROM CKT FILE : 0
CHECK HERE ????????????????????
SOURCE =64.000000_S2&& destination  = 1
CREATING
CREATING
7_S2_0
SOURCE NODE OBTAINED FROM CKT FILE : 7
EDGE WEIGHT OBTAINED FROM CKT FILE : S2
DESTINATION NODE OBTAINED FROM CKT FILE : 0
CHECK HERE ????????????????????
SOURCE =128.000000_S2&& destination  = 1
CREATING
CREATING
13_S2_0
SOURCE NODE OBTAINED FROM CKT FILE : 13
EDGE WEIGHT OBTAINED FROM CKT FILE : S2
DESTINATION NODE OBTAINED FROM CKT FILE : 0
CHECK HERE ????????????????????
SOURCE =8192.000000_S2&& destination  = 1
CREATING
CREATING
12_S2_0
SOURCE NODE OBTAINED FROM CKT FILE : 12
EDGE WEIGHT OBTAINED FROM CKT FILE : S2
DESTINATION NODE OBTAINED FROM CKT FILE : 0
CHECK HERE ????????????????????
SOURCE =4096.000000_S2&& destination  = 1
CREATING
CREATING
11_S2_0
SOURCE NODE OBTAINED FROM CKT FILE : 11
EDGE WEIGHT OBTAINED FROM CKT FILE : S2
DESTINATION NODE OBTAINED FROM CKT FILE : 0
CHECK HERE ????????????????????
SOURCE =2048.000000_S2&& destination  = 1
CREATING
CREATING
10_S2_0
SOURCE NODE OBTAINED FROM CKT FILE : 10
EDGE WEIGHT OBTAINED FROM CKT FILE : S2
DESTINATION NODE OBTAINED FROM CKT FILE : 0
CHECK HERE ????????????????????
SOURCE =1024.000000_S2&& destination  = 1
CREATING
CREATING
14_S2_0
SOURCE NODE OBTAINED FROM CKT FILE : 14
EDGE WEIGHT OBTAINED FROM CKT FILE : S2
DESTINATION NODE OBTAINED FROM CKT FILE : 0
CHECK HERE ????????????????????
SOURCE =16384.000000_S2&& destination  = 1
CREATING
CREATING
15_S2_0
SOURCE NODE OBTAINED FROM CKT FILE : 15
EDGE WEIGHT OBTAINED FROM CKT FILE : S2
DESTINATION NODE OBTAINED FROM CKT FILE : 0
CHECK HERE ????????????????????
SOURCE =32768.000000_S2&& destination  = 1
CREATING
CREATING
)))))))))))))))))))S0
VI_1_1
SOURCE NODE VI
EDGE WEIGHT 1
DESTINATION NODE 1
9_1_VO
2.000000	16390.000000_S1
512.000000	5632.000000_S1
4.000000	16390.000000_S1
8.000000	8216.000000_S1
16.000000	8216.000000_S1
32.000000	96.000000_S1
64.000000	96.000000_S1
128.000000	35200.000000_S1
256.000000	35200.000000_S1
1024.000000	5632.000000_S1
2048.000000	35200.000000_S1
4096.000000	5632.000000_S1
8192.000000	8216.000000_S1
16384.000000	16390.000000_S1
32768.000000	35200.000000_S1
MOD _S=5632.000000_S1
FLAG OF SOURCE IS  0








 NODE : 5632.000000_S1






2_C11_3
LINE TAKEN FOR CONSIDERATION 2_C11_3
BEFORE TAKING OUT NUMBER 16390.000000_S1
TS ==  16390
NUMBER16390
FLAG S =0 , FLAG D =1
8


JJJJJJJJJJJJJJJJ




8216	C14	C11	C1
PHASE = S1
CALLED DP ELASTANCE
C14
C11
C1
CHECK HEREEEEEEE-8216.000000_S1&& (1/(+C14+C11+C1))
4_OP-_5
LINE TAKEN FOR CONSIDERATION 4_OP-_5
BEFORE TAKING OUT NUMBER 8216.000000_S1
TS ==  8216
NUMBER8216
FLAG S =1 , FLAG D =0


JJJJJJJJJJJJJJJJ




8216	C14	C11	C1
PHASE = S1
CALLED DP ELASTANCE
C14
C11
C1
5_C1_4
LINE TAKEN FOR CONSIDERATION 5_C1_4
BEFORE TAKING OUT NUMBER 96.000000_S1
TS ==  96
NUMBER96
FLAG S =0 , FLAG D =1
16


JJJJJJJJJJJJJJJJ




8216	C14	C11	C1
PHASE = S1
CALLED DP ELASTANCE
C14
C11
C1
CHECK HEREEEEEEE-8216.000000_S1&& (1/(+C14+C11+C1))
6_C25_7
LINE TAKEN FOR CONSIDERATION 6_C25_7
BEFORE TAKING OUT NUMBER 96.000000_S1
TS ==  96
NUMBER96
FLAG S =0 , FLAG D =1
128


JJJJJJJJJJJJJJJJ




35200	C22	C26	C25	C2	C23
PHASE = S1
CALLED DP ELASTANCE
C22
C26
C25
C2
C23
CHECK HEREEEEEEE-35200.000000_S1&& (1/(+C22+C26+C25+C2+C23))
8_OP-_9
LINE TAKEN FOR CONSIDERATION 8_OP-_9
BEFORE TAKING OUT NUMBER 35200.000000_S1
TS ==  35200
NUMBER35200
FLAG S =1 , FLAG D =0


JJJJJJJJJJJJJJJJ




35200	C22	C26	C25	C2	C23
PHASE = S1
CALLED DP ELASTANCE
C22
C26
C25
C2
C23
9_C2_8
LINE TAKEN FOR CONSIDERATION 9_C2_8
BEFORE TAKING OUT NUMBER 5632.000000_S1
TS ==  5632
NUMBER5632
FLAG S =0 , FLAG D =1
256


JJJJJJJJJJJJJJJJ




35200	C22	C26	C25	C2	C23
PHASE = S1
CALLED DP ELASTANCE
C22
C26
C25
C2
C23
CHECK HEREEEEEEE-35200.000000_S1&& (1/(+C22+C26+C25+C2+C23))
10_C26_11
LINE TAKEN FOR CONSIDERATION 10_C26_11
BEFORE TAKING OUT NUMBER 5632.000000_S1
TS ==  5632
NUMBER5632
FLAG S =0 , FLAG D =1
2048


JJJJJJJJJJJJJJJJ




35200	C22	C26	C25	C2	C23
PHASE = S1
CALLED DP ELASTANCE
C22
C26
C25
C2
C23
CHECK HEREEEEEEE-35200.000000_S1&& (1/(+C22+C26+C25+C2+C23))
12_C14_13
LINE TAKEN FOR CONSIDERATION 12_C14_13
BEFORE TAKING OUT NUMBER 5632.000000_S1
TS ==  5632
NUMBER5632
FLAG S =0 , FLAG D =1
8192


JJJJJJJJJJJJJJJJ




8216	C14	C11	C1
PHASE = S1
CALLED DP ELASTANCE
C14
C11
C1
CHECK HEREEEEEEE-8216.000000_S1&& (1/(+C14+C11+C1))
14_C22_15
LINE TAKEN FOR CONSIDERATION 14_C22_15
BEFORE TAKING OUT NUMBER 16390.000000_S1
TS ==  16390
NUMBER16390
FLAG S =0 , FLAG D =1
32768


JJJJJJJJJJJJJJJJ




35200	C22	C26	C25	C2	C23
PHASE = S1
CALLED DP ELASTANCE
C22
C26
C25
C2
C23
CHECK HEREEEEEEE-35200.000000_S1&& (1/(+C22+C26+C25+C2+C23))
1_C23_8
LINE TAKEN FOR CONSIDERATION 1_C23_8
BEFORE TAKING OUT NUMBER 16390.000000_S1
TS ==  16390
NUMBER16390
FLAG S =0 , FLAG D =1
256


JJJJJJJJJJJJJJJJ




35200	C22	C26	C25	C2	C23
PHASE = S1
CALLED DP ELASTANCE
C22
C26
C25
C2
C23
CHECK HEREEEEEEE-35200.000000_S1&& (1/(+C22+C26+C25+C2+C23))
1_S1_2
3_S1_4
5_S1_6
7_S1_8
9_S1_10
9_S1_12
11_S1_8
13_S1_4
1_S1_14
15_S1_8
2_S2_0
3_S2_0
6_S2_0
7_S2_0
13_S2_0
12_S2_0
11_S2_0
10_S2_0
14_S2_0
15_S2_0
)))))))))))))))))))S1
VI_1_1
SOURCE NODE VI
EDGE WEIGHT 1
DESTINATION NODE 1
9_1_VO
2.000000	2.000000_S2
512.000000	512.000000_S2
16.000000	16.000000_S2
32.000000	32.000000_S2
256.000000	256.000000_S2
MOD _S=512.000000_S2
FLAG OF SOURCE IS  0








 NODE : 512.000000_S2






2_C11_3
LINE TAKEN FOR CONSIDERATION 2_C11_3
4_OP-_5
LINE TAKEN FOR CONSIDERATION 4_OP-_5
BEFORE TAKING OUT NUMBER 16.000000_S2
TS ==  16
NUMBER16
FLAG S =1 , FLAG D =0


JJJJJJJJJJJJJJJJ




16	C1
PHASE = S2
CALLED DP ELASTANCE
C1
5_C1_4
LINE TAKEN FOR CONSIDERATION 5_C1_4
BEFORE TAKING OUT NUMBER 32.000000_S2
TS ==  32
NUMBER32
FLAG S =0 , FLAG D =1
16


JJJJJJJJJJJJJJJJ




16	C1
PHASE = S2
CALLED DP ELASTANCE
C1
CHECK HEREEEEEEE-16.000000_S2&& (1/(+C1))
6_C25_7
LINE TAKEN FOR CONSIDERATION 6_C25_7
8_OP-_9
LINE TAKEN FOR CONSIDERATION 8_OP-_9
BEFORE TAKING OUT NUMBER 256.000000_S2
TS ==  256
NUMBER256
FLAG S =1 , FLAG D =0


JJJJJJJJJJJJJJJJ




256	C2	C23
PHASE = S2
CALLED DP ELASTANCE
C2
C23
9_C2_8
LINE TAKEN FOR CONSIDERATION 9_C2_8
BEFORE TAKING OUT NUMBER 512.000000_S2
TS ==  512
NUMBER512
FLAG S =0 , FLAG D =1
256


JJJJJJJJJJJJJJJJ




256	C2	C23
PHASE = S2
CALLED DP ELASTANCE
C2
C23
CHECK HEREEEEEEE-256.000000_S2&& (1/(+C2+C23))
10_C26_11
LINE TAKEN FOR CONSIDERATION 10_C26_11
12_C14_13
LINE TAKEN FOR CONSIDERATION 12_C14_13
14_C22_15
LINE TAKEN FOR CONSIDERATION 14_C22_15
1_C23_8
LINE TAKEN FOR CONSIDERATION 1_C23_8
BEFORE TAKING OUT NUMBER 2.000000_S2
TS ==  2
NUMBER2
FLAG S =0 , FLAG D =1
256


JJJJJJJJJJJJJJJJ




256	C2	C23
PHASE = S2
CALLED DP ELASTANCE
C2
C23
CHECK HEREEEEEEE-256.000000_S2&& (1/(+C2+C23))
1_S1_2
3_S1_4
5_S1_6
7_S1_8
9_S1_10
9_S1_12
11_S1_8
13_S1_4
1_S1_14
15_S1_8
2_S2_0
3_S2_0
6_S2_0
7_S2_0
13_S2_0
12_S2_0
11_S2_0
10_S2_0
14_S2_0
15_S2_0
	16390.000000_S1	35200.000000_S1	5632.000000_S1	8216.000000_S1	96.000000_S1
	16.000000_S2	2.000000_S2	256.000000_S2	32.000000_S2	512.000000_S2


16.000000_S2 TAKEN FOR CONSIDERATION 
PHASE = 2
NEXT PHASE = 1
ID OF CURRENT NODE = 16
C1	

Capacitor considered = C1
FOUND THE CAPACITOR IN THE INPUT BRANCH

Looking for capacitor C1 in NEXT phase 1 at node -100
Capacitor does not exits in the next phase 
Looking for capacitor C1 in NEXT phase 1 at node 96
C1
Capacitor C1 found in phase 1 connected to node 96 which is denoted by 96.000000_S1
PNEXT_NODE96.000000_S1
 size= 2 , -8216.000000_S1 , C1
FOUND THE CAPACITOR IN THE OUTPUT BRANCH IN NEXT PHASE
FLAGD2 = 0
-8216.000000_S1
UPDATED PNEXT_NODE -8216.000000_S1
Branch drawn from 16.000000_S2 to -8216.000000_S1 with edge weight = z^-1C1


16390.000000_S1 TAKEN FOR CONSIDERATION 
PHASE = 1
NEXT PHASE = 2
ID OF CURRENT NODE = 16390
C23	C11	C22	

Capacitor considered = C23
FOUND THE CAPACITOR IN THE OUTPUT BRANCH

Looking for capacitor C23 in NEXT phase 2 at node -100
Capacitor does not exits in the next phase 
Looking for capacitor C23 in NEXT phase 2 at node 2
C23
Capacitor C23 found in phase 2 connected to node 2 which is denoted by 2.000000_S2
PNEXT_NODE2.000000_S2
 size= 1 , -256.000000_S2 , C23
FOUND THE CAPACITOR IN THE OUTPUT BRANCH IN NEXT PHASE
FLAGD2 = 0
-256.000000_S2
UPDATED PNEXT_NODE -256.000000_S2
Branch drawn from 16390.000000_S1 to -256.000000_S2 with edge weight = -z^-1C23

Capacitor considered = C11
FOUND THE CAPACITOR IN THE OUTPUT BRANCH

Looking for capacitor C11 in NEXT phase 2 at node -100
Capacitor does not exits in the next phase 
Looking for capacitor C11 in NEXT phase 2 at node 2
C23
Capacitor does not exits in the next phase 
Looking for capacitor C11 in NEXT phase 2 at node 16
C1
Capacitor does not exits in the next phase 
Looking for capacitor C11 in NEXT phase 2 at node 32
C1
Capacitor does not exits in the next phase 
Looking for capacitor C11 in NEXT phase 2 at node 100
Capacitor does not exits in the next phase 
Looking for capacitor C11 in NEXT phase 2 at node 256
C2
C23
Capacitor does not exits in the next phase 
Looking for capacitor C11 in NEXT phase 2 at node 512
C2
Capacitor does not exits in the next phase 

Capacitor considered = C22
FOUND THE CAPACITOR IN THE OUTPUT BRANCH

Looking for capacitor C22 in NEXT phase 2 at node -100
Capacitor does not exits in the next phase 
Looking for capacitor C22 in NEXT phase 2 at node 2
C23
Capacitor does not exits in the next phase 
Looking for capacitor C22 in NEXT phase 2 at node 16
C1
Capacitor does not exits in the next phase 
Looking for capacitor C22 in NEXT phase 2 at node 32
C1
Capacitor does not exits in the next phase 
Looking for capacitor C22 in NEXT phase 2 at node 100
Capacitor does not exits in the next phase 
Looking for capacitor C22 in NEXT phase 2 at node 256
C2
C23
Capacitor does not exits in the next phase 
Looking for capacitor C22 in NEXT phase 2 at node 512
C2
Capacitor does not exits in the next phase 


2.000000_S2 TAKEN FOR CONSIDERATION 
PHASE = 2
NEXT PHASE = 1
ID OF CURRENT NODE = 2
C23	

Capacitor considered = C23
FOUND THE CAPACITOR IN THE OUTPUT BRANCH

Looking for capacitor C23 in NEXT phase 1 at node -100
Capacitor does not exits in the next phase 
Looking for capacitor C23 in NEXT phase 1 at node 96
C1
C25
Capacitor does not exits in the next phase 
Looking for capacitor C23 in NEXT phase 1 at node 100
Capacitor does not exits in the next phase 
Looking for capacitor C23 in NEXT phase 1 at node 5632
C2
C26
C14
Capacitor does not exits in the next phase 
Looking for capacitor C23 in NEXT phase 1 at node 8216
C14
C11
C1
Capacitor does not exits in the next phase 
Looking for capacitor C23 in NEXT phase 1 at node 16390
C23
Capacitor C23 found in phase 1 connected to node 16390 which is denoted by 16390.000000_S1
PNEXT_NODE16390.000000_S1
 size= 4 , -8216.000000_S1 , C11
Let's take a look at the next one
 size= 4 , -35200.000000_S1 , C22
Let's take a look at the next one
 size= 4 , -35200.000000_S1 , C23
FOUND THE CAPACITOR IN THE OUTPUT BRANCH IN NEXT PHASE
FLAGD2 = 0
-35200.000000_S1
UPDATED PNEXT_NODE -35200.000000_S1
Branch drawn from 2.000000_S2 to -35200.000000_S1 with edge weight = -z^-1C23


256.000000_S2 TAKEN FOR CONSIDERATION 
PHASE = 2
NEXT PHASE = 1
ID OF CURRENT NODE = 256
C2	C23	

Capacitor considered = C2
FOUND THE CAPACITOR IN THE INPUT BRANCH

Looking for capacitor C2 in NEXT phase 1 at node -100
Capacitor does not exits in the next phase 
Looking for capacitor C2 in NEXT phase 1 at node 96
C1
C25
Capacitor does not exits in the next phase 
Looking for capacitor C2 in NEXT phase 1 at node 100
Capacitor does not exits in the next phase 
Looking for capacitor C2 in NEXT phase 1 at node 5632
C2
Capacitor C2 found in phase 1 connected to node 5632 which is denoted by 5632.000000_S1
PNEXT_NODE5632.000000_S1
 size= 4 , 100 , 1
Let's take a look at the next one
 size= 4 , -35200.000000_S1 , C2
FOUND THE CAPACITOR IN THE OUTPUT BRANCH IN NEXT PHASE
FLAGD2 = 0
-35200.000000_S1
UPDATED PNEXT_NODE -35200.000000_S1
Branch drawn from 256.000000_S2 to -35200.000000_S1 with edge weight = z^-1C2

Capacitor considered = C23
FOUND THE CAPACITOR IN THE INPUT BRANCH

Looking for capacitor C23 in NEXT phase 1 at node -100
Capacitor does not exits in the next phase 
Looking for capacitor C23 in NEXT phase 1 at node 96
C1
C25
Capacitor does not exits in the next phase 
Looking for capacitor C23 in NEXT phase 1 at node 100
Capacitor does not exits in the next phase 
Looking for capacitor C23 in NEXT phase 1 at node 5632
C2
C26
C14
Capacitor does not exits in the next phase 
Looking for capacitor C23 in NEXT phase 1 at node 8216
C14
C11
C1
Capacitor does not exits in the next phase 
Looking for capacitor C23 in NEXT phase 1 at node 16390
C23
Capacitor C23 found in phase 1 connected to node 16390 which is denoted by 16390.000000_S1
PNEXT_NODE16390.000000_S1
 size= 4 , -8216.000000_S1 , C11
Let's take a look at the next one
 size= 4 , -35200.000000_S1 , C22
Let's take a look at the next one
 size= 4 , -35200.000000_S1 , C23
FOUND THE CAPACITOR IN THE OUTPUT BRANCH IN NEXT PHASE
FLAGD2 = 0
-35200.000000_S1
UPDATED PNEXT_NODE -35200.000000_S1
Branch drawn from 256.000000_S2 to -35200.000000_S1 with edge weight = z^-1C23


32.000000_S2 TAKEN FOR CONSIDERATION 
PHASE = 2
NEXT PHASE = 1
ID OF CURRENT NODE = 32
C1	

Capacitor considered = C1
FOUND THE CAPACITOR IN THE OUTPUT BRANCH

Looking for capacitor C1 in NEXT phase 1 at node -100
Capacitor does not exits in the next phase 
Looking for capacitor C1 in NEXT phase 1 at node 96
C1
Capacitor C1 found in phase 1 connected to node 96 which is denoted by 96.000000_S1
PNEXT_NODE96.000000_S1
 size= 2 , -8216.000000_S1 , C1
FOUND THE CAPACITOR IN THE OUTPUT BRANCH IN NEXT PHASE
FLAGD2 = 0
-8216.000000_S1
UPDATED PNEXT_NODE -8216.000000_S1
Branch drawn from 32.000000_S2 to -8216.000000_S1 with edge weight = -z^-1C1


35200.000000_S1 TAKEN FOR CONSIDERATION 
PHASE = 1
NEXT PHASE = 2
ID OF CURRENT NODE = 35200
C22	C26	C25	C2	C23	

Capacitor considered = C22
FOUND THE CAPACITOR IN THE INPUT BRANCH

Looking for capacitor C22 in NEXT phase 2 at node -100
Capacitor does not exits in the next phase 
Looking for capacitor C22 in NEXT phase 2 at node 2
C23
Capacitor does not exits in the next phase 
Looking for capacitor C22 in NEXT phase 2 at node 16
C1
Capacitor does not exits in the next phase 
Looking for capacitor C22 in NEXT phase 2 at node 32
C1
Capacitor does not exits in the next phase 
Looking for capacitor C22 in NEXT phase 2 at node 100
Capacitor does not exits in the next phase 
Looking for capacitor C22 in NEXT phase 2 at node 256
C2
C23
Capacitor does not exits in the next phase 
Looking for capacitor C22 in NEXT phase 2 at node 512
C2
Capacitor does not exits in the next phase 

Capacitor considered = C26
FOUND THE CAPACITOR IN THE INPUT BRANCH

Looking for capacitor C26 in NEXT phase 2 at node -100
Capacitor does not exits in the next phase 
Looking for capacitor C26 in NEXT phase 2 at node 2
C23
Capacitor does not exits in the next phase 
Looking for capacitor C26 in NEXT phase 2 at node 16
C1
Capacitor does not exits in the next phase 
Looking for capacitor C26 in NEXT phase 2 at node 32
C1
Capacitor does not exits in the next phase 
Looking for capacitor C26 in NEXT phase 2 at node 100
Capacitor does not exits in the next phase 
Looking for capacitor C26 in NEXT phase 2 at node 256
C2
C23
Capacitor does not exits in the next phase 
Looking for capacitor C26 in NEXT phase 2 at node 512
C2
Capacitor does not exits in the next phase 

Capacitor considered = C25
FOUND THE CAPACITOR IN THE INPUT BRANCH

Looking for capacitor C25 in NEXT phase 2 at node -100
Capacitor does not exits in the next phase 
Looking for capacitor C25 in NEXT phase 2 at node 2
C23
Capacitor does not exits in the next phase 
Looking for capacitor C25 in NEXT phase 2 at node 16
C1
Capacitor does not exits in the next phase 
Looking for capacitor C25 in NEXT phase 2 at node 32
C1
Capacitor does not exits in the next phase 
Looking for capacitor C25 in NEXT phase 2 at node 100
Capacitor does not exits in the next phase 
Looking for capacitor C25 in NEXT phase 2 at node 256
C2
C23
Capacitor does not exits in the next phase 
Looking for capacitor C25 in NEXT phase 2 at node 512
C2
Capacitor does not exits in the next phase 

Capacitor considered = C2
FOUND THE CAPACITOR IN THE INPUT BRANCH

Looking for capacitor C2 in NEXT phase 2 at node -100
Capacitor does not exits in the next phase 
Looking for capacitor C2 in NEXT phase 2 at node 2
C23
Capacitor does not exits in the next phase 
Looking for capacitor C2 in NEXT phase 2 at node 16
C1
Capacitor does not exits in the next phase 
Looking for capacitor C2 in NEXT phase 2 at node 32
C1
Capacitor does not exits in the next phase 
Looking for capacitor C2 in NEXT phase 2 at node 100
Capacitor does not exits in the next phase 
Looking for capacitor C2 in NEXT phase 2 at node 256
C2
Capacitor C2 found in phase 2 connected to node 256 which is denoted by 256.000000_S2
PNEXT_NODE-256.000000_S2
FOUND THE CAPACITOR IN THE INPUT BRANCH IN NEXT PHASE
Branch drawn from 35200.000000_S1 to -256.000000_S2 with edge weight = z^-1C2

Capacitor considered = C23
FOUND THE CAPACITOR IN THE INPUT BRANCH

Looking for capacitor C23 in NEXT phase 2 at node -100
Capacitor does not exits in the next phase 
Looking for capacitor C23 in NEXT phase 2 at node 2
C23
Capacitor C23 found in phase 2 connected to node 2 which is denoted by 2.000000_S2
PNEXT_NODE2.000000_S2
 size= 2 , -256.000000_S2 , C23
FOUND THE CAPACITOR IN THE OUTPUT BRANCH IN NEXT PHASE
FLAGD2 = 0
-256.000000_S2
UPDATED PNEXT_NODE -256.000000_S2
Branch drawn from 35200.000000_S1 to -256.000000_S2 with edge weight = z^-1C23


512.000000_S2 TAKEN FOR CONSIDERATION 
PHASE = 2
NEXT PHASE = 1
ID OF CURRENT NODE = 512
C2	

Capacitor considered = C2
FOUND THE CAPACITOR IN THE OUTPUT BRANCH

Looking for capacitor C2 in NEXT phase 1 at node -100
Capacitor does not exits in the next phase 
Looking for capacitor C2 in NEXT phase 1 at node 96
C1
C25
Capacitor does not exits in the next phase 
Looking for capacitor C2 in NEXT phase 1 at node 100
Capacitor does not exits in the next phase 
Looking for capacitor C2 in NEXT phase 1 at node 5632
C2
Capacitor C2 found in phase 1 connected to node 5632 which is denoted by 5632.000000_S1
PNEXT_NODE5632.000000_S1
 size= 4 , 100 , 1
Let's take a look at the next one
 size= 4 , -35200.000000_S1 , C2
FOUND THE CAPACITOR IN THE OUTPUT BRANCH IN NEXT PHASE
FLAGD2 = 0
-35200.000000_S1
UPDATED PNEXT_NODE -35200.000000_S1
Branch drawn from 512.000000_S2 to -35200.000000_S1 with edge weight = -z^-1C2


5632.000000_S1 TAKEN FOR CONSIDERATION 
PHASE = 1
NEXT PHASE = 2
ID OF CURRENT NODE = 5632
C2	C26	C14	

Capacitor considered = C2
FOUND THE CAPACITOR IN THE OUTPUT BRANCH

Looking for capacitor C2 in NEXT phase 2 at node -100
Capacitor does not exits in the next phase 
Looking for capacitor C2 in NEXT phase 2 at node 2
C23
Capacitor does not exits in the next phase 
Looking for capacitor C2 in NEXT phase 2 at node 16
C1
Capacitor does not exits in the next phase 
Looking for capacitor C2 in NEXT phase 2 at node 32
C1
Capacitor does not exits in the next phase 
Looking for capacitor C2 in NEXT phase 2 at node 100
Capacitor does not exits in the next phase 
Looking for capacitor C2 in NEXT phase 2 at node 256
C2
Capacitor C2 found in phase 2 connected to node 256 which is denoted by 256.000000_S2
PNEXT_NODE-256.000000_S2
FOUND THE CAPACITOR IN THE INPUT BRANCH IN NEXT PHASE
Branch drawn from 5632.000000_S1 to -256.000000_S2 with edge weight = -z^-1C2

Capacitor considered = C26
FOUND THE CAPACITOR IN THE OUTPUT BRANCH

Looking for capacitor C26 in NEXT phase 2 at node -100
Capacitor does not exits in the next phase 
Looking for capacitor C26 in NEXT phase 2 at node 2
C23
Capacitor does not exits in the next phase 
Looking for capacitor C26 in NEXT phase 2 at node 16
C1
Capacitor does not exits in the next phase 
Looking for capacitor C26 in NEXT phase 2 at node 32
C1
Capacitor does not exits in the next phase 
Looking for capacitor C26 in NEXT phase 2 at node 100
Capacitor does not exits in the next phase 
Looking for capacitor C26 in NEXT phase 2 at node 256
C2
C23
Capacitor does not exits in the next phase 
Looking for capacitor C26 in NEXT phase 2 at node 512
C2
Capacitor does not exits in the next phase 

Capacitor considered = C14
FOUND THE CAPACITOR IN THE OUTPUT BRANCH

Looking for capacitor C14 in NEXT phase 2 at node -100
Capacitor does not exits in the next phase 
Looking for capacitor C14 in NEXT phase 2 at node 2
C23
Capacitor does not exits in the next phase 
Looking for capacitor C14 in NEXT phase 2 at node 16
C1
Capacitor does not exits in the next phase 
Looking for capacitor C14 in NEXT phase 2 at node 32
C1
Capacitor does not exits in the next phase 
Looking for capacitor C14 in NEXT phase 2 at node 100
Capacitor does not exits in the next phase 
Looking for capacitor C14 in NEXT phase 2 at node 256
C2
C23
Capacitor does not exits in the next phase 
Looking for capacitor C14 in NEXT phase 2 at node 512
C2
Capacitor does not exits in the next phase 


8216.000000_S1 TAKEN FOR CONSIDERATION 
PHASE = 1
NEXT PHASE = 2
ID OF CURRENT NODE = 8216
C14	C11	C1	

Capacitor considered = C14
FOUND THE CAPACITOR IN THE INPUT BRANCH

Looking for capacitor C14 in NEXT phase 2 at node -100
Capacitor does not exits in the next phase 
Looking for capacitor C14 in NEXT phase 2 at node 2
C23
Capacitor does not exits in the next phase 
Looking for capacitor C14 in NEXT phase 2 at node 16
C1
Capacitor does not exits in the next phase 
Looking for capacitor C14 in NEXT phase 2 at node 32
C1
Capacitor does not exits in the next phase 
Looking for capacitor C14 in NEXT phase 2 at node 100
Capacitor does not exits in the next phase 
Looking for capacitor C14 in NEXT phase 2 at node 256
C2
C23
Capacitor does not exits in the next phase 
Looking for capacitor C14 in NEXT phase 2 at node 512
C2
Capacitor does not exits in the next phase 

Capacitor considered = C11
FOUND THE CAPACITOR IN THE INPUT BRANCH

Looking for capacitor C11 in NEXT phase 2 at node -100
Capacitor does not exits in the next phase 
Looking for capacitor C11 in NEXT phase 2 at node 2
C23
Capacitor does not exits in the next phase 
Looking for capacitor C11 in NEXT phase 2 at node 16
C1
Capacitor does not exits in the next phase 
Looking for capacitor C11 in NEXT phase 2 at node 32
C1
Capacitor does not exits in the next phase 
Looking for capacitor C11 in NEXT phase 2 at node 100
Capacitor does not exits in the next phase 
Looking for capacitor C11 in NEXT phase 2 at node 256
C2
C23
Capacitor does not exits in the next phase 
Looking for capacitor C11 in NEXT phase 2 at node 512
C2
Capacitor does not exits in the next phase 

Capacitor considered = C1
FOUND THE CAPACITOR IN THE INPUT BRANCH

Looking for capacitor C1 in NEXT phase 2 at node -100
Capacitor does not exits in the next phase 
Looking for capacitor C1 in NEXT phase 2 at node 2
C23
Capacitor does not exits in the next phase 
Looking for capacitor C1 in NEXT phase 2 at node 16
C1
Capacitor C1 found in phase 2 connected to node 16 which is denoted by 16.000000_S2
PNEXT_NODE-16.000000_S2
FOUND THE CAPACITOR IN THE INPUT BRANCH IN NEXT PHASE
Branch drawn from 8216.000000_S1 to -16.000000_S2 with edge weight = z^-1C1


96.000000_S1 TAKEN FOR CONSIDERATION 
PHASE = 1
NEXT PHASE = 2
ID OF CURRENT NODE = 96
C1	C25	

Capacitor considered = C1
FOUND THE CAPACITOR IN THE OUTPUT BRANCH

Looking for capacitor C1 in NEXT phase 2 at node -100
Capacitor does not exits in the next phase 
Looking for capacitor C1 in NEXT phase 2 at node 2
C23
Capacitor does not exits in the next phase 
Looking for capacitor C1 in NEXT phase 2 at node 16
C1
Capacitor C1 found in phase 2 connected to node 16 which is denoted by 16.000000_S2
PNEXT_NODE-16.000000_S2
FOUND THE CAPACITOR IN THE INPUT BRANCH IN NEXT PHASE
Branch drawn from 96.000000_S1 to -16.000000_S2 with edge weight = -z^-1C1

Capacitor considered = C25
FOUND THE CAPACITOR IN THE OUTPUT BRANCH

Looking for capacitor C25 in NEXT phase 2 at node -100
Capacitor does not exits in the next phase 
Looking for capacitor C25 in NEXT phase 2 at node 2
C23
Capacitor does not exits in the next phase 
Looking for capacitor C25 in NEXT phase 2 at node 16
C1
Capacitor does not exits in the next phase 
Looking for capacitor C25 in NEXT phase 2 at node 32
C1
Capacitor does not exits in the next phase 
Looking for capacitor C25 in NEXT phase 2 at node 100
Capacitor does not exits in the next phase 
Looking for capacitor C25 in NEXT phase 2 at node 256
C2
C23
Capacitor does not exits in the next phase 
Looking for capacitor C25 in NEXT phase 2 at node 512
C2
Capacitor does not exits in the next phase 
FINAL SIGNAL FLOW GRAPH
*****************************************************
NODE ID: -100	FLAG = 0

NO INPUTS

OUTPUTS
16390.000000_S1	1
2.000000_S2	1
*****************************************************
NODE ID: -16.000000_S2	FLAG = 0

INPUTS
32.000000_S2	C1
8216.000000_S1	z^-1C1
96.000000_S1	-z^-1C1

OUTPUTS
16.000000_S2	(1/(+C1))
*****************************************************
NODE ID: -256.000000_S2	FLAG = 0

INPUTS
512.000000_S2	C2
2.000000_S2	C23
16390.000000_S1	-z^-1C23
35200.000000_S1	z^-1C2
35200.000000_S1	z^-1C23
5632.000000_S1	-z^-1C2

OUTPUTS
256.000000_S2	(1/(+C2+C23))
*****************************************************
NODE ID: -35200.000000_S1	FLAG = 0

INPUTS
96.000000_S1	C25
5632.000000_S1	C2
5632.000000_S1	C26
16390.000000_S1	C22
16390.000000_S1	C23
2.000000_S2	-z^-1C23
256.000000_S2	z^-1C2
256.000000_S2	z^-1C23
512.000000_S2	-z^-1C2

OUTPUTS
35200.000000_S1	(1/(+C22+C26+C25+C2+C23))
*****************************************************
NODE ID: -8216.000000_S1	FLAG = 0

INPUTS
16390.000000_S1	C11
96.000000_S1	C1
5632.000000_S1	C14
16.000000_S2	z^-1C1
32.000000_S2	-z^-1C1

OUTPUTS
8216.000000_S1	(1/(+C14+C11+C1))
*****************************************************
NODE ID: 1	FLAG = 0

NO INPUTS

NO OUTPUTS
*****************************************************
NODE ID: 100	FLAG = 0

INPUTS
512.000000_S2	1
5632.000000_S1	1

NO OUTPUTS
*****************************************************
NODE ID: 16.000000_S2	FLAG = 1

INPUTS
-16.000000_S2	(1/(+C1))

OUTPUTS
32.000000_S2	OP-
-8216.000000_S1	z^-1C1
*****************************************************
NODE ID: 16390.000000_S1	FLAG = 0

INPUTS
-100	1

OUTPUTS
-8216.000000_S1	C11
-35200.000000_S1	C22
-35200.000000_S1	C23
-256.000000_S2	-z^-1C23
*****************************************************
NODE ID: 2.000000_S2	FLAG = 0

INPUTS
-100	1

OUTPUTS
-256.000000_S2	C23
-35200.000000_S1	-z^-1C23
*****************************************************
NODE ID: 256.000000_S2	FLAG = 1

INPUTS
-256.000000_S2	(1/(+C2+C23))

OUTPUTS
512.000000_S2	OP-
-35200.000000_S1	z^-1C2
-35200.000000_S1	z^-1C23
*****************************************************
NODE ID: 32.000000_S2	FLAG = 0

INPUTS
16.000000_S2	OP-

OUTPUTS
-16.000000_S2	C1
-8216.000000_S1	-z^-1C1
*****************************************************
NODE ID: 35200.000000_S1	FLAG = 1

INPUTS
-35200.000000_S1	(1/(+C22+C26+C25+C2+C23))

OUTPUTS
5632.000000_S1	OP-
-256.000000_S2	z^-1C2
-256.000000_S2	z^-1C23
*****************************************************
NODE ID: 512.000000_S2	FLAG = 0

INPUTS
256.000000_S2	OP-

OUTPUTS
100	1
-256.000000_S2	C2
-35200.000000_S1	-z^-1C2
*****************************************************
NODE ID: 5632.000000_S1	FLAG = 0

INPUTS
35200.000000_S1	OP-

OUTPUTS
100	1
-35200.000000_S1	C2
-35200.000000_S1	C26
-8216.000000_S1	C14
-256.000000_S2	-z^-1C2
*****************************************************
NODE ID: 8216.000000_S1	FLAG = 1

INPUTS
-8216.000000_S1	(1/(+C14+C11+C1))

OUTPUTS
96.000000_S1	OP-
-16.000000_S2	z^-1C1
*****************************************************
NODE ID: 96.000000_S1	FLAG = 0

INPUTS
8216.000000_S1	OP-

OUTPUTS
-8216.000000_S1	C1
-35200.000000_S1	C25
-16.000000_S2	-z^-1C1
SFG adapter completed.
