
WORKING
 n=11
CREATING NODE IN THE GRAPH: 2
CREATING NODE IN THE GRAPH: 4
CREATING NODE IN THE GRAPH: 8
CREATING NODE IN THE GRAPH: 16
CREATING NODE IN THE GRAPH: 32
CREATING NODE IN THE GRAPH: 64
CREATING NODE IN THE GRAPH: 128
CREATING NODE IN THE GRAPH: 256
CREATING NODE IN THE GRAPH: 512
CREATING NODE IN THE GRAPH: 1024
CREATING NODE IN THE GRAPH: 2048
CREATING INPUT NODE IN THE GRAPH: -100
CREATING OUTPUT NODE IN THE GRAPH: 100
CREATING GROUND NODE IN THE GRAPH: 1
VI_1_1
STRING OBTAINED IS 1

STRING OBTAINED IS 1
VI	1	1
9_1_VO
STRING OBTAINED IS 1

STRING OBTAINED IS 1
9	1	VO
SOURCE FOUND9
TRANSISTOR FOUND : M0 GDS 3 4 9
M0_3_4_9
SOURCE FOUND9
TRANSISTOR FOUND : M1 GDS 2 6 9
M1_2_6_9
SOURCE FOUND0
TRANSISTOR FOUND : M5 GDS 10 9 0
M5_10_9_0
SOURCE FOUND0
TRANSISTOR FOUND : M4 GDS 10 11 0
M4_10_11_0
SOURCE FOUND0
TRANSISTOR FOUND : M6 GDS 10 8 0
M6_10_8_0
SOURCE FOUND5
TRANSISTOR FOUND : P2 GDS 4 4 5
P2_4_4_5
SOURCE FOUND5
TRANSISTOR FOUND : P3 GDS 4 6 5
P3_4_6_5
SOURCE FOUND5
TRANSISTOR FOUND : P7 GDS 6 8 5
P7_6_8_5
6_C1_7
STRING OBTAINED IS C1

STRING OBTAINED IS C1
6	C1	7
1_G1_2
STRING OBTAINED IS G1

STRING OBTAINED IS G1
1	G1	2
1_G2_3
STRING OBTAINED IS G2

STRING OBTAINED IS G2
1	G2	3
5_G3_11
STRING OBTAINED IS G3

STRING OBTAINED IS G3
5	G3	11
7_G4_8
STRING OBTAINED IS G4

STRING OBTAINED IS G4
7	G4	8
8_G5_1
STRING OBTAINED IS G5

STRING OBTAINED IS G5
8	G5	1
NO. OF PHASES = %%%%%%%%%%%%%%%%%%%%%%%%%%%%%%%%%%%%%1
)))))))))))))))))))S1
 n=11
VI_1_1
SOURCE NODE OBTAINED FROM CKT FILE : VI
EDGE WEIGHT OBTAINED FROM CKT FILE : 1
DESTINATION NODE OBTAINED FROM CKT FILE : 1
CHECK HERE FOR DATA ENTERED IN CKT MAP 2
UPDATING BRANCHES FOR NODES -100 & 2
STRING OBTAINED IS 1

STRING OBTAINED IS 1
VI	1	1
9_1_VO
SOURCE NODE OBTAINED FROM CKT FILE : 9
EDGE WEIGHT OBTAINED FROM CKT FILE : 1
DESTINATION NODE OBTAINED FROM CKT FILE : VO
CHECK HERE FOR DATA ENTERED IN CKT MAP 512
UPDATING BRANCHES FOR NODES 512 & 100
STRING OBTAINED IS 1

STRING OBTAINED IS 1
9	1	VO
M0_3_4_9
LENGTH OF LINE : 8
7 & 1
SOURCE FOUND : 9
TRANSISTOR FOUND : M0 GDS 3 4 9
M1_2_6_9
LENGTH OF LINE : 8
7 & 1
SOURCE FOUND : 9
TRANSISTOR FOUND : M1 GDS 2 6 9
M5_10_9_0
LENGTH OF LINE : 9
8 & 1
SOURCE FOUND : 0
TRANSISTOR FOUND : M5 GDS 10 9 0
M4_10_11_0
LENGTH OF LINE : 10
9 & 1
SOURCE FOUND : 0
TRANSISTOR FOUND : M4 GDS 10 11 0
M6_10_8_0
LENGTH OF LINE : 9
8 & 1
SOURCE FOUND : 0
TRANSISTOR FOUND : M6 GDS 10 8 0
P2_4_4_5
LENGTH OF LINE : 8
7 & 1
SOURCE FOUND : 5
TRANSISTOR FOUND : P2 GDS 4 4 5
P3_4_6_5
LENGTH OF LINE : 8
7 & 1
SOURCE FOUND : 5
TRANSISTOR FOUND : P3 GDS 4 6 5
P7_6_8_5
LENGTH OF LINE : 8
7 & 1
SOURCE FOUND : 5
TRANSISTOR FOUND : P7 GDS 6 8 5
6_C1_7
SOURCE NODE OBTAINED FROM CKT FILE : 6
EDGE WEIGHT OBTAINED FROM CKT FILE : C1
DESTINATION NODE OBTAINED FROM CKT FILE : 7
DESTINATION NODE CONSIDERED FOR OPERATIONS 7
CHECK HERE FOR DATA ENTERED IN CKT MAP 64
CHECK HERE FOR DATA ENTERED IN CKT MAP 128
FLAG OF SOURCE NODE = 1
FLAG OF DESTINATION NODE = 1
UPDATING BRANCHES FOR NODES 64 & 128
STRING OBTAINED IS C1

STRING OBTAINED IS C1
6	C1	7
1_G1_2
SOURCE NODE OBTAINED FROM CKT FILE : 1
EDGE WEIGHT OBTAINED FROM CKT FILE : G1
DESTINATION NODE OBTAINED FROM CKT FILE : 2
DESTINATION NODE CONSIDERED FOR OPERATIONS 2
CHECK HERE FOR DATA ENTERED IN CKT MAP 4
FLAG OF SOURCE NODE = 0
FLAG OF DESTINATION NODE = 1
UPDATING BRANCHES FOR NODES 2 & 4
STRING OBTAINED IS G1

STRING OBTAINED IS G1
1	G1	2
1_G2_3
SOURCE NODE OBTAINED FROM CKT FILE : 1
EDGE WEIGHT OBTAINED FROM CKT FILE : G2
DESTINATION NODE OBTAINED FROM CKT FILE : 3
DESTINATION NODE CONSIDERED FOR OPERATIONS 3
CHECK HERE FOR DATA ENTERED IN CKT MAP 8
FLAG OF SOURCE NODE = 0
FLAG OF DESTINATION NODE = 1
UPDATING BRANCHES FOR NODES 2 & 8
STRING OBTAINED IS G2

STRING OBTAINED IS G2
1	G2	3
5_G3_11
SOURCE NODE OBTAINED FROM CKT FILE : 5
EDGE WEIGHT OBTAINED FROM CKT FILE : G3
DESTINATION NODE OBTAINED FROM CKT FILE : 11
DESTINATION NODE CONSIDERED FOR OPERATIONS 11
CHECK HERE FOR DATA ENTERED IN CKT MAP 32
CHECK HERE FOR DATA ENTERED IN CKT MAP 2048
FLAG OF SOURCE NODE = 1
FLAG OF DESTINATION NODE = 1
UPDATING BRANCHES FOR NODES 32 & 2048
STRING OBTAINED IS G3

STRING OBTAINED IS G3
5	G3	11
7_G4_8
SOURCE NODE OBTAINED FROM CKT FILE : 7
EDGE WEIGHT OBTAINED FROM CKT FILE : G4
DESTINATION NODE OBTAINED FROM CKT FILE : 8
DESTINATION NODE CONSIDERED FOR OPERATIONS 8
CHECK HERE FOR DATA ENTERED IN CKT MAP 256
FLAG OF SOURCE NODE = 1
FLAG OF DESTINATION NODE = 1
UPDATING BRANCHES FOR NODES 128 & 256
STRING OBTAINED IS G4

STRING OBTAINED IS G4
7	G4	8
8_G5_1
SOURCE NODE OBTAINED FROM CKT FILE : 8
EDGE WEIGHT OBTAINED FROM CKT FILE : G5
DESTINATION NODE OBTAINED FROM CKT FILE : 1
DESTINATION NODE CONSIDERED FOR OPERATIONS 1
FLAG OF SOURCE NODE = 1
FLAG OF DESTINATION NODE = 0
UPDATING BRANCHES FOR NODES 256 & 2
STRING OBTAINED IS G5

STRING OBTAINED IS G5
8	G5	1
)))))))))))))))))))S0
VI_1_1
SOURCE NODE VI
EDGE WEIGHT 1
DESTINATION NODE 1
9_1_VO
2.000000	2.000000_S1
512.000000	512.000000_S1
8.000000	8.000000_S1
16.000000	16.000000_S1
4.000000	4.000000_S1
64.000000	64.000000_S1
1024.000000	1024.000000_S1
2048.000000	2048.000000_S1
256.000000	256.000000_S1
32.000000	32.000000_S1
128.000000	128.000000_S1
MOD _S=512.000000_S1
FLAG OF SOURCE IS  1


JJJJJJJJJJJJJJJJ




512
PHASE = S1
CALLED DP ELASTANCE








 NODE : 512.000000_S1






6_C1_7
LINE TAKEN FOR CONSIDERATION 6_C1_7
BEFORE TAKING OUT NUMBER 64.000000_S1
TS ==  64
NUMBER64
FLAG S =1 , FLAG D =1


JJJJJJJJJJJJJJJJ




64	C1
PHASE = S1
CALLED DP ELASTANCE
C1


JJJJJJJJJJJJJJJJ




128	C1	G4
PHASE = S1
CALLED DP ELASTANCE
C1
G4
1_G1_2
LINE TAKEN FOR CONSIDERATION 1_G1_2
BEFORE TAKING OUT NUMBER 2.000000_S1
TS ==  2
NUMBER2
FLAG S =0 , FLAG D =1
4


JJJJJJJJJJJJJJJJ




4	G1
PHASE = S1
CALLED DP ELASTANCE
G1
CHECK HEREEEEEEE-4.000000_S1&& 1/(G1)
1_G2_3
LINE TAKEN FOR CONSIDERATION 1_G2_3
BEFORE TAKING OUT NUMBER 2.000000_S1
TS ==  2
NUMBER2
FLAG S =0 , FLAG D =1
8


JJJJJJJJJJJJJJJJ




8	G2
PHASE = S1
CALLED DP ELASTANCE
G2
CHECK HEREEEEEEE-8.000000_S1&& 1/(G2)
5_G3_11
LINE TAKEN FOR CONSIDERATION 5_G3_11
BEFORE TAKING OUT NUMBER 32.000000_S1
TS ==  32
NUMBER32
FLAG S =1 , FLAG D =1


JJJJJJJJJJJJJJJJ




32	G3
PHASE = S1
CALLED DP ELASTANCE
G3


JJJJJJJJJJJJJJJJ




2048	G3
PHASE = S1
CALLED DP ELASTANCE
G3
7_G4_8
LINE TAKEN FOR CONSIDERATION 7_G4_8
BEFORE TAKING OUT NUMBER 128.000000_S1
TS ==  128
NUMBER128
FLAG S =1 , FLAG D =1


JJJJJJJJJJJJJJJJ




128	C1	G4
PHASE = S1
CALLED DP ELASTANCE
C1
G4


JJJJJJJJJJJJJJJJ




256	G4	G5
PHASE = S1
CALLED DP ELASTANCE
G4
G5
8_G5_1
LINE TAKEN FOR CONSIDERATION 8_G5_1
BEFORE TAKING OUT NUMBER 256.000000_S1
TS ==  256
NUMBER256
FLAG S =1 , FLAG D =0
 NOT ENCOUNTERED THIS KIND OF CIRCUIT
TRANSISTOR : M0S1
GATE : 8.000000_S1
DRAIN : 16.000000_S1
SOURCE : 512.000000_S1
CONNECTED TO TRANSISTORS : M1S1 M5S1 P2S1 P3S1 
TRANSISTOR : M1S1
GATE : 4.000000_S1
DRAIN : 64.000000_S1
SOURCE : 512.000000_S1
CONNECTED TO TRANSISTORS : M0S1 M5S1 P3S1 P7S1 
TRANSISTOR : M5S1
GATE : 1024.000000_S1
DRAIN : 512.000000_S1
SOURCE : 1
CONNECTED TO TRANSISTORS : M0S1 M1S1 M4S1 M6S1 
TRANSISTOR : M4S1
GATE : 1024.000000_S1
DRAIN : 2048.000000_S1
SOURCE : 1
CONNECTED TO TRANSISTORS : M5S1 M6S1 
TRANSISTOR : M6S1
GATE : 1024.000000_S1
DRAIN : 256.000000_S1
SOURCE : 1
CONNECTED TO TRANSISTORS : M5S1 M4S1 P7S1 
TRANSISTOR : P2S1
GATE : 16.000000_S1
DRAIN : 16.000000_S1
SOURCE : 32.000000_S1
CONNECTED TO TRANSISTORS : M0S1 P3S1 P7S1 
TRANSISTOR : P3S1
GATE : 16.000000_S1
DRAIN : 64.000000_S1
SOURCE : 32.000000_S1
CONNECTED TO TRANSISTORS : M0S1 M1S1 P2S1 P7S1 
TRANSISTOR : P7S1
GATE : 64.000000_S1
DRAIN : 256.000000_S1
SOURCE : 32.000000_S1
CONNECTED TO TRANSISTORS : M1S1 M6S1 P2S1 P3S1 
	128.000000_S1	2.000000_S1


128.000000_S1 TAKEN FOR CONSIDERATION 
PHASE = 1
NEXT PHASE = 1
ID OF CURRENT NODE = 128
C1	G4	

Capacitor considered = C1
FOUND THE CAPACITOR IN THE INPUT BRANCH

Looking for capacitor C1 in NEXT phase 1 at node -100
Capacitor does not exits in the next phase 
Looking for capacitor C1 in NEXT phase 1 at node 2
G1
G2
G5
Capacitor does not exits in the next phase 
Looking for capacitor C1 in NEXT phase 1 at node 4
G1
Capacitor does not exits in the next phase 
Looking for capacitor C1 in NEXT phase 1 at node 8
G2
Capacitor does not exits in the next phase 
Looking for capacitor C1 in NEXT phase 1 at node 32
G3
Capacitor does not exits in the next phase 
Looking for capacitor C1 in NEXT phase 1 at node 64
C1
Capacitor C1 found in phase 1 connected to node 64 which is denoted by 64.000000_S1
PNEXT_NODE-64.000000_S1
FOUND THE CAPACITOR IN THE INPUT BRANCH IN NEXT PHASE
Branch drawn from 128.000000_S1 to -64.000000_S1 with edge weight = z^-1C1

Capacitor considered = G4
FOUND THE CAPACITOR IN THE INPUT BRANCH

Looking for capacitor G4 in NEXT phase 1 at node -100
Capacitor does not exits in the next phase 
Looking for capacitor G4 in NEXT phase 1 at node 2
G1
G2
G5
Capacitor does not exits in the next phase 
Looking for capacitor G4 in NEXT phase 1 at node 4
G1
Capacitor does not exits in the next phase 
Looking for capacitor G4 in NEXT phase 1 at node 8
G2
Capacitor does not exits in the next phase 
Looking for capacitor G4 in NEXT phase 1 at node 32
G3
Capacitor does not exits in the next phase 
Looking for capacitor G4 in NEXT phase 1 at node 64
C1
Capacitor does not exits in the next phase 
Looking for capacitor G4 in NEXT phase 1 at node 100
Capacitor does not exits in the next phase 
Looking for capacitor G4 in NEXT phase 1 at node 128
C1
G4
Capacitor G4 found in phase 1 connected to node 128 which is denoted by 128.000000_S1
PNEXT_NODE-128.000000_S1
FOUND THE CAPACITOR IN THE INPUT BRANCH IN NEXT PHASE
Branch drawn from 128.000000_S1 to -128.000000_S1 with edge weight = z^-1G4


2.000000_S1 TAKEN FOR CONSIDERATION 
PHASE = 1
NEXT PHASE = 1
ID OF CURRENT NODE = 2
G1	G2	G5	

Capacitor considered = G1
FOUND THE CAPACITOR IN THE OUTPUT BRANCH

Looking for capacitor G1 in NEXT phase 1 at node -100
Capacitor does not exits in the next phase 
Looking for capacitor G1 in NEXT phase 1 at node 2
G1
Capacitor G1 found in phase 1 connected to node 2 which is denoted by 2.000000_S1
PNEXT_NODE2.000000_S1
 size= 2 , -4.000000_S1 , G1
FOUND THE CAPACITOR IN THE OUTPUT BRANCH IN NEXT PHASE
FLAGD2 = 0
-4.000000_S1
UPDATED PNEXT_NODE -4.000000_S1
Branch drawn from 2.000000_S1 to -4.000000_S1 with edge weight = -z^-1G1

Capacitor considered = G2
FOUND THE CAPACITOR IN THE OUTPUT BRANCH

Looking for capacitor G2 in NEXT phase 1 at node -100
Capacitor does not exits in the next phase 
Looking for capacitor G2 in NEXT phase 1 at node 2
G1
G2
Capacitor G2 found in phase 1 connected to node 2 which is denoted by 2.000000_S1
PNEXT_NODE2.000000_S1
 size= 3 , -4.000000_S1 , G1
Let's take a look at the next one
 size= 3 , -8.000000_S1 , G2
FOUND THE CAPACITOR IN THE OUTPUT BRANCH IN NEXT PHASE
FLAGD2 = 0
-8.000000_S1
UPDATED PNEXT_NODE -8.000000_S1
Branch drawn from 2.000000_S1 to -8.000000_S1 with edge weight = -z^-1G2

Capacitor considered = G5
Capacitor is not connected to input or output branches, that means it must be grounded

Looking for capacitor G5 in NEXT phase 1 at node -100
Capacitor does not exits in the next phase 
Looking for capacitor G5 in NEXT phase 1 at node 2
G1
G2
G5
Capacitor G5 found in phase 1 connected to node 2 which is denoted by 2.000000_S1
PNEXT_NODE2.000000_S1
 size= 4 , -4.000000_S1 , G1
Let's take a look at the next one
 size= 4 , -8.000000_S1 , G2
Let's take a look at the next one
 size= 4 , -4.000000_S1 , -z^-1G1
Let's take a look at the next one
 size= 4 , -8.000000_S1 , -z^-1G2
Let's take a look at the next one
Capacitor is not connected to input or output branches, that means it must be grounded in the Next phase also
 Capacitor G5 will not impact any magic source
8.000000_S1
TRANSISTORS CONNECTED TO THIS NODE ARE : 	M0S1
16.000000_S1
TRANSISTORS CONNECTED TO THIS NODE ARE : 	M0S1	P2S1	P3S1
512.000000_S1
TRANSISTORS CONNECTED TO THIS NODE ARE : 	M0S1	M1S1	M5S1
4.000000_S1
TRANSISTORS CONNECTED TO THIS NODE ARE : 	M1S1
64.000000_S1
TRANSISTORS CONNECTED TO THIS NODE ARE : 	M1S1	P3S1	P7S1
1024.000000_S1
TRANSISTORS CONNECTED TO THIS NODE ARE : 	M5S1	M4S1	M6S1
2048.000000_S1
TRANSISTORS CONNECTED TO THIS NODE ARE : 	M4S1
256.000000_S1
TRANSISTORS CONNECTED TO THIS NODE ARE : 	M6S1	P7S1
32.000000_S1
TRANSISTORS CONNECTED TO THIS NODE ARE : 	P2S1	P3S1	P7S1
CONSIDERING THE NODE : 8.000000_S1
CONSIDERING THE TRANSISTOR : M0S1
CHECKING THE TRANSISTOR M0S1
REMOVING M0S1
CHECKING NODE TYPE IN THE TRANSISTOR FOUND gate
PHASE = 1
PURE ID = 8.000000
PREVIOUS NODE ID : 8.000000_S1
MODIFIED NODE ID : 8.000000_S1
TYPEgate
HIHI8.000000_S1
DPIMP FOUND  : 1/(+s.CgsM0S1)Updating input and output branches here
CONSIDERING THE NODE : 16.000000_S1
CONSIDERING THE TRANSISTOR : M0S1
CHECKING THE TRANSISTOR M0S1
REMOVING M0S1
CHECKING NODE TYPE IN THE TRANSISTOR FOUND drain
PHASE = 1
PURE ID = 16.000000
PREVIOUS NODE ID : 16.000000_S1
MODIFIED NODE ID : 16.000000_S1
CONSIDERING THE TRANSISTOR : P2S1
CHECKING THE TRANSISTOR M0S1
CHECKING THE TRANSISTOR M1S1
CHECKING THE TRANSISTOR M5S1
CHECKING THE TRANSISTOR M4S1
CHECKING THE TRANSISTOR M6S1
CHECKING THE TRANSISTOR P2S1
REMOVING P2S1
CHECKING NODE TYPE IN THE TRANSISTOR FOUND gateDrain
PHASE = 1
PURE ID = 16.000000
PREVIOUS NODE ID : 16.000000_S1
MODIFIED NODE ID : 16.000000_S1
TYPEgateDrain
CONSIDERING THE TRANSISTOR : P3S1
CHECKING THE TRANSISTOR M0S1
CHECKING THE TRANSISTOR M1S1
CHECKING THE TRANSISTOR M5S1
CHECKING THE TRANSISTOR M4S1
CHECKING THE TRANSISTOR M6S1
CHECKING THE TRANSISTOR P2S1
CHECKING THE TRANSISTOR P3S1
REMOVING P3S1
CHECKING NODE TYPE IN THE TRANSISTOR FOUND gate
PHASE = 1
PURE ID = 16.000000
PREVIOUS NODE ID : 16.000000_S1
MODIFIED NODE ID : 16.000000_S1
TYPEgate
DPIMP FOUND  : 1/(+gdsM0S1+s.CdsM0S1+s.CgsP2S1+gmP2S1+gdsP2S1+s.CgsP3S1)Updating input and output branches here
CONSIDERING THE NODE : 512.000000_S1
CONSIDERING THE TRANSISTOR : M0S1
CHECKING THE TRANSISTOR M0S1
REMOVING M0S1
CHECKING NODE TYPE IN THE TRANSISTOR FOUND source
PHASE = 1
PURE ID = 512.000000
PREVIOUS NODE ID : 512.000000_S1
MODIFIED NODE ID : 512.000000_S1
TYPEsource
CONSIDERING THE TRANSISTOR : M1S1
CHECKING THE TRANSISTOR M0S1
CHECKING THE TRANSISTOR M1S1
REMOVING M1S1
CHECKING NODE TYPE IN THE TRANSISTOR FOUND source
PHASE = 1
PURE ID = 512.000000
PREVIOUS NODE ID : 512.000000_S1
MODIFIED NODE ID : 512.000000_S1
TYPEsource
CONSIDERING THE TRANSISTOR : M5S1
CHECKING THE TRANSISTOR M0S1
CHECKING THE TRANSISTOR M1S1
CHECKING THE TRANSISTOR M5S1
REMOVING M5S1
CHECKING NODE TYPE IN THE TRANSISTOR FOUND drain
PHASE = 1
PURE ID = 512.000000
PREVIOUS NODE ID : 512.000000_S1
MODIFIED NODE ID : 512.000000_S1
DPIMP FOUND  : 1/(+gdsM0S1+s.CgsM0S1+s.CdsM0S1+gdsM1S1+s.CgsM1S1+s.CdsM1S1+gdsM5S1+s.CdsM5S1)Updating input and output branches here
CONSIDERING THE NODE : 4.000000_S1
CONSIDERING THE TRANSISTOR : M1S1
CHECKING THE TRANSISTOR M0S1
CHECKING THE TRANSISTOR M1S1
REMOVING M1S1
CHECKING NODE TYPE IN THE TRANSISTOR FOUND gate
PHASE = 1
PURE ID = 4.000000
PREVIOUS NODE ID : 4.000000_S1
MODIFIED NODE ID : 4.000000_S1
TYPEgate
HIHI4.000000_S1
DPIMP FOUND  : 1/(+s.CgsM1S1)Updating input and output branches here
CONSIDERING THE NODE : 64.000000_S1
CONSIDERING THE TRANSISTOR : M1S1
CHECKING THE TRANSISTOR M0S1
CHECKING THE TRANSISTOR M1S1
REMOVING M1S1
CHECKING NODE TYPE IN THE TRANSISTOR FOUND drain
PHASE = 1
PURE ID = 64.000000
PREVIOUS NODE ID : 64.000000_S1
MODIFIED NODE ID : 64.000000_S1
CONSIDERING THE TRANSISTOR : P3S1
CHECKING THE TRANSISTOR M0S1
CHECKING THE TRANSISTOR M1S1
CHECKING THE TRANSISTOR M5S1
CHECKING THE TRANSISTOR M4S1
CHECKING THE TRANSISTOR M6S1
CHECKING THE TRANSISTOR P2S1
CHECKING THE TRANSISTOR P3S1
REMOVING P3S1
CHECKING NODE TYPE IN THE TRANSISTOR FOUND drain
PHASE = 1
PURE ID = 64.000000
PREVIOUS NODE ID : 64.000000_S1
MODIFIED NODE ID : 64.000000_S1
CONSIDERING THE TRANSISTOR : P7S1
CHECKING THE TRANSISTOR M0S1
CHECKING THE TRANSISTOR M1S1
CHECKING THE TRANSISTOR M5S1
CHECKING THE TRANSISTOR M4S1
CHECKING THE TRANSISTOR M6S1
CHECKING THE TRANSISTOR P2S1
CHECKING THE TRANSISTOR P3S1
CHECKING THE TRANSISTOR P7S1
REMOVING P7S1
CHECKING NODE TYPE IN THE TRANSISTOR FOUND gate
PHASE = 1
PURE ID = 64.000000
PREVIOUS NODE ID : 64.000000_S1
MODIFIED NODE ID : 64.000000_S1
TYPEgate
DPIMP FOUND  : 1/(+gdsM1S1+s.CdsM1S1+gdsP3S1+s.CdsP3S1+s.CgsP7S1)Updating input and output branches here
CONSIDERING THE NODE : 1024.000000_S1
CONSIDERING THE TRANSISTOR : M5S1
CHECKING THE TRANSISTOR M0S1
CHECKING THE TRANSISTOR M1S1
CHECKING THE TRANSISTOR M5S1
REMOVING M5S1
CHECKING NODE TYPE IN THE TRANSISTOR FOUND gate
PHASE = 1
PURE ID = 1024.000000
PREVIOUS NODE ID : 1024.000000_S1
MODIFIED NODE ID : 1024.000000_S1
TYPEgate
HIHI1024.000000_S1
CONSIDERING THE TRANSISTOR : M4S1
CHECKING THE TRANSISTOR M0S1
CHECKING THE TRANSISTOR M1S1
CHECKING THE TRANSISTOR M5S1
CHECKING THE TRANSISTOR M4S1
REMOVING M4S1
CHECKING NODE TYPE IN THE TRANSISTOR FOUND gate
PHASE = 1
PURE ID = 1024.000000
PREVIOUS NODE ID : 1024.000000_S1
MODIFIED NODE ID : 1024.000000_S1
TYPEgate
HIHI1024.000000_S1
CONSIDERING THE TRANSISTOR : M6S1
CHECKING THE TRANSISTOR M0S1
CHECKING THE TRANSISTOR M1S1
CHECKING THE TRANSISTOR M5S1
CHECKING THE TRANSISTOR M4S1
CHECKING THE TRANSISTOR M6S1
REMOVING M6S1
CHECKING NODE TYPE IN THE TRANSISTOR FOUND gate
PHASE = 1
PURE ID = 1024.000000
PREVIOUS NODE ID : 1024.000000_S1
MODIFIED NODE ID : 1024.000000_S1
TYPEgate
HIHI1024.000000_S1
DPIMP FOUND  : 1/(+s.CgsM5S1+s.CgsM4S1+s.CgsM6S1)Updating input and output branches here
CONSIDERING THE NODE : 2048.000000_S1
CONSIDERING THE TRANSISTOR : M4S1
CHECKING THE TRANSISTOR M0S1
CHECKING THE TRANSISTOR M1S1
CHECKING THE TRANSISTOR M5S1
CHECKING THE TRANSISTOR M4S1
REMOVING M4S1
CHECKING NODE TYPE IN THE TRANSISTOR FOUND drain
PHASE = 1
PURE ID = 2048.000000
PREVIOUS NODE ID : 2048.000000_S1
MODIFIED NODE ID : 2048.000000_S1
DPIMP FOUND  : 1/(+gdsM4S1+s.CdsM4S1)Updating input and output branches here
CONSIDERING THE NODE : 256.000000_S1
CONSIDERING THE TRANSISTOR : M6S1
CHECKING THE TRANSISTOR M0S1
CHECKING THE TRANSISTOR M1S1
CHECKING THE TRANSISTOR M5S1
CHECKING THE TRANSISTOR M4S1
CHECKING THE TRANSISTOR M6S1
REMOVING M6S1
CHECKING NODE TYPE IN THE TRANSISTOR FOUND drain
PHASE = 1
PURE ID = 256.000000
PREVIOUS NODE ID : 256.000000_S1
MODIFIED NODE ID : 256.000000_S1
CONSIDERING THE TRANSISTOR : P7S1
CHECKING THE TRANSISTOR M0S1
CHECKING THE TRANSISTOR M1S1
CHECKING THE TRANSISTOR M5S1
CHECKING THE TRANSISTOR M4S1
CHECKING THE TRANSISTOR M6S1
CHECKING THE TRANSISTOR P2S1
CHECKING THE TRANSISTOR P3S1
CHECKING THE TRANSISTOR P7S1
REMOVING P7S1
CHECKING NODE TYPE IN THE TRANSISTOR FOUND drain
PHASE = 1
PURE ID = 256.000000
PREVIOUS NODE ID : 256.000000_S1
MODIFIED NODE ID : 256.000000_S1
DPIMP FOUND  : 1/(+gdsM6S1+s.CdsM6S1+gdsP7S1+s.CdsP7S1)Updating input and output branches here
CONSIDERING THE NODE : 32.000000_S1
CONSIDERING THE TRANSISTOR : P2S1
CHECKING THE TRANSISTOR M0S1
CHECKING THE TRANSISTOR M1S1
CHECKING THE TRANSISTOR M5S1
CHECKING THE TRANSISTOR M4S1
CHECKING THE TRANSISTOR M6S1
CHECKING THE TRANSISTOR P2S1
REMOVING P2S1
CHECKING NODE TYPE IN THE TRANSISTOR FOUND source
PHASE = 1
PURE ID = 32.000000
PREVIOUS NODE ID : 32.000000_S1
MODIFIED NODE ID : 32.000000_S1
TYPEsource
CONSIDERING THE TRANSISTOR : P3S1
CHECKING THE TRANSISTOR M0S1
CHECKING THE TRANSISTOR M1S1
CHECKING THE TRANSISTOR M5S1
CHECKING THE TRANSISTOR M4S1
CHECKING THE TRANSISTOR M6S1
CHECKING THE TRANSISTOR P2S1
CHECKING THE TRANSISTOR P3S1
REMOVING P3S1
CHECKING NODE TYPE IN THE TRANSISTOR FOUND source
PHASE = 1
PURE ID = 32.000000
PREVIOUS NODE ID : 32.000000_S1
MODIFIED NODE ID : 32.000000_S1
TYPEsource
CONSIDERING THE TRANSISTOR : P7S1
CHECKING THE TRANSISTOR M0S1
CHECKING THE TRANSISTOR M1S1
CHECKING THE TRANSISTOR M5S1
CHECKING THE TRANSISTOR M4S1
CHECKING THE TRANSISTOR M6S1
CHECKING THE TRANSISTOR P2S1
CHECKING THE TRANSISTOR P3S1
CHECKING THE TRANSISTOR P7S1
REMOVING P7S1
CHECKING NODE TYPE IN THE TRANSISTOR FOUND source
PHASE = 1
PURE ID = 32.000000
PREVIOUS NODE ID : 32.000000_S1
MODIFIED NODE ID : 32.000000_S1
TYPEsource
DPIMP FOUND  : 1/(+gdsP2S1+s.CgsP2S1+s.CdsP2S1+gdsP3S1+s.CgsP3S1+s.CdsP3S1+gdsP7S1+s.CgsP7S1+s.CdsP7S1)Updating input and output branches here
FINAL SIGNAL FLOW GRAPH
*****************************************************
NODE ID: -100	FLAG = 0

NO INPUTS

OUTPUTS
2.000000_S1	1
*****************************************************
NODE ID: -1024.000000_S1	FLAG = 0

NO INPUTS

OUTPUTS
1024.000000_S1	1/(s.CgsM5S1+s.CgsM4S1+s.CgsM6S1)
*****************************************************
NODE ID: -128.000000_S1	FLAG = 0

INPUTS
128.000000_S1	z^-1G4
256.000000_S1	G4
64.000000_S1	C1

OUTPUTS
128.000000_S1	1/(s.C1+G4)
*****************************************************
NODE ID: -16.000000_S1	FLAG = 0

INPUTS
32.000000_S1	gmP2S1
512.000000_S1	gmM0S1
8.000000_S1	-gmM0S1

OUTPUTS
16.000000_S1	1/(gdsM0S1+s.CdsM0S1+s.CgsP2S1+gmP2S1+gdsP2S1+s.CgsP3S1)
*****************************************************
NODE ID: -2048.000000_S1	FLAG = 0

INPUTS
1024.000000_S1	-gmM4S1
32.000000_S1	G3

OUTPUTS
2048.000000_S1	1/(G3+gdsM4S1+s.CdsM4S1)
*****************************************************
NODE ID: -256.000000_S1	FLAG = 0

INPUTS
1024.000000_S1	-gmM6S1
128.000000_S1	G4
32.000000_S1	gmP7S1
64.000000_S1	-gmP7S1

OUTPUTS
256.000000_S1	1/(G4+G5+gdsM6S1+s.CdsM6S1+gdsP7S1+s.CdsP7S1)
*****************************************************
NODE ID: -32.000000_S1	FLAG = 0

INPUTS
16.000000_S1	gmP2S1
2048.000000_S1	G3
64.000000_S1	gmP7S1

OUTPUTS
32.000000_S1	1/(G3+gdsP2S1+s.CgsP2S1+s.CdsP2S1+gdsP3S1+s.CgsP3S1+s.CdsP3S1+gdsP7S1+s.CgsP7S1+s.CdsP7S1)
*****************************************************
NODE ID: -4.000000_S1	FLAG = 0

INPUTS
2.000000_S1	G1

OUTPUTS
4.000000_S1	1/(G1+s.CgsM1S1)
*****************************************************
NODE ID: -512.000000_S1	FLAG = 0

INPUTS
1024.000000_S1	-gmM5S1
4.000000_S1	gmM1S1
8.000000_S1	gmM0S1

OUTPUTS
512.000000_S1	1/(+gdsM0S1+s.CgsM0S1+s.CdsM0S1+gdsM1S1+s.CgsM1S1+s.CdsM1S1+gdsM5S1+s.CdsM5S1)
*****************************************************
NODE ID: -64.000000_S1	FLAG = 0

INPUTS
128.000000_S1	C1
16.000000_S1	-gmP3S1
32.000000_S1	gmP3S1
4.000000_S1	-gmM1S1
512.000000_S1	gmM1S1

OUTPUTS
64.000000_S1	1/(s.C1+gdsM1S1+s.CdsM1S1+gdsP3S1+s.CdsP3S1+s.CgsP7S1)
*****************************************************
NODE ID: -8.000000_S1	FLAG = 0

INPUTS
2.000000_S1	G2

OUTPUTS
8.000000_S1	1/(G2+s.CgsM0S1)
*****************************************************
NODE ID: 1	FLAG = 0

NO INPUTS

NO OUTPUTS
*****************************************************
NODE ID: 100	FLAG = 0

INPUTS
512.000000_S1	1

NO OUTPUTS
*****************************************************
NODE ID: 1024.000000_S1	FLAG = 1

INPUTS
-1024.000000_S1	1/(s.CgsM5S1+s.CgsM4S1+s.CgsM6S1)

OUTPUTS
-2048.000000_S1	-gmM4S1
-256.000000_S1	-gmM6S1
-512.000000_S1	-gmM5S1
*****************************************************
NODE ID: 128.000000_S1	FLAG = 1

INPUTS
-128.000000_S1	1/(s.C1+G4)

OUTPUTS
-128.000000_S1	z^-1G4
-256.000000_S1	G4
-64.000000_S1	C1
*****************************************************
NODE ID: 16.000000_S1	FLAG = 1

INPUTS
-16.000000_S1	1/(gdsM0S1+s.CdsM0S1+s.CgsP2S1+gmP2S1+gdsP2S1+s.CgsP3S1)

OUTPUTS
-32.000000_S1	gmP2S1
-64.000000_S1	-gmP3S1
*****************************************************
NODE ID: 2.000000_S1	FLAG = 0

INPUTS
-100	1

OUTPUTS
-4.000000_S1	G1
-8.000000_S1	G2
*****************************************************
NODE ID: 2048.000000_S1	FLAG = 1

INPUTS
-2048.000000_S1	1/(G3+gdsM4S1+s.CdsM4S1)

OUTPUTS
-32.000000_S1	G3
*****************************************************
NODE ID: 256.000000_S1	FLAG = 1

INPUTS
-256.000000_S1	1/(G4+G5+gdsM6S1+s.CdsM6S1+gdsP7S1+s.CdsP7S1)

OUTPUTS
-128.000000_S1	G4
*****************************************************
NODE ID: 32.000000_S1	FLAG = 1

INPUTS
-32.000000_S1	1/(G3+gdsP2S1+s.CgsP2S1+s.CdsP2S1+gdsP3S1+s.CgsP3S1+s.CdsP3S1+gdsP7S1+s.CgsP7S1+s.CdsP7S1)

OUTPUTS
-16.000000_S1	gmP2S1
-2048.000000_S1	G3
-256.000000_S1	gmP7S1
-64.000000_S1	gmP3S1
*****************************************************
NODE ID: 4.000000_S1	FLAG = 1

INPUTS
-4.000000_S1	1/(G1+s.CgsM1S1)

OUTPUTS
-512.000000_S1	gmM1S1
-64.000000_S1	-gmM1S1
*****************************************************
NODE ID: 512.000000_S1	FLAG = 1

INPUTS
-512.000000_S1	1/(+gdsM0S1+s.CgsM0S1+s.CdsM0S1+gdsM1S1+s.CgsM1S1+s.CdsM1S1+gdsM5S1+s.CdsM5S1)

OUTPUTS
-16.000000_S1	gmM0S1
-64.000000_S1	gmM1S1
100	1
*****************************************************
NODE ID: 64.000000_S1	FLAG = 1

INPUTS
-64.000000_S1	1/(s.C1+gdsM1S1+s.CdsM1S1+gdsP3S1+s.CdsP3S1+s.CgsP7S1)

OUTPUTS
-128.000000_S1	C1
-256.000000_S1	-gmP7S1
-32.000000_S1	gmP7S1
*****************************************************
NODE ID: 8.000000_S1	FLAG = 1

INPUTS
-8.000000_S1	1/(G2+s.CgsM0S1)

OUTPUTS
-16.000000_S1	-gmM0S1
-512.000000_S1	gmM0S1Output file has been written successfully.
FIND PATHS FUNCTION WORKING-100	2.000000_S1	-4.000000_S1	4.000000_S1	-512.000000_S1	512.000000_S1	100	-100	2.000000_S1	-8.000000_S1	8.000000_S1	-512.000000_S1	512.000000_S1	100	
FIND CYCLES WORKING
PROCESS DFSTREE CALLED
PROCESS DFSTREE CALLED
PROCESS DFSTREE CALLED
PROCESS DFSTREE CALLED
PROCESS DFSTREE CALLED
PROCESS DFSTREE CALLED
PROCESS DFSTREE CALLED
PROCESS DFSTREE CALLED
PROCESS DFSTREE CALLED
PROCESS DFSTREE CALLED
PROCESS DFSTREE CALLED
PROCESS DFSTREE CALLED
PROCESS DFSTREE CALLED
PROCESS DFSTREE CALLED
PROCESS DFSTREE CALLED
PROCESS DFSTREE CALLED
PROCESS DFSTREE CALLED
PROCESS DFSTREE CALLED
PROCESS DFSTREE CALLED
PROCESS DFSTREE CALLED
PROCESS DFSTREE CALLED
PROCESS DFSTREE CALLED
PROCESS DFSTREE CALLED
PROCESS DFSTREE CALLED
PROCESS DFSTREE CALLED
PROCESS DFSTREE CALLED
PROCESS DFSTREE CALLED
PROCESS DFSTREE CALLED
PROCESS DFSTREE CALLED
PROCESS DFSTREE CALLED
PROCESS DFSTREE CALLED
PROCESS DFSTREE CALLED
PROCESS DFSTREE CALLED
PROCESS DFSTREE CALLED
PROCESS DFSTREE CALLED
PROCESS DFSTREE CALLED
PROCESS DFSTREE CALLED
PROCESS DFSTREE CALLED
PROCESS DFSTREE CALLED
PROCESS DFSTREE CALLED
PROCESS DFSTREE CALLED
PROCESS DFSTREE CALLED
PROCESS DFSTREE CALLED
PROCESS DFSTREE CALLED
PROCESS DFSTREE CALLED
PROCESS DFSTREE CALLED
PROCESS DFSTREE CALLED
PROCESS DFSTREE CALLED
PROCESS DFSTREE CALLED
PROCESS DFSTREE CALLED
PROCESS DFSTREE CALLED
PROCESS DFSTREE CALLED
PROCESS DFSTREE CALLED
PROCESS DFSTREE CALLED
PROCESS DFSTREE CALLED
PROCESS DFSTREE CALLED
PROCESS DFSTREE CALLED
PROCESS DFSTREE CALLED
PROCESS DFSTREE CALLED
PROCESS DFSTREE CALLED
PROCESS DFSTREE CALLED
PROCESS DFSTREE CALLED
PROCESS DFSTREE CALLED
PROCESS DFSTREE CALLED
PROCESS DFSTREE CALLED
PROCESS DFSTREE CALLED
PROCESS DFSTREE CALLED
PROCESS DFSTREE CALLED
PROCESS DFSTREE CALLED
PROCESS DFSTREE CALLED
PROCESS DFSTREE CALLED
PROCESS DFSTREE CALLED
PROCESS DFSTREE CALLED
PROCESS DFSTREE CALLED
PROCESS DFSTREE CALLED
PROCESS DFSTREE CALLED
PROCESS DFSTREE CALLED
PROCESS DFSTREE CALLED
PROCESS DFSTREE CALLED
PROCESS DFSTREE CALLED
PROCESS DFSTREE CALLED
PROCESS DFSTREE CALLED
PROCESS DFSTREE CALLED
PROCESS DFSTREE CALLED
PROCESS DFSTREE CALLED
PROCESS DFSTREE CALLED
PROCESS DFSTREE CALLED
PROCESS DFSTREE CALLED
PROCESS DFSTREE CALLED
PROCESS DFSTREE CALLED
PROCESS DFSTREE CALLED
PROCESS DFSTREE CALLED
PROCESS DFSTREE CALLED
PROCESS DFSTREE CALLED
PROCESS DFSTREE CALLED
PROCESS DFSTREE CALLED
PROCESS DFSTREE CALLED
PROCESS DFSTREE CALLED
PROCESS DFSTREE CALLED
PROCESS DFSTREE CALLED
PROCESS DFSTREE CALLED
PROCESS DFSTREE CALLED
PROCESS DFSTREE CALLED
PROCESS DFSTREE CALLED
PROCESS DFSTREE CALLED
PROCESS DFSTREE CALLED
PROCESS DFSTREE CALLED
PROCESS DFSTREE CALLED
PROCESS DFSTREE CALLED
PROCESS DFSTREE CALLED
PROCESS DFSTREE CALLED
PROCESS DFSTREE CALLED
PROCESS DFSTREE CALLED
PROCESS DFSTREE CALLED
PROCESS DFSTREE CALLED
PROCESS DFSTREE CALLED
PROCESS DFSTREE CALLED
PROCESS DFSTREE CALLED
PROCESS DFSTREE CALLED
PROCESS DFSTREE CALLED
PROCESS DFSTREE CALLED
PROCESS DFSTREE CALLED
PROCESS DFSTREE CALLED
PROCESS DFSTREE CALLED
PROCESS DFSTREE CALLED
PROCESS DFSTREE CALLED
PROCESS DFSTREE CALLED
PROCESS DFSTREE CALLED
PROCESS DFSTREE CALLED
PROCESS DFSTREE CALLED
PROCESS DFSTREE CALLED
PROCESS DFSTREE CALLED
PROCESS DFSTREE CALLED
PROCESS DFSTREE CALLED
PROCESS DFSTREE CALLED
PROCESS DFSTREE CALLED
PROCESS DFSTREE CALLED
PROCESS DFSTREE CALLED
PROCESS DFSTREE CALLED
PROCESS DFSTREE CALLED
PROCESS DFSTREE CALLED
PROCESS DFSTREE CALLED
PROCESS DFSTREE CALLED
PROCESS DFSTREE CALLED
PROCESS DFSTREE CALLED
PROCESS DFSTREE CALLED
PROCESS DFSTREE CALLED
PROCESS DFSTREE CALLED
PROCESS DFSTREE CALLED
PROCESS DFSTREE CALLED
PROCESS DFSTREE CALLED
PROCESS DFSTREE CALLED
PROCESS DFSTREE CALLED
PROCESS DFSTREE CALLED
PROCESS DFSTREE CALLED
PROCESS DFSTREE CALLED
PROCESS DFSTREE CALLED
PROCESS DFSTREE CALLED
PROCESS DFSTREE CALLED
PROCESS DFSTREE CALLED
PROCESS DFSTREE CALLED
PROCESS DFSTREE CALLED
PROCESS DFSTREE CALLED
PROCESS DFSTREE CALLED
PROCESS DFSTREE CALLED
PROCESS DFSTREE CALLED
PROCESS DFSTREE CALLED
PROCESS DFSTREE CALLED
PROCESS DFSTREE CALLED
PROCESS DFSTREE CALLED
PROCESS DFSTREE CALLED
PROCESS DFSTREE CALLED
PROCESS DFSTREE CALLED
PROCESS DFSTREE CALLED
PROCESS DFSTREE CALLED
PROCESS DFSTREE CALLED
PROCESS DFSTREE CALLED
PROCESS DFSTREE CALLED
PROCESS DFSTREE CALLED
PROCESS DFSTREE CALLED
PROCESS DFSTREE CALLED
PROCESS DFSTREE CALLED
PROCESS DFSTREE CALLED
PROCESS DFSTREE CALLED
PROCESS DFSTREE CALLED
PROCESS DFSTREE CALLED
PROCESS DFSTREE CALLED
PROCESS DFSTREE CALLED
PROCESS DFSTREE CALLED
PROCESS DFSTREE CALLED
DISPLAYING FORWARD PATH NO. : 1
-100 2.000000_S1 -4.000000_S1 4.000000_S1 -512.000000_S1 512.000000_S1 
GAIN OF THIS FORWARD PATH IS = (G1.1/(G1+s.CgsM1S1).gmM1S1.1/(+gdsM0S1+s.CgsM0S1+s.CdsM0S1+gdsM1S1+s.CgsM1S1+s.CdsM1S1+gdsM5S1+s.CdsM5S1).)
DISPLAYING FORWARD PATH NO. : 2
-100 2.000000_S1 -8.000000_S1 8.000000_S1 -512.000000_S1 512.000000_S1 
GAIN OF THIS FORWARD PATH IS = (G2.1/(G2+s.CgsM0S1).gmM0S1.1/(+gdsM0S1+s.CgsM0S1+s.CdsM0S1+gdsM1S1+s.CgsM1S1+s.CdsM1S1+gdsM5S1+s.CdsM5S1).)
DISPLAYING LOOPS BEFORE ANY OPERATION	-16.000000_S1	16.000000_S1	-32.000000_S1	32.000000_S1
DISPLAYING LOOPS BEFORE ANY OPERATION	-32.000000_S1	32.000000_S1	-2048.000000_S1	2048.000000_S1
DISPLAYING LOOPS BEFORE ANY OPERATION	-128.000000_S1	128.000000_S1
DISPLAYING LOOPS BEFORE ANY OPERATION	-256.000000_S1	256.000000_S1	-128.000000_S1	128.000000_S1
DISPLAYING LOOPS BEFORE ANY OPERATION	-128.000000_S1	128.000000_S1	-64.000000_S1	64.000000_S1
DISPLAYING LOOPS BEFORE ANY OPERATION	-256.000000_S1	256.000000_S1	-128.000000_S1	128.000000_S1	-64.000000_S1	64.000000_S1
DISPLAYING LOOPS BEFORE ANY OPERATION	-32.000000_S1	32.000000_S1	-256.000000_S1	256.000000_S1	-128.000000_S1	128.000000_S1	-64.000000_S1	64.000000_S1
DISPLAYING LOOPS BEFORE ANY OPERATION	-128.000000_S1	128.000000_S1
DISPLAYING LOOPS BEFORE ANY OPERATION	-128.000000_S1	128.000000_S1	-256.000000_S1	256.000000_S1
DISPLAYING LOOPS BEFORE ANY OPERATION	-64.000000_S1	64.000000_S1	-128.000000_S1	128.000000_S1
DISPLAYING LOOPS BEFORE ANY OPERATION	-128.000000_S1	128.000000_S1
DISPLAYING LOOPS BEFORE ANY OPERATION	-256.000000_S1	256.000000_S1	-128.000000_S1	128.000000_S1
DISPLAYING LOOPS BEFORE ANY OPERATION	-64.000000_S1	64.000000_S1	-256.000000_S1	256.000000_S1	-128.000000_S1	128.000000_S1
DISPLAYING LOOPS BEFORE ANY OPERATION	-32.000000_S1	32.000000_S1	-64.000000_S1	64.000000_S1
DISPLAYING LOOPS BEFORE ANY OPERATION	-128.000000_S1	128.000000_S1
DISPLAYING LOOPS BEFORE ANY OPERATION	-128.000000_S1	128.000000_S1	-256.000000_S1	256.000000_S1
DISPLAYING LOOPS BEFORE ANY OPERATION	-64.000000_S1	64.000000_S1	-128.000000_S1	128.000000_S1
DISPLAYING LOOPS BEFORE ANY OPERATION	-128.000000_S1	128.000000_S1
DISPLAYING LOOPS BEFORE ANY OPERATION	-256.000000_S1	256.000000_S1	-128.000000_S1	128.000000_S1
DISPLAYING LOOPS BEFORE ANY OPERATION	-64.000000_S1	64.000000_S1	-256.000000_S1	256.000000_S1	-128.000000_S1	128.000000_S1
DISPLAYING LOOPS BEFORE ANY OPERATION	-16.000000_S1	16.000000_S1	-64.000000_S1	64.000000_S1	-32.000000_S1	32.000000_S1
DISPLAYING LOOPS BEFORE ANY OPERATION	-32.000000_S1	32.000000_S1	-2048.000000_S1	2048.000000_S1
DISPLAYING LOOPS BEFORE ANY OPERATION	-128.000000_S1	128.000000_S1
DISPLAYING LOOPS BEFORE ANY OPERATION	-256.000000_S1	256.000000_S1	-128.000000_S1	128.000000_S1
DISPLAYING LOOPS BEFORE ANY OPERATION	-64.000000_S1	64.000000_S1	-32.000000_S1	32.000000_S1	-256.000000_S1	256.000000_S1	-128.000000_S1	128.000000_S1
DISPLAYING LOOPS BEFORE ANY OPERATION	-64.000000_S1	64.000000_S1	-32.000000_S1	32.000000_S1
DISPLAYING LOOPS BEFORE ANY OPERATION	-128.000000_S1	128.000000_S1
DISPLAYING LOOPS BEFORE ANY OPERATION	-128.000000_S1	128.000000_S1	-256.000000_S1	256.000000_S1
DISPLAYING LOOPS BEFORE ANY OPERATION	-64.000000_S1	64.000000_S1	-128.000000_S1	128.000000_S1
DISPLAYING LOOPS BEFORE ANY OPERATION	-128.000000_S1	128.000000_S1
DISPLAYING LOOPS BEFORE ANY OPERATION	-256.000000_S1	256.000000_S1	-128.000000_S1	128.000000_S1
DISPLAYING LOOPS BEFORE ANY OPERATION	-64.000000_S1	64.000000_S1	-256.000000_S1	256.000000_S1	-128.000000_S1	128.000000_S1
DISPLAYING LOOPS BEFORE ANY OPERATION	-32.000000_S1	32.000000_S1	-16.000000_S1	16.000000_S1
DISPLAYING LOOPS BEFORE ANY OPERATION	-64.000000_S1	64.000000_S1	-32.000000_S1	32.000000_S1	-16.000000_S1	16.000000_S1
DISPLAYING LOOPS BEFORE ANY OPERATION	-32.000000_S1	32.000000_S1	-2048.000000_S1	2048.000000_S1
DISPLAYING LOOPS BEFORE ANY OPERATION	-128.000000_S1	128.000000_S1
DISPLAYING LOOPS BEFORE ANY OPERATION	-256.000000_S1	256.000000_S1	-128.000000_S1	128.000000_S1
DISPLAYING LOOPS BEFORE ANY OPERATION	-64.000000_S1	64.000000_S1	-32.000000_S1	32.000000_S1	-256.000000_S1	256.000000_S1	-128.000000_S1	128.000000_S1
DISPLAYING LOOPS BEFORE ANY OPERATION	-64.000000_S1	64.000000_S1	-32.000000_S1	32.000000_S1
DISPLAYING LOOPS BEFORE ANY OPERATION	-128.000000_S1	128.000000_S1
DISPLAYING LOOPS BEFORE ANY OPERATION	-128.000000_S1	128.000000_S1	-256.000000_S1	256.000000_S1
DISPLAYING LOOPS BEFORE ANY OPERATION	-64.000000_S1	64.000000_S1	-128.000000_S1	128.000000_S1
DISPLAYING LOOPS BEFORE ANY OPERATION	-128.000000_S1	128.000000_S1
DISPLAYING LOOPS BEFORE ANY OPERATION	-256.000000_S1	256.000000_S1	-128.000000_S1	128.000000_S1
DISPLAYING LOOPS BEFORE ANY OPERATION	-64.000000_S1	64.000000_S1	-256.000000_S1	256.000000_S1	-128.000000_S1	128.000000_S1
DISPLAYING LOOPS BEFORE ANY OPERATION	-32.000000_S1	32.000000_S1	-16.000000_S1	16.000000_S1
DISPLAYING LOOPS BEFORE ANY OPERATION	-64.000000_S1	64.000000_S1	-32.000000_S1	32.000000_S1	-16.000000_S1	16.000000_S1
DISPLAYING LOOPS BEFORE ANY OPERATION	-32.000000_S1	32.000000_S1	-2048.000000_S1	2048.000000_S1
DISPLAYING LOOPS BEFORE ANY OPERATION	-128.000000_S1	128.000000_S1
DISPLAYING LOOPS BEFORE ANY OPERATION	-256.000000_S1	256.000000_S1	-128.000000_S1	128.000000_S1
DISPLAYING LOOPS BEFORE ANY OPERATION	-64.000000_S1	64.000000_S1	-32.000000_S1	32.000000_S1	-256.000000_S1	256.000000_S1	-128.000000_S1	128.000000_S1
DISPLAYING LOOPS BEFORE ANY OPERATION	-64.000000_S1	64.000000_S1	-32.000000_S1	32.000000_S1
DISPLAYING LOOPS BEFORE ANY OPERATION	-16.000000_S1	16.000000_S1	-32.000000_S1	32.000000_S1
DISPLAYING LOOPS BEFORE ANY OPERATION	-32.000000_S1	32.000000_S1	-2048.000000_S1	2048.000000_S1
DISPLAYING LOOPS BEFORE ANY OPERATION	-128.000000_S1	128.000000_S1
DISPLAYING LOOPS BEFORE ANY OPERATION	-256.000000_S1	256.000000_S1	-128.000000_S1	128.000000_S1
DISPLAYING LOOPS BEFORE ANY OPERATION	-128.000000_S1	128.000000_S1	-64.000000_S1	64.000000_S1
DISPLAYING LOOPS BEFORE ANY OPERATION	-256.000000_S1	256.000000_S1	-128.000000_S1	128.000000_S1	-64.000000_S1	64.000000_S1
DISPLAYING LOOPS BEFORE ANY OPERATION	-32.000000_S1	32.000000_S1	-256.000000_S1	256.000000_S1	-128.000000_S1	128.000000_S1	-64.000000_S1	64.000000_S1
DISPLAYING LOOPS BEFORE ANY OPERATION	-128.000000_S1	128.000000_S1
DISPLAYING LOOPS BEFORE ANY OPERATION	-128.000000_S1	128.000000_S1	-256.000000_S1	256.000000_S1
DISPLAYING LOOPS BEFORE ANY OPERATION	-64.000000_S1	64.000000_S1	-128.000000_S1	128.000000_S1
DISPLAYING LOOPS BEFORE ANY OPERATION	-128.000000_S1	128.000000_S1
DISPLAYING LOOPS BEFORE ANY OPERATION	-256.000000_S1	256.000000_S1	-128.000000_S1	128.000000_S1
DISPLAYING LOOPS BEFORE ANY OPERATION	-64.000000_S1	64.000000_S1	-256.000000_S1	256.000000_S1	-128.000000_S1	128.000000_S1
DISPLAYING LOOPS BEFORE ANY OPERATION	-32.000000_S1	32.000000_S1	-64.000000_S1	64.000000_S1
DISPLAYING LOOPS BEFORE ANY OPERATION	-128.000000_S1	128.000000_S1
DISPLAYING LOOPS BEFORE ANY OPERATION	-128.000000_S1	128.000000_S1	-256.000000_S1	256.000000_S1
DISPLAYING LOOPS BEFORE ANY OPERATION	-64.000000_S1	64.000000_S1	-128.000000_S1	128.000000_S1
DISPLAYING LOOPS BEFORE ANY OPERATION	-128.000000_S1	128.000000_S1
DISPLAYING LOOPS BEFORE ANY OPERATION	-256.000000_S1	256.000000_S1	-128.000000_S1	128.000000_S1
DISPLAYING LOOPS BEFORE ANY OPERATION	-64.000000_S1	64.000000_S1	-256.000000_S1	256.000000_S1	-128.000000_S1	128.000000_S1
DISPLAYING LOOPS BEFORE ANY OPERATION	-16.000000_S1	16.000000_S1	-64.000000_S1	64.000000_S1	-32.000000_S1	32.000000_S1
DISPLAYING LOOPS BEFORE ANY OPERATION	-32.000000_S1	32.000000_S1	-2048.000000_S1	2048.000000_S1
DISPLAYING LOOPS BEFORE ANY OPERATION	-128.000000_S1	128.000000_S1
DISPLAYING LOOPS BEFORE ANY OPERATION	-256.000000_S1	256.000000_S1	-128.000000_S1	128.000000_S1
DISPLAYING LOOPS BEFORE ANY OPERATION	-64.000000_S1	64.000000_S1	-32.000000_S1	32.000000_S1	-256.000000_S1	256.000000_S1	-128.000000_S1	128.000000_S1
DISPLAYING LOOPS BEFORE ANY OPERATION	-64.000000_S1	64.000000_S1	-32.000000_S1	32.000000_S1
DISPLAYING LOOPS BEFORE ANY OPERATION	-16.000000_S1	16.000000_S1	-32.000000_S1	32.000000_S1
DISPLAYING LOOPS BEFORE ANY OPERATION	-32.000000_S1	32.000000_S1	-2048.000000_S1	2048.000000_S1
DISPLAYING LOOPS BEFORE ANY OPERATION	-128.000000_S1	128.000000_S1
DISPLAYING LOOPS BEFORE ANY OPERATION	-256.000000_S1	256.000000_S1	-128.000000_S1	128.000000_S1
DISPLAYING LOOPS BEFORE ANY OPERATION	-128.000000_S1	128.000000_S1	-64.000000_S1	64.000000_S1
DISPLAYING LOOPS BEFORE ANY OPERATION	-256.000000_S1	256.000000_S1	-128.000000_S1	128.000000_S1	-64.000000_S1	64.000000_S1
DISPLAYING LOOPS BEFORE ANY OPERATION	-32.000000_S1	32.000000_S1	-256.000000_S1	256.000000_S1	-128.000000_S1	128.000000_S1	-64.000000_S1	64.000000_S1
DISPLAYING LOOPS BEFORE ANY OPERATION	-128.000000_S1	128.000000_S1
DISPLAYING LOOPS BEFORE ANY OPERATION	-128.000000_S1	128.000000_S1	-256.000000_S1	256.000000_S1
DISPLAYING LOOPS BEFORE ANY OPERATION	-64.000000_S1	64.000000_S1	-128.000000_S1	128.000000_S1
DISPLAYING LOOPS BEFORE ANY OPERATION	-128.000000_S1	128.000000_S1
DISPLAYING LOOPS BEFORE ANY OPERATION	-256.000000_S1	256.000000_S1	-128.000000_S1	128.000000_S1
DISPLAYING LOOPS BEFORE ANY OPERATION	-64.000000_S1	64.000000_S1	-256.000000_S1	256.000000_S1	-128.000000_S1	128.000000_S1
DISPLAYING LOOPS BEFORE ANY OPERATION	-32.000000_S1	32.000000_S1	-64.000000_S1	64.000000_S1
DISPLAYING LOOPS BEFORE ANY OPERATION	-128.000000_S1	128.000000_S1
DISPLAYING LOOPS BEFORE ANY OPERATION	-128.000000_S1	128.000000_S1	-256.000000_S1	256.000000_S1
DISPLAYING LOOPS BEFORE ANY OPERATION	-64.000000_S1	64.000000_S1	-128.000000_S1	128.000000_S1
DISPLAYING LOOPS BEFORE ANY OPERATION	-128.000000_S1	128.000000_S1
DISPLAYING LOOPS BEFORE ANY OPERATION	-256.000000_S1	256.000000_S1	-128.000000_S1	128.000000_S1
DISPLAYING LOOPS BEFORE ANY OPERATION	-64.000000_S1	64.000000_S1	-256.000000_S1	256.000000_S1	-128.000000_S1	128.000000_S1
DISPLAYING LOOPS BEFORE ANY OPERATION	-16.000000_S1	16.000000_S1	-64.000000_S1	64.000000_S1	-32.000000_S1	32.000000_S1
DISPLAYING LOOPS BEFORE ANY OPERATION	-32.000000_S1	32.000000_S1	-2048.000000_S1	2048.000000_S1
DISPLAYING LOOPS BEFORE ANY OPERATION	-128.000000_S1	128.000000_S1
DISPLAYING LOOPS BEFORE ANY OPERATION	-256.000000_S1	256.000000_S1	-128.000000_S1	128.000000_S1
DISPLAYING LOOPS BEFORE ANY OPERATION	-64.000000_S1	64.000000_S1	-32.000000_S1	32.000000_S1	-256.000000_S1	256.000000_S1	-128.000000_S1	128.000000_S1
DISPLAYING LOOPS BEFORE ANY OPERATION	-64.000000_S1	64.000000_S1	-32.000000_S1	32.000000_S1
DISPLAYING LOOPS BEFORE ANY OPERATION	-128.000000_S1	128.000000_S1
DISPLAYING LOOPS BEFORE ANY OPERATION	-128.000000_S1	128.000000_S1	-256.000000_S1	256.000000_S1
DISPLAYING LOOPS BEFORE ANY OPERATION	-64.000000_S1	64.000000_S1	-128.000000_S1	128.000000_S1
DISPLAYING LOOPS BEFORE ANY OPERATION	-128.000000_S1	128.000000_S1
DISPLAYING LOOPS BEFORE ANY OPERATION	-256.000000_S1	256.000000_S1	-128.000000_S1	128.000000_S1
DISPLAYING LOOPS BEFORE ANY OPERATION	-64.000000_S1	64.000000_S1	-256.000000_S1	256.000000_S1	-128.000000_S1	128.000000_S1
DISPLAYING LOOPS BEFORE ANY OPERATION	-32.000000_S1	32.000000_S1	-16.000000_S1	16.000000_S1
DISPLAYING LOOPS BEFORE ANY OPERATION	-64.000000_S1	64.000000_S1	-32.000000_S1	32.000000_S1	-16.000000_S1	16.000000_S1
DISPLAYING LOOPS BEFORE ANY OPERATION	-32.000000_S1	32.000000_S1	-2048.000000_S1	2048.000000_S1
DISPLAYING LOOPS BEFORE ANY OPERATION	-128.000000_S1	128.000000_S1
DISPLAYING LOOPS BEFORE ANY OPERATION	-256.000000_S1	256.000000_S1	-128.000000_S1	128.000000_S1
DISPLAYING LOOPS BEFORE ANY OPERATION	-64.000000_S1	64.000000_S1	-32.000000_S1	32.000000_S1	-256.000000_S1	256.000000_S1	-128.000000_S1	128.000000_S1
DISPLAYING LOOPS BEFORE ANY OPERATION	-64.000000_S1	64.000000_S1	-32.000000_S1	32.000000_S1
S =0
S =0
S =0
S =0
S =0
S =0
S =0
S =0
S =0
S =0
S =0
S =0
S =0
S =0
S =0
S =0
S =0
S =0
S =0
S =0
S =0
S =0
S =0
S =0
S =0
S =0
S =0
S =0
S =0
S =0
S =0
S =1
S =0
S =0
S =0
S =0
S =0
S =0
S =0
S =0
S =0
S =0
S =0
S =0
S =1
S =0
S =0
S =0
S =0
S =0
S =0
S =1
S =0
S =0
S =0
S =0
S =0
S =0
S =0
S =0
S =0
S =0
S =0
S =0
S =0
S =0
S =0
S =0
S =0
S =0
S =0
S =0
S =0
S =0
S =0
S =0
S =0
S =1
S =0
S =0
S =0
S =0
S =0
S =0
S =0
S =0
S =0
S =0
S =0
S =0
S =0
S =0
S =0
S =0
S =0
S =0
S =0
S =0
S =0
S =0
S =0
S =0
S =0
S =0
S =0
S =0
S =0
S =0
S =0
S =1
S =0
S =0
S =0
S =0
S =0
S =0
S =0
S =0
S =0
S =0
S =0
S =0
S =0
S =0
S =0
S =0
S =0
S =0
S =0
S =0
S =0
S =0
S =0
S =0
S =0
S =1
S =0
S =0
S =0
S =0
S =0
S =0
S =0
S =0
S =0
S =0
S =0
S =0
S =1
S =0
S =0
S =0
S =0
S =0
S =0
S =0
S =0
S =0
S =0
S =0
S =0
S =1
S =0
S =0
S =0
S =0
S =0
S =1
S =0
S =0
S =0
S =0
S =0
S =0
S =0
S =0
S =0
S =0
S =0
S =0
S =0
S =0
S =0
S =0
S =0
S =0
S =0
S =1
S =0
S =0
S =0
S =0
S =0
S =1
S =0
S =0
S =0
S =0
S =0
S =0
S =0
S =0
S =0
S =0
S =0
S =0
S =0
S =0
S =0
S =0
S =0
S =0
S =0
S =1
S =0
S =0
S =0
S =0
S =0
S =0
S =0
S =0
S =0
S =0
S =0
S =0
S =1
S =0
S =0
S =0
S =0
S =0
S =0
S =0
S =0
S =1
S =0
S =0
S =1
S =0
S =0
S =0
S =1
S =0
S =0
S =1
S =0
S =0
S =0
S =0
S =1
S =0
S =0
S =0
S =1
S =0
S =0
S =1
S =0
S =0
S =0
S =0
S =0
S =1
S =0
S =0
S =0
S =1
S =0
S =0
S =1
S =0
S =0
S =0
S =0
S =0
S =1
S =0
S =0
S =0
S =0
S =0
S =1
S =0
S =0
S =0
S =0
S =1
S =0
S =0
S =1
S =0
S =0
S =0
S =1
S =0
S =0
S =1
S =0
S =0
S =0
S =0
S =1
S =0
S =0
S =0
S =0
S =0
S =1
S =0
S =0
S =0
S =0
S =1
S =0
S =0
S =1
S =0
S =0
S =0
S =1
S =0
S =0
S =1
S =0
S =0
S =0
S =0
S =1
S =0
S =0
S =0
S =1
S =0
S =0
S =1
S =0
S =0
S =0
S =0
S =0
S =1
S =0
S =0
S =0
S =0
S =0
S =0
S =0
S =1
S =0
S =0
S =1
S =0
S =0
S =0
S =1
S =0
S =0
S =1
S =0
S =0
S =0
S =0
S =1
S =0
S =0
S =0
S =1
S =0
S =0
S =1
S =0
S =0
S =0
S =0
S =0
S =1
S =0
S =0
S =0
S =1
S =0
S =0
S =1
S =0
S =0
S =0
S =0
S =0
S =1
S =0
S =0
S =0
S =0
S =0
S =1
S =0
S =0
S =0
S =0
S =1
S =0
S =0
S =1
S =0
S =0
S =0
S =1
S =0
S =0
S =1
S =0
S =0
S =0
S =0
S =1
S =0
S =0
S =0
S =0
S =0
S =1
S =0
S =0
S =0
S =0
S =1
S =0
S =0
S =1
S =0
S =0
S =0
S =1
S =0
S =0
S =1
S =0
S =0
S =0
S =0
S =1
S =0
S =0
S =0
S =1
S =0
S =0
S =1
S =0
S =0
S =0
S =0
S =0
S =1
S =0
S =0
S =0
S =0
S =0
S =0
S =1
S =0
S =0
S =0
S =0
S =0
S =0
S =1
S =0
S =0
S =0
S =0
S =0
S =0
S =0
S =0
S =0
S =0
S =0
S =1
S =0
S =0
S =0
S =0
S =0
S =0
S =0
S =0
S =0
S =0
S =0
S =0
S =1
S =0
S =0
S =0
S =0
S =0
S =0
S =0
S =0
S =0
S =0
S =0
S =0
S =0
S =0
S =1
S =0
S =0
S =0
S =0
S =1
S =0
S =0
S =0
S =0
S =0
S =0
S =1
S =0
S =0
S =0
S =0
S =0
S =0
S =0
S =0
S =0
S =0
S =0
S =0
S =0
S =1
S =0
S =0
S =0
S =0
S =1
S =0
S =0
S =0
S =0
S =0
S =0
S =1
S =0
S =0
S =0
S =0
S =0
S =0
S =0
S =0
S =0
S =0
S =0
S =1
S =0
S =0
S =0
S =0
S =0
S =0
S =0
S =0
S =0
S =0
S =0
S =0
S =0
S =0
S =0
S =0
S =1
S =0
S =0
S =0
S =0
S =0
S =0
S =1
S =0
S =0
S =0
S =0
S =0
S =0
S =0
S =0
S =0
S =0
S =0
S =1
S =0
S =0
S =0
S =0
S =0
S =0
S =0
S =0
S =0
S =0
S =0
S =0
S =1
S =0
S =0
S =0
S =0
S =0
S =0
S =0
S =0
S =0
S =0
S =0
S =0
S =1
S =0
S =0
S =0
S =0
S =0
S =0
S =1
S =0
S =0
S =0
S =0
S =0
S =0
S =1
S =0
S =0
S =0
S =0
S =0
S =0
S =0
S =0
S =0
S =0
S =0
S =1
S =0
S =0
S =0
S =0
S =0
S =0
S =1
S =0
S =0
S =0
S =0
S =0
S =0
S =1
S =0
S =0
S =0
S =0
S =0
S =0
S =0
S =0
S =0
S =0
S =0
S =1
S =0
S =0
S =0
S =0
S =0
S =0
S =0
S =0
S =0
S =0
S =0
S =0
S =0
S =0
S =0
S =0
S =0
S =0
S =0
S =0
S =0
S =0
S =0
S =0
S =1
S =0
S =0
S =0
S =0
S =0
S =0
S =0
S =0
S =0
S =0
S =0
S =0
S =1
S =0
S =0
S =0
S =0
S =0
S =0
S =0
S =0
S =0
S =0
S =0
S =0
S =1
S =0
S =0
S =0
S =0
S =0
S =0
S =0
S =1
S =0
S =0
S =0
S =0
S =0
S =0
S =0
S =0
S =0
S =0
S =0
S =0
S =0
S =0
S =0
S =0
S =0
S =1
S =0
S =0
S =0
S =0
S =0
S =0
S =0
S =1
S =0
S =0
S =0
S =0
S =0
S =0
S =0
S =0
S =0
S =0
S =0
S =0
S =0
S =0
S =0
S =0
S =0
S =1
S =0
S =0
S =0
S =0
S =0
S =0
S =0
S =0
S =0
S =0
S =0
S =0
S =1
S =0
S =0
S =0
S =1
S =0
S =0
S =0
S =1
S =0
S =0
S =1
S =0
S =0
S =0
S =0
S =1
S =0
S =0
S =0
S =1
S =0
S =0
S =1
S =0
S =0
S =0
S =0
S =0
S =1
S =0
S =0
S =0
S =1
S =0
S =0
S =1
S =0
S =0
S =0
S =0
S =0
S =1
S =0
S =0
S =0
S =0
S =0
S =1
S =0
S =0
S =0
S =0
S =1
S =0
S =0
S =1
S =0
S =0
S =0
S =1
S =0
S =0
S =1
S =0
S =0
S =0
S =0
S =1
S =0
S =0
S =0
S =0
S =0
S =1
S =0
S =0
S =0
S =0
S =1
S =0
S =0
S =1
S =0
S =0
S =0
S =1
S =0
S =0
S =1
S =0
S =0
S =0
S =0
S =1
S =0
S =0
S =0
S =1
S =0
S =0
S =1
S =0
S =0
S =0
S =0
S =0
S =1
S =0
S =0
S =0
S =0
S =0
S =1
S =0
S =0
S =0
S =1
S =0
S =0
S =1
S =0
S =0
S =0
S =0
S =1
S =0
S =0
S =0
S =1
S =0
S =0
S =1
S =0
S =0
S =0
S =0
S =0
S =1
S =0
S =0
S =0
S =1
S =0
S =0
S =1
S =0
S =0
S =0
S =0
S =0
S =1
S =0
S =0
S =0
S =0
S =0
S =1
S =0
S =0
S =0
S =0
S =1
S =0
S =0
S =1
S =0
S =0
S =0
S =1
S =0
S =0
S =1
S =0
S =0
S =0
S =0
S =1
S =0
S =0
S =0
S =0
S =0
S =1
S =0
S =0
S =0
S =0
S =1
S =0
S =0
S =1
S =0
S =0
S =0
S =1
S =0
S =0
S =1
S =0
S =0
S =0
S =0
S =1
S =0
S =0
S =0
S =1
S =0
S =0
S =1
S =0
S =0
S =0
S =0
S =0
S =1
S =0
S =0
S =0
S =0
S =0
S =0
S =0
S =0
S =1
S =0
S =0
S =0
S =0
S =0
S =0
S =0
S =0
S =0
S =0
S =0
S =1
S =0
S =0
S =0
S =0
S =0
S =0
S =0
S =0
S =0
S =0
S =0
S =0
S =1
S =0
S =0
S =0
S =0
S =0
S =0
S =0
S =0
S =0
S =0
S =0
S =0
S =0
S =0
S =1
S =0
S =0
S =0
S =0
S =1
S =0
S =0
S =0
S =0
S =0
S =0
S =1
S =0
S =0
S =0
S =0
S =0
S =0
S =0
S =0
S =0
S =0
S =0
S =0
S =0
S =1
S =0
S =0
S =0
S =0
S =1
S =0
S =0
S =0
S =0
S =0
S =0
S =1
S =0
S =0
S =0
S =0
S =0
S =0
S =0
S =0
S =0
S =0
S =0
S =1
S =0
S =0
S =0
S =0
S =0
S =0
S =0
S =0
S =0
S =0
S =0
S =0
S =0
S =1
S =0
S =0
S =1
S =0
S =0
S =0
S =0
S =1
S =0
S =0
S =0
S =1
S =0
S =0
S =1
S =0
S =0
S =0
S =0
S =0
S =1
S =0
S =0
S =0
S =1
S =0
S =0
S =1
S =0
S =0
S =0
S =0
S =0
S =1
S =0
S =0
S =0
S =0
S =0
S =1
S =0
S =0
S =0
S =0
S =1
S =0
S =0
S =1
S =0
S =0
S =0
S =1
S =0
S =0
S =1
S =0
S =0
S =0
S =0
S =1
S =0
S =0
S =0
S =0
S =0
S =1
S =0
S =0
S =0
S =0
S =1
S =0
S =0
S =1
S =0
S =0
S =0
S =1
S =0
S =0
S =1
S =0
S =0
S =0
S =0
S =1
S =0
S =0
S =0
S =1
S =0
S =0
S =1
S =0
S =0
S =0
S =0
S =0
S =1
S =0
S =0
S =0
S =0
S =0
S =0
S =1
S =0
S =0
S =1
S =0
S =0
S =0
S =0
S =1
S =0
S =0
S =0
S =1
S =0
S =0
S =1
S =0
S =0
S =0
S =0
S =0
S =1
S =0
S =0
S =0
S =1
S =0
S =0
S =1
S =0
S =0
S =0
S =0
S =0
S =1
S =0
S =0
S =0
S =0
S =0
S =1
S =0
S =0
S =0
S =0
S =1
S =0
S =0
S =1
S =0
S =0
S =0
S =1
S =0
S =0
S =1
S =0
S =0
S =0
S =0
S =1
S =0
S =0
S =0
S =0
S =0
S =1
S =0
S =0
S =0
S =0
S =1
S =0
S =0
S =1
S =0
S =0
S =0
S =1
S =0
S =0
S =1
S =0
S =0
S =0
S =0
S =1
S =0
S =0
S =0
S =1
S =0
S =0
S =1
S =0
S =0
S =0
S =0
S =0
S =1
S =0
S =0
S =0
S =0
S =0
S =0
S =0
S =0
S =1
S =0
S =0
S =0
S =0
S =0
S =0
S =0
S =0
S =0
S =0
S =0
S =1
S =0
S =0
S =0
S =0
S =0
S =0
S =0
S =0
S =0
S =0
S =0
S =0
S =1
S =0
S =0
S =0
S =0
S =0
S =0
S =0
S =0
S =0
S =0
S =0
S =0
S =1
S =0
S =0
S =0
S =0
S =0
S =0
S =1
S =0
S =0
S =0
S =0
S =0
S =0
S =1
S =0
S =0
S =0
S =0
S =0
S =0
S =0
S =0
S =0
S =0
S =0
S =1
S =0
S =0
S =0
S =0
S =0
S =0
S =1
S =0
S =0
S =0
S =0
S =0
S =0
S =1
S =0
S =0
S =0
S =0
S =0
S =0
S =0
S =0
S =0
S =0
S =0
S =1
S =0
S =0
S =0
S =0
S =0
S =0
S =0
S =0
S =0
S =0
S =0
S =0
S =0
S =0
S =0
S =0
S =0
S =0
S =1
S =0
S =0
S =0
S =0
S =0
S =0
S =0
S =0
S =0
S =0
S =0
S =0
S =1
S =0
S =0
S =0
S =0
S =0
S =0
S =0
S =0
S =0
S =0
S =0
S =0
S =1
S =0
S =0
S =0
S =0
S =0
S =0
S =0
S =0
S =0
S =0
S =0
S =0
S =0
S =1
S =0
S =0
S =0
S =0
S =0
S =0
S =0
S =0
S =0
S =0
S =0
S =1
S =0
S =0
S =0
S =0
S =0
S =0
S =0
S =0
S =0
S =0
S =0
S =0
S =0
S =1
S =0
S =0
S =0
S =0
S =0
S =0
S =0
S =0
S =0
S =0
S =0
S =1
S =0
S =0
S =0
S =0
S =0
S =0
S =0
S =0
S =0
S =0
S =0
S =0
S =1
S =0
S =0
S =1
S =0
S =0
S =0
S =0
S =1
S =0
S =0
S =0
S =1
S =0
S =0
S =1
S =0
S =0
S =0
S =0
S =0
S =1
S =0
S =0
S =0
S =1
S =0
S =0
S =1
S =0
S =0
S =0
S =0
S =0
S =1
S =0
S =0
S =0
S =0
S =0
S =1
S =0
S =0
S =0
S =0
S =1
S =0
S =0
S =1
S =0
S =0
S =0
S =1
S =0
S =0
S =1
S =0
S =0
S =0
S =0
S =1
S =0
S =0
S =0
S =0
S =0
S =1
S =0
S =0
S =0
S =0
S =1
S =0
S =0
S =1
S =0
S =0
S =0
S =1
S =0
S =0
S =1
S =0
S =0
S =0
S =0
S =1
S =0
S =0
S =0
S =1
S =0
S =0
S =1
S =0
S =0
S =0
S =0
S =0
S =1
S =0
S =0
S =0
S =0
S =0
S =1
S =0
S =0
S =0
S =0
S =1
S =0
S =0
S =0
S =1
S =0
S =0
S =1
S =0
S =0
S =0
S =0
S =0
S =1
S =0
S =0
S =0
S =1
S =0
S =0
S =1
S =0
S =0
S =0
S =0
S =0
S =1
S =0
S =0
S =0
S =0
S =0
S =1
S =0
S =0
S =0
S =0
S =1
S =0
S =0
S =1
S =0
S =0
S =0
S =1
S =0
S =0
S =1
S =0
S =0
S =0
S =0
S =1
S =0
S =0
S =0
S =0
S =0
S =1
S =0
S =0
S =0
S =0
S =1
S =0
S =0
S =1
S =0
S =0
S =0
S =1
S =0
S =0
S =1
S =0
S =0
S =0
S =0
S =1
S =0
S =0
S =0
S =1
S =0
S =0
S =1
S =0
S =0
S =0
S =0
S =0
S =1
S =0
S =0
S =0
S =0
S =0
S =0
S =0
S =0
S =0
S =0
S =0
S =0
S =0
S =1
S =0
S =0
S =0
S =0
S =0
S =0
S =0
S =0
S =0
S =0
S =0
S =0
S =1
S =0
S =0
S =0
S =0
S =0
S =0
S =0
S =0
S =0
S =0
S =0
S =0
S =0
S =0
S =1
S =0
S =0
S =0
S =0
S =1
S =0
S =0
S =0
S =0
S =0
S =0
S =1
S =0
S =0
S =0
S =0
S =0
S =0
S =0
S =0
S =0
S =0
S =0
S =0
S =0
S =1
S =0
S =0
S =0
S =0
S =1
S =0
S =0
S =0
S =0
S =0
S =0
S =1
S =0
S =0
S =0
S =0
S =0
S =0
S =0
S =0
S =0
S =0
S =0
S =1
S =0
S =0
S =0
S =0
S =0
S =0
S =0
S =0
S =0
S =0
S =0
S =0
S =0
S =0
S =1
S =0
S =0
S =0
S =1
S =0
S =0
S =1
S =0
S =0
S =0
S =0
S =0
S =1
S =0
S =0
S =0
S =1
S =0
S =0
S =1
S =0
S =0
S =0
S =0
S =0
S =1
S =0
S =0
S =0
S =0
S =0
S =1
S =0
S =0
S =0
S =0
S =1
S =0
S =0
S =1
S =0
S =0
S =0
S =1
S =0
S =0
S =1
S =0
S =0
S =0
S =0
S =1
S =0
S =0
S =0
S =0
S =0
S =1
S =0
S =0
S =0
S =0
S =1
S =0
S =0
S =1
S =0
S =0
S =0
S =1
S =0
S =0
S =1
S =0
S =0
S =0
S =0
S =1
S =0
S =0
S =0
S =1
S =0
S =0
S =1
S =0
S =0
S =0
S =0
S =0
S =1
S =0
S =0
S =0
S =0
S =0
S =0
S =0
S =1
S =0
S =0
S =0
S =1
S =0
S =0
S =1
S =0
S =0
S =0
S =0
S =0
S =1
S =0
S =0
S =0
S =1
S =0
S =0
S =1
S =0
S =0
S =0
S =0
S =0
S =1
S =0
S =0
S =0
S =0
S =0
S =1
S =0
S =0
S =0
S =0
S =1
S =0
S =0
S =1
S =0
S =0
S =0
S =1
S =0
S =0
S =1
S =0
S =0
S =0
S =0
S =1
S =0
S =0
S =0
S =0
S =0
S =1
S =0
S =0
S =0
S =0
S =1
S =0
S =0
S =1
S =0
S =0
S =0
S =1
S =0
S =0
S =1
S =0
S =0
S =0
S =0
S =1
S =0
S =0
S =0
S =1
S =0
S =0
S =1
S =0
S =0
S =0
S =0
S =0
S =1
S =0
S =0
S =0
S =0
S =0
S =0
S =0
S =0
S =0
S =0
S =0
S =0
S =0
S =1
S =0
S =0
S =0
S =0
S =0
S =0
S =0
S =0
S =0
S =0
S =0
S =0
S =1
S =0
S =0
S =0
S =0
S =0
S =0
S =0
S =0
S =0
S =0
S =0
S =0
S =1
S =0
S =0
S =0
S =0
S =0
S =0
S =1
S =0
S =0
S =0
S =0
S =0
S =0
S =1
S =0
S =0
S =0
S =0
S =0
S =0
S =0
S =0
S =0
S =0
S =0
S =1
S =0
S =0
S =0
S =0
S =0
S =0
S =1
S =0
S =0
S =0
S =0
S =0
S =0
S =1
S =0
S =0
S =0
S =0
S =0
S =0
S =0
S =0
S =0
S =0
S =0
S =1
S =0
S =0
S =0
S =0
S =0
S =0
S =0
S =0
S =0
S =0
S =0
S =0
S =0
S =0
S =0
S =0
S =0
S =0
S =0
S =1
S =0
S =0
S =0
S =0
S =0
S =0
S =0
S =0
S =0
S =0
S =0
S =0
S =1
S =0
S =0
S =0
S =0
S =0
S =0
S =0
S =0
S =0
S =0
S =0
S =0
S =0
S =0
S =0
S =0
S =0
S =0
S =0
S =0
S =0
S =0
S =0
S =0
S =0
S =1
S =0
S =0
S =0
S =0
S =0
S =0
S =0
S =0
S =0
S =0
S =0
S =0
S =0
S =0
S =0
S =0
S =0
S =0
S =0
S =0
S =0
S =0
S =0
S =0
S =0
S =1
S =0
S =0
S =0
S =0
S =0
S =0
S =0
S =0
S =0
S =0
S =0
S =0
S =1
S =0
S =0
S =0
S =0
S =0
S =0
S =0
S =0
S =0
S =0
S =0
S =0
S =0
S =0
S =0
S =0
S =0
S =1
S =0
S =0
S =0
S =0
S =0
S =0
S =0
S =0
S =0
S =0
S =0
S =0
S =1
S =0
S =0
S =0
S =0
S =0
S =1
S =0
S =0
S =0
S =0
S =0
S =0
S =0
S =0
S =0
S =0
S =0
S =0
S =0
S =0
S =0
S =0
S =0
S =0
S =0
S =1
S =0
S =0
S =0
S =0
S =0
S =1
S =0
S =0
S =0
S =0
S =0
S =0
S =0
S =0
S =0
S =0
S =0
S =0
S =0
S =0
S =0
S =0
S =0
S =0
S =0
S =1
S =0
S =0
S =0
S =0
S =0
S =0
S =0
S =0
S =0
S =0
S =0
S =0
S =1
S =0
S =0
S =0
S =0
S =0
S =0
S =0
S =1
S =0
S =0
S =1
S =0
S =0
S =0
S =0
S =0
S =1
S =0
S =0
S =0
S =1
S =0
S =0
S =1
S =0
S =0
S =0
S =0
S =0
S =1
S =0
S =0
S =0
S =0
S =0
S =1
S =0
S =0
S =0
S =0
S =1
S =0
S =0
S =1
S =0
S =0
S =0
S =1
S =0
S =0
S =1
S =0
S =0
S =0
S =0
S =1
S =0
S =0
S =0
S =0
S =0
S =1
S =0
S =0
S =0
S =0
S =1
S =0
S =0
S =1
S =0
S =0
S =0
S =1
S =0
S =0
S =1
S =0
S =0
S =0
S =0
S =1
S =0
S =0
S =0
S =1
S =0
S =0
S =1
S =0
S =0
S =0
S =0
S =0
S =1
S =0
S =0
S =0
S =0
S =0
S =0
S =1
S =0
S =0
S =1
S =0
S =0
S =0
S =0
S =0
S =1
S =0
S =0
S =0
S =1
S =0
S =0
S =1
S =0
S =0
S =0
S =0
S =0
S =1
S =0
S =0
S =0
S =0
S =0
S =1
S =0
S =0
S =0
S =0
S =1
S =0
S =0
S =1
S =0
S =0
S =0
S =1
S =0
S =0
S =1
S =0
S =0
S =0
S =0
S =1
S =0
S =0
S =0
S =0
S =0
S =1
S =0
S =0
S =0
S =0
S =1
S =0
S =0
S =1
S =0
S =0
S =0
S =1
S =0
S =0
S =1
S =0
S =0
S =0
S =0
S =1
S =0
S =0
S =0
S =1
S =0
S =0
S =1
S =0
S =0
S =0
S =0
S =0
S =1
S =0
S =0
S =0
S =0
S =0
S =0
S =0
S =0
S =0
S =0
S =0
S =0
S =0
S =0
S =1
S =0
S =0
S =0
S =0
S =0
S =0
S =0
S =0
S =0
S =0
S =0
S =0
S =1
S =0
S =0
S =0
S =0
S =0
S =0
S =0
S =1
S =0
S =0
S =0
S =0
S =0
S =0
S =0
S =0
S =0
S =0
S =0
S =0
S =0
S =0
S =0
S =0
S =0
S =1
S =0
S =0
S =0
S =0
S =0
S =0
S =0
S =1
S =0
S =0
S =0
S =0
S =0
S =0
S =0
S =0
S =0
S =0
S =0
S =0
S =0
S =0
S =0
S =0
S =0
S =1
S =0
S =0
S =0
S =0
S =0
S =0
S =0
S =0
S =0
S =0
S =0
S =0
S =1
S =0
S =0
S =0
S =0
S =0
S =0
S =0
S =0
S =0
S =0
S =0
S =0
S =0
S =1
S =0
S =0
S =0
S =0
S =0
S =0
S =0
S =0
S =0
S =0
S =0
S =0
S =1
S =0
S =0
S =0
S =0
S =0
S =0
S =0
S =0
S =0
S =0
S =0
S =0
S =0
S =1
S =0
S =0
S =0
S =0
S =0
S =0
S =0
S =0
S =0
S =0
S =0
S =1
S =0
S =0
S =0
S =0
S =0
S =0
S =0
S =0
S =0
S =0
S =0
S =0
S =0
S =1
S =0
S =0
S =0
S =0
S =0
S =0
S =0
S =0
S =0
S =0
S =0
S =1
S =0
S =0
S =0
S =0
S =0
S =0
S =0
S =0
S =0
S =0
S =0
S =0
S =1
S =0
S =0
S =1
S =0
S =0
S =0
S =0
S =0
S =1
S =0
S =0
S =0
S =1
S =0
S =0
S =1
S =0
S =0
S =0
S =0
S =0
S =1
S =0
S =0
S =0
S =0
S =0
S =1
S =0
S =0
S =0
S =0
S =1
S =0
S =0
S =1
S =0
S =0
S =0
S =1
S =0
S =0
S =1
S =0
S =0
S =0
S =0
S =1
S =0
S =0
S =0
S =0
S =0
S =1
S =0
S =0
S =0
S =0
S =1
S =0
S =0
S =1
S =0
S =0
S =0
S =1
S =0
S =0
S =1
S =0
S =0
S =0
S =0
S =1
S =0
S =0
S =0
S =1
S =0
S =0
S =1
S =0
S =0
S =0
S =0
S =0
S =1
S =0
S =0
S =0
S =0
S =0
S =1
S =0
S =0
S =0
S =0
S =0
S =1
S =0
S =0
S =0
S =1
S =0
S =0
S =1
S =0
S =0
S =0
S =0
S =0
S =1
S =0
S =0
S =0
S =0
S =0
S =1
S =0
S =0
S =0
S =0
S =1
S =0
S =0
S =1
S =0
S =0
S =0
S =1
S =0
S =0
S =1
S =0
S =0
S =0
S =0
S =1
S =0
S =0
S =0
S =0
S =0
S =1
S =0
S =0
S =0
S =0
S =1
S =0
S =0
S =1
S =0
S =0
S =0
S =1
S =0
S =0
S =1
S =0
S =0
S =0
S =0
S =1
S =0
S =0
S =0
S =1
S =0
S =0
S =1
S =0
S =0
S =0
S =0
S =0
S =1
S =0
S =0
S =0
S =0
S =0
S =0
S =0
S =0
S =0
S =0
S =0
S =0
S =0
S =0
S =1
S =0
S =0
S =0
S =0
S =0
S =0
S =0
S =0
S =0
S =0
S =0
S =0
S =0
S =0
S =1
S =0
S =0
S =0
S =0
S =1
S =0
S =0
S =0
S =0
S =0
S =0
S =1
S =0
S =0
S =0
S =0
S =0
S =0
S =0
S =0
S =0
S =0
S =0
S =0
S =0
S =1
S =0
S =0
S =0
S =0
S =1
S =0
S =0
S =0
S =0
S =0
S =0
S =1
S =0
S =0
S =0
S =0
S =0
S =0
S =0
S =0
S =0
S =0
S =0
S =1
S =0
S =0
S =0
S =0
S =0
S =0
S =0
S =0
S =0
S =0
S =0
S =0
S =0
S =0
S =0
S =1
S =0
S =0
S =0
S =1
S =0
S =0
S =1
S =0
S =0
S =0
S =0
S =0
S =1
S =0
S =0
S =0
S =0
S =0
S =1
S =0
S =0
S =0
S =0
S =1
S =0
S =0
S =1
S =0
S =0
S =0
S =1
S =0
S =0
S =1
S =0
S =0
S =0
S =0
S =1
S =0
S =0
S =0
S =0
S =0
S =1
S =0
S =0
S =0
S =0
S =1
S =0
S =0
S =1
S =0
S =0
S =0
S =1
S =0
S =0
S =1
S =0
S =0
S =0
S =0
S =1
S =0
S =0
S =0
S =1
S =0
S =0
S =1
S =0
S =0
S =0
S =0
S =0
S =1
S =0
S =0
S =0
S =0
S =0
S =0
S =0
S =0
S =1
S =0
S =0
S =0
S =1
S =0
S =0
S =1
S =0
S =0
S =0
S =0
S =0
S =1
S =0
S =0
S =0
S =0
S =0
S =1
S =0
S =0
S =0
S =0
S =1
S =0
S =0
S =1
S =0
S =0
S =0
S =1
S =0
S =0
S =1
S =0
S =0
S =0
S =0
S =1
S =0
S =0
S =0
S =0
S =0
S =1
S =0
S =0
S =0
S =0
S =1
S =0
S =0
S =1
S =0
S =0
S =0
S =1
S =0
S =0
S =1
S =0
S =0
S =0
S =0
S =1
S =0
S =0
S =0
S =1
S =0
S =0
S =1
S =0
S =0
S =0
S =0
S =0
S =1
S =0
S =0
S =0
S =0
S =0
S =0
S =0
S =0
S =0
S =0
S =0
S =0
S =0
S =0
S =1
S =0
S =0
S =0
S =0
S =0
S =0
S =0
S =0
S =0
S =0
S =0
S =0
S =1
S =0
S =0
S =0
S =0
S =0
S =0
S =1
S =0
S =0
S =0
S =0
S =0
S =0
S =1
S =0
S =0
S =0
S =0
S =0
S =0
S =0
S =0
S =0
S =0
S =0
S =1
S =0
S =0
S =0
S =0
S =0
S =0
S =1
S =0
S =0
S =0
S =0
S =0
S =0
S =1
S =0
S =0
S =0
S =0
S =0
S =0
S =0
S =0
S =0
S =0
S =0
S =1
S =0
S =0
S =0
S =0
S =0
S =0
S =0
S =0
S =0
S =0
S =0
S =0
S =0
S =0
S =0
S =0
S =0
S =0
S =0
S =1
S =0
S =0
S =0
S =0
S =0
S =0
S =1
S =0
S =0
S =0
S =0
S =0
S =0
S =0
S =0
S =0
S =0
S =0
S =0
S =0
S =0
S =0
S =0
S =0
S =0
S =0
S =0
S =0
S =0
S =0
S =0
S =0
S =1
S =0
S =0
S =0
S =0
S =0
S =0
S =0
S =0
S =0
S =0
S =0
S =0
S =0
S =0
S =0
S =0
S =0
S =0
S =0
S =0
S =0
S =0
S =0
S =0
S =0
S =0
S =0
S =0
S =0
S =0
S =0
S =1
S =0
S =0
S =0
S =0
S =0
S =0
S =0
S =0
S =0
S =0
S =0
S =0
S =0
S =0
S =0
S =0
S =0
S =0
S =1
S =0
S =0
S =0
S =0
S =0
S =0
S =0
S =0
S =0
S =0
S =0
S =0
S =0
S =0
S =0
S =0
S =0
S =0
S =0
S =0
S =0
S =0
S =0
S =0
S =0
S =1
S =0
S =0
S =0
S =0
S =0
S =0
S =0
S =0
S =0
S =0
S =0
S =0
S =0
S =0
S =0
S =0
S =0
S =0
S =0
S =0
S =0
S =0
S =0
S =0
S =0
S =1
S =0
S =0
S =0
S =0
S =0
S =0
S =0
S =0
S =0
S =0
S =0
S =0
S =1
S =0
S =0
S =0
S =0
S =0
S =0
S =0
S =0
S =0
S =0
S =0
S =0
S =0
S =0
S =0
S =0
S =0
S =1
S =0
S =0
S =0
S =0
S =0
S =1
S =0
S =0
S =0
S =0
S =0
S =0
S =0
S =0
S =0
S =0
S =0
S =0
S =0
S =0
S =0
S =0
S =0
S =0
S =0
S =1
S =0
S =0
S =0
S =0
S =0
S =1
S =0
S =0
S =0
S =0
S =0
S =0
S =0
S =0
S =0
S =0
S =0
S =0
S =0
S =0
S =0
S =0
S =0
S =0
S =0
S =1
S =0
S =0
S =0
S =0
S =0
S =0
S =0
S =0
S =0
S =0
S =0
S =0
S =1
S =0
S =0
S =0
S =0
S =0
S =0
S =0
S =1
S =0
S =0
S =1
S =0
S =0
S =0
S =0
S =0
S =1
S =0
S =0
S =0
S =0
S =0
S =1
S =0
S =0
S =0
S =0
S =1
S =0
S =0
S =1
S =0
S =0
S =0
S =1
S =0
S =0
S =1
S =0
S =0
S =0
S =0
S =1
S =0
S =0
S =0
S =0
S =0
S =1
S =0
S =0
S =0
S =0
S =1
S =0
S =0
S =1
S =0
S =0
S =0
S =1
S =0
S =0
S =1
S =0
S =0
S =0
S =0
S =1
S =0
S =0
S =0
S =1
S =0
S =0
S =1
S =0
S =0
S =0
S =0
S =0
S =1
S =0
S =0
S =0
S =0
S =0
S =0
S =1
S =0
S =0
S =1
S =0
S =0
S =0
S =0
S =0
S =1
S =0
S =0
S =0
S =0
S =0
S =1
S =0
S =0
S =0
S =0
S =1
S =0
S =0
S =1
S =0
S =0
S =0
S =1
S =0
S =0
S =1
S =0
S =0
S =0
S =0
S =1
S =0
S =0
S =0
S =0
S =0
S =1
S =0
S =0
S =0
S =0
S =1
S =0
S =0
S =1
S =0
S =0
S =0
S =1
S =0
S =0
S =1
S =0
S =0
S =0
S =0
S =1
S =0
S =0
S =0
S =1
S =0
S =0
S =1
S =0
S =0
S =0
S =0
S =0
S =1
S =0
S =0
S =0
S =0
S =0
S =0
S =0
S =0
S =0
S =0
S =0
S =0
S =0
S =0
S =1
S =0
S =0
S =0
S =0
S =0
S =0
S =0
S =1
S =0
S =0
S =0
S =0
S =0
S =0
S =0
S =0
S =0
S =0
S =0
S =0
S =0
S =0
S =0
S =0
S =0
S =1
S =0
S =0
S =0
S =0
S =0
S =0
S =0
S =1
S =0
S =0
S =0
S =0
S =0
S =0
S =0
S =0
S =0
S =0
S =0
S =0
S =0
S =0
S =0
S =0
S =0
S =1
S =0
S =0
S =0
S =0
S =0
S =0
S =0
S =0
S =0
S =0
S =0
S =0
S =1
S =0
S =0
S =0
S =0
S =0
S =0
S =0
S =0
S =0
S =0
S =0
S =0
S =0
S =1
S =0
S =0
S =0
S =0
S =0
S =0
S =0
S =0
S =0
S =0
S =0
S =0
S =0
S =1
S =0
S =0
S =0
S =0
S =0
S =0
S =0
S =0
S =0
S =0
S =0
S =1
S =0
S =0
S =0
S =0
S =0
S =0
S =0
S =0
S =0
S =0
S =0
S =0
S =0
S =1
S =0
S =0
S =0
S =0
S =0
S =0
S =0
S =0
S =0
S =0
S =0
S =1
S =0
S =0
S =0
S =0
S =0
S =0
S =0
S =0
S =0
S =0
S =0
S =0
S =1
S =0
S =0
S =1
S =0
S =0
S =0
S =0
S =0
S =1
S =0
S =0
S =0
S =0
S =0
S =1
S =0
S =0
S =0
S =0
S =1
S =0
S =0
S =1
S =0
S =0
S =0
S =1
S =0
S =0
S =1
S =0
S =0
S =0
S =0
S =1
S =0
S =0
S =0
S =0
S =0
S =1
S =0
S =0
S =0
S =0
S =1
S =0
S =0
S =1
S =0
S =0
S =0
S =1
S =0
S =0
S =1
S =0
S =0
S =0
S =0
S =1
S =0
S =0
S =0
S =1
S =0
S =0
S =1
S =0
S =0
S =0
S =0
S =0
S =1
S =0
S =0
S =0
S =0
S =0
S =1
S =0
S =0
S =0
S =0
S =0
S =1
S =0
S =0
S =0
S =0
S =0
S =1
S =0
S =0
S =0
S =0
S =1
S =0
S =0
S =1
S =0
S =0
S =0
S =1
S =0
S =0
S =1
S =0
S =0
S =0
S =0
S =1
S =0
S =0
S =0
S =0
S =0
S =1
S =0
S =0
S =0
S =0
S =1
S =0
S =0
S =1
S =0
S =0
S =0
S =1
S =0
S =0
S =1
S =0
S =0
S =0
S =0
S =1
S =0
S =0
S =0
S =1
S =0
S =0
S =1
S =0
S =0
S =0
S =0
S =0
S =1
S =0
S =0
S =0
S =0
S =0
S =0
S =0
S =0
S =0
S =0
S =0
S =0
S =0
S =0
S =0
S =0
S =1
S =0
S =0
S =0
S =0
S =1
S =0
S =0
S =0
S =0
S =0
S =0
S =1
S =0
S =0
S =0
S =0
S =0
S =0
S =0
S =0
S =0
S =0
S =0
S =0
S =0
S =1
S =0
S =0
S =0
S =0
S =1
S =0
S =0
S =0
S =0
S =0
S =0
S =1
S =0
S =0
S =0
S =0
S =0
S =0
S =0
S =0
S =0
S =0
S =0
S =1
S =0
S =0
S =0
S =0
S =0
S =0
S =0
S =0
S =0
S =0
S =0
S =0
S =0
S =0
S =0
S =1
S =0
S =0
S =0
S =0
S =0
S =1
S =0
S =0
S =0
S =0
S =1
S =0
S =0
S =1
S =0
S =0
S =0
S =1
S =0
S =0
S =1
S =0
S =0
S =0
S =0
S =1
S =0
S =0
S =0
S =0
S =0
S =1
S =0
S =0
S =0
S =0
S =1
S =0
S =0
S =1
S =0
S =0
S =0
S =1
S =0
S =0
S =1
S =0
S =0
S =0
S =0
S =1
S =0
S =0
S =0
S =1
S =0
S =0
S =1
S =0
S =0
S =0
S =0
S =0
S =1
S =0
S =0
S =0
S =0
S =0
S =0
S =0
S =0
S =1
S =0
S =0
S =0
S =0
S =0
S =1
S =0
S =0
S =0
S =0
S =1
S =0
S =0
S =1
S =0
S =0
S =0
S =1
S =0
S =0
S =1
S =0
S =0
S =0
S =0
S =1
S =0
S =0
S =0
S =0
S =0
S =1
S =0
S =0
S =0
S =0
S =1
S =0
S =0
S =1
S =0
S =0
S =0
S =1
S =0
S =0
S =1
S =0
S =0
S =0
S =0
S =1
S =0
S =0
S =0
S =1
S =0
S =0
S =1
S =0
S =0
S =0
S =0
S =0
S =1
S =0
S =0
S =0
S =0
S =0
S =0
S =0
S =0
S =0
S =0
S =0
S =0
S =0
S =0
S =1
S =0
S =0
S =0
S =0
S =0
S =0
S =1
S =0
S =0
S =0
S =0
S =0
S =0
S =1
S =0
S =0
S =0
S =0
S =0
S =0
S =0
S =0
S =0
S =0
S =0
S =1
S =0
S =0
S =0
S =0
S =0
S =0
S =1
S =0
S =0
S =0
S =0
S =0
S =0
S =1
S =0
S =0
S =0
S =0
S =0
S =0
S =0
S =0
S =0
S =0
S =0
S =1
S =0
S =0
S =0
S =0
S =0
S =0
S =0
S =0
S =0
S =0
S =0
S =0
S =0
S =1
S =0
S =0
S =0
S =0
S =0
S =0
S =0
S =0
S =0
S =0
S =0
S =0
S =0
S =0
S =0
S =0
S =0
S =0
S =0
S =0
S =0
S =0
S =0
S =0
S =0
S =1
S =0
S =0
S =0
S =0
S =0
S =0
S =0
S =0
S =0
S =0
S =0
S =0
S =0
S =0
S =0
S =0
S =0
S =0
S =0
S =0
S =0
S =0
S =0
S =0
S =0
S =0
S =0
S =0
S =0
S =0
S =0
S =1
S =0
S =0
S =0
S =0
S =0
S =0
S =0
S =0
S =0
S =0
S =0
S =0
S =0
S =0
S =0
S =0
S =0
S =0
S =0
S =0
S =0
S =0
S =0
S =0
S =0
S =0
S =0
S =0
S =0
S =0
S =0
S =1
S =0
S =0
S =0
S =0
S =0
S =0
S =0
S =0
S =0
S =0
S =0
S =0
S =0
S =0
S =0
S =0
S =0
S =0
S =0
S =0
S =0
S =0
S =0
S =0
S =0
S =1
S =0
S =0
S =0
S =0
S =0
S =0
S =0
S =0
S =0
S =0
S =0
S =0
S =1
S =0
S =0
S =0
S =0
S =0
S =0
S =0
S =0
S =0
S =0
S =1
S =0
S =0
S =0
S =0
S =0
S =0
S =0
S =0
S =0
S =0
S =0
S =0
S =0
S =0
S =0
S =0
S =0
S =0
S =0
S =1
S =0
S =0
S =0
S =0
S =0
S =1
S =0
S =0
S =0
S =0
S =0
S =0
S =0
S =0
S =0
S =0
S =0
S =0
S =0
S =0
S =0
S =0
S =0
S =0
S =0
S =1
S =0
S =0
S =0
S =0
S =0
S =0
S =0
S =0
S =0
S =0
S =0
S =0
S =1
S =0
S =0
S =0
S =0
S =0
S =0
S =0
S =0
S =0
S =1
S =0
S =0
S =0
S =0
S =1
S =0
S =0
S =1
S =0
S =0
S =0
S =1
S =0
S =0
S =1
S =0
S =0
S =0
S =0
S =1
S =0
S =0
S =0
S =0
S =0
S =1
S =0
S =0
S =0
S =0
S =1
S =0
S =0
S =1
S =0
S =0
S =0
S =1
S =0
S =0
S =1
S =0
S =0
S =0
S =0
S =1
S =0
S =0
S =0
S =1
S =0
S =0
S =1
S =0
S =0
S =0
S =0
S =0
S =1
S =0
S =0
S =0
S =0
S =0
S =0
S =0
S =0
S =1
S =0
S =0
S =0
S =0
S =1
S =0
S =0
S =1
S =0
S =0
S =0
S =1
S =0
S =0
S =1
S =0
S =0
S =0
S =0
S =1
S =0
S =0
S =0
S =0
S =0
S =1
S =0
S =0
S =0
S =0
S =1
S =0
S =0
S =1
S =0
S =0
S =0
S =1
S =0
S =0
S =1
S =0
S =0
S =0
S =0
S =1
S =0
S =0
S =0
S =1
S =0
S =0
S =1
S =0
S =0
S =0
S =0
S =0
S =1
S =0
S =0
S =0
S =0
S =0
S =0
S =0
S =0
S =0
S =1
S =0
S =0
S =0
S =0
S =0
S =0
S =0
S =0
S =0
S =0
S =0
S =0
S =0
S =0
S =0
S =0
S =0
S =1
S =0
S =0
S =0
S =0
S =0
S =0
S =0
S =1
S =0
S =0
S =0
S =0
S =0
S =0
S =0
S =0
S =0
S =0
S =0
S =0
S =0
S =0
S =0
S =0
S =0
S =1
S =0
S =0
S =0
S =0
S =0
S =0
S =0
S =0
S =0
S =0
S =0
S =0
S =1
S =0
S =0
S =0
S =0
S =0
S =0
S =0
S =0
S =0
S =0
S =0
S =0
S =0
S =0
S =1
S =0
S =0
S =0
S =0
S =0
S =0
S =0
S =0
S =0
S =0
S =0
S =1
S =0
S =0
S =0
S =0
S =0
S =0
S =0
S =0
S =0
S =0
S =0
S =0
S =0
S =1
S =0
S =0
S =0
S =0
S =0
S =0
S =0
S =0
S =0
S =0
S =0
S =1
S =0
S =0
S =0
S =0
S =0
S =0
S =0
S =0
S =0
S =0
S =0
S =0
S =1
S =0
S =0
S =0
S =0
S =0
S =0
S =0
S =0
S =0
S =0
S =0
S =0
S =0
S =0
S =0
S =0
S =0
S =0
S =0
S =0
S =0
S =0
S =0
S =0
S =0
S =1
S =0
S =0
S =0
S =0
S =0
S =0
S =0
S =0
S =0
S =0
S =0
S =0
S =0
S =0
S =0
S =0
S =0
S =0
S =0
S =0
S =0
S =0
S =0
S =0
S =0
S =0
S =0
S =0
S =0
S =0
S =0
S =1
S =0
S =0
S =0
S =0
S =0
S =0
S =0
S =0
S =0
S =0
S =0
S =0
S =0
S =0
S =0
S =0
S =0
S =0
S =0
S =0
S =0
S =0
S =0
S =0
S =0
S =1
S =0
S =0
S =0
S =0
S =0
S =1
S =0
S =0
S =0
S =0
S =0
S =0
S =0
S =0
S =0
S =0
S =0
S =0
S =0
S =0
S =0
S =0
S =0
S =0
S =0
S =1
S =0
S =0
S =0
S =0
S =0
S =0
S =0
S =0
S =0
S =0
S =0
S =0
S =1
S =0
S =0
S =0
S =0
S =0
S =0
S =0
S =0
S =1
S =0
S =0
S =1
S =0
S =0
S =0
S =1
S =0
S =0
S =1
S =0
S =0
S =0
S =0
S =1
S =0
S =0
S =0
S =0
S =0
S =1
S =0
S =0
S =0
S =0
S =1
S =0
S =0
S =1
S =0
S =0
S =0
S =1
S =0
S =0
S =1
S =0
S =0
S =0
S =0
S =1
S =0
S =0
S =0
S =1
S =0
S =0
S =1
S =0
S =0
S =0
S =0
S =0
S =1
S =0
S =0
S =0
S =0
S =0
S =0
S =0
S =1
S =0
S =0
S =1
S =0
S =0
S =0
S =1
S =0
S =0
S =1
S =0
S =0
S =0
S =0
S =1
S =0
S =0
S =0
S =0
S =0
S =1
S =0
S =0
S =0
S =0
S =1
S =0
S =0
S =1
S =0
S =0
S =0
S =1
S =0
S =0
S =1
S =0
S =0
S =0
S =0
S =1
S =0
S =0
S =0
S =1
S =0
S =0
S =1
S =0
S =0
S =0
S =0
S =0
S =1
S =0
S =0
S =0
S =0
S =0
S =0
S =1
S =0
S =0
S =0
S =0
S =0
S =0
S =1
S =0
S =0
S =0
S =0
S =0
S =0
S =0
S =0
S =0
S =0
S =0
S =0
S =0
S =1
S =0
S =0
S =0
S =0
S =1
S =0
S =0
S =0
S =0
S =0
S =0
S =1
S =0
S =0
S =0
S =0
S =0
S =0
S =0
S =0
S =0
S =0
S =0
S =1
S =0
S =0
S =0
S =0
S =0
S =0
S =0
S =0
S =0
S =0
S =0
S =0
S =0
S =0
S =0
S =0
S =1
S =0
S =0
S =0
S =0
S =0
S =0
S =1
S =0
S =0
S =0
S =0
S =0
S =0
S =0
S =0
S =0
S =0
S =0
S =1
S =0
S =0
S =0
S =0
S =0
S =0
S =1
S =0
S =0
S =0
S =0
S =0
S =0
S =1
S =0
S =0
S =0
S =0
S =0
S =0
S =0
S =0
S =0
S =0
S =0
S =1
S =0
S =0
S =0
S =0
S =0
S =0
S =0
S =0
S =0
S =0
S =0
S =0
S =0
S =0
S =0
S =0
S =0
S =0
S =0
S =0
S =0
S =0
S =0
S =0
S =1
S =0
S =0
S =0
S =0
S =0
S =0
S =0
S =1
S =0
S =0
S =0
S =0
S =0
S =0
S =0
S =0
S =0
S =0
S =0
S =0
S =0
S =0
S =0
S =0
S =0
S =1
S =0
S =0
S =0
S =0
S =0
S =0
S =0
S =0
S =0
S =0
S =0
S =0
S =1
S =0
S =0
S =0
S =1
S =0
S =0
S =0
S =1
S =0
S =0
S =1
S =0
S =0
S =0
S =0
S =1
S =0
S =0
S =0
S =0
S =0
S =1
S =0
S =0
S =0
S =0
S =1
S =0
S =0
S =1
S =0
S =0
S =0
S =1
S =0
S =0
S =1
S =0
S =0
S =0
S =0
S =1
S =0
S =0
S =0
S =1
S =0
S =0
S =1
S =0
S =0
S =0
S =0
S =0
S =1
S =0
S =0
S =0
S =0
S =0
S =1
S =0
S =0
S =0
S =1
S =0
S =0
S =1
S =0
S =0
S =0
S =0
S =1
S =0
S =0
S =0
S =0
S =0
S =1
S =0
S =0
S =0
S =0
S =1
S =0
S =0
S =1
S =0
S =0
S =0
S =1
S =0
S =0
S =1
S =0
S =0
S =0
S =0
S =1
S =0
S =0
S =0
S =1
S =0
S =0
S =1
S =0
S =0
S =0
S =0
S =0
S =1
S =0
S =0
S =0
S =0
S =0
S =0
S =0
S =0
S =1
S =0
S =0
S =0
S =0
S =0
S =0
S =0
S =0
S =0
S =0
S =0
S =0
S =0
S =1
S =0
S =0
S =0
S =0
S =1
S =0
S =0
S =0
S =0
S =0
S =0
S =1
S =0
S =0
S =0
S =0
S =0
S =0
S =0
S =0
S =0
S =0
S =0
S =1
S =0
S =0
S =0
S =0
S =0
S =0
S =0
S =0
S =0
S =0
S =0
S =0
S =0
S =1
S =0
S =0
S =1
S =0
S =0
S =0
S =0
S =1
S =0
S =0
S =0
S =0
S =0
S =1
S =0
S =0
S =0
S =0
S =1
S =0
S =0
S =1
S =0
S =0
S =0
S =1
S =0
S =0
S =1
S =0
S =0
S =0
S =0
S =1
S =0
S =0
S =0
S =1
S =0
S =0
S =1
S =0
S =0
S =0
S =0
S =0
S =1
S =0
S =0
S =0
S =0
S =0
S =0
S =1
S =0
S =0
S =1
S =0
S =0
S =0
S =0
S =1
S =0
S =0
S =0
S =0
S =0
S =1
S =0
S =0
S =0
S =0
S =1
S =0
S =0
S =1
S =0
S =0
S =0
S =1
S =0
S =0
S =1
S =0
S =0
S =0
S =0
S =1
S =0
S =0
S =0
S =1
S =0
S =0
S =1
S =0
S =0
S =0
S =0
S =0
S =1
S =0
S =0
S =0
S =0
S =0
S =0
S =0
S =0
S =1
S =0
S =0
S =0
S =0
S =0
S =0
S =0
S =0
S =0
S =0
S =0
S =1
S =0
S =0
S =0
S =0
S =0
S =0
S =1
S =0
S =0
S =0
S =0
S =0
S =0
S =1
S =0
S =0
S =0
S =0
S =0
S =0
S =0
S =0
S =0
S =0
S =0
S =1
S =0
S =0
S =0
S =0
S =0
S =0
S =0
S =0
S =0
S =0
S =0
S =0
S =0
S =0
S =0
S =0
S =0
S =0
S =1
S =0
S =0
S =0
S =0
S =0
S =0
S =0
S =0
S =0
S =0
S =0
S =0
S =0
S =1
S =0
S =0
S =0
S =0
S =0
S =0
S =0
S =0
S =0
S =0
S =0
S =1
S =0
S =0
S =0
S =0
S =0
S =0
S =0
S =0
S =0
S =0
S =0
S =0
S =1
S =0
S =0
S =1
S =0
S =0
S =0
S =0
S =1
S =0
S =0
S =0
S =0
S =0
S =1
S =0
S =0
S =0
S =0
S =1
S =0
S =0
S =1
S =0
S =0
S =0
S =1
S =0
S =0
S =1
S =0
S =0
S =0
S =0
S =1
S =0
S =0
S =0
S =1
S =0
S =0
S =1
S =0
S =0
S =0
S =0
S =0
S =1
S =0
S =0
S =0
S =0
S =0
S =1
S =0
S =0
S =0
S =0
S =1
S =0
S =0
S =0
S =0
S =0
S =1
S =0
S =0
S =0
S =0
S =1
S =0
S =0
S =1
S =0
S =0
S =0
S =1
S =0
S =0
S =1
S =0
S =0
S =0
S =0
S =1
S =0
S =0
S =0
S =1
S =0
S =0
S =1
S =0
S =0
S =0
S =0
S =0
S =1
S =0
S =0
S =0
S =0
S =0
S =0
S =0
S =0
S =0
S =0
S =0
S =0
S =0
S =0
S =0
S =1
S =0
S =0
S =0
S =0
S =1
S =0
S =0
S =0
S =0
S =0
S =0
S =1
S =0
S =0
S =0
S =0
S =0
S =0
S =0
S =0
S =0
S =0
S =0
S =1
S =0
S =0
S =0
S =0
S =0
S =0
S =0
S =0
S =0
S =0
S =0
S =0
S =0
S =0
S =1
S =0
S =0
S =0
S =0
S =0
S =1
S =0
S =0
S =0
S =0
S =1
S =0
S =0
S =1
S =0
S =0
S =0
S =1
S =0
S =0
S =1
S =0
S =0
S =0
S =0
S =1
S =0
S =0
S =0
S =1
S =0
S =0
S =1
S =0
S =0
S =0
S =0
S =0
S =1
S =0
S =0
S =0
S =0
S =0
S =0
S =0
S =1
S =0
S =0
S =0
S =0
S =0
S =1
S =0
S =0
S =0
S =0
S =1
S =0
S =0
S =1
S =0
S =0
S =0
S =1
S =0
S =0
S =1
S =0
S =0
S =0
S =0
S =1
S =0
S =0
S =0
S =1
S =0
S =0
S =1
S =0
S =0
S =0
S =0
S =0
S =1
S =0
S =0
S =0
S =0
S =0
S =0
S =0
S =0
S =0
S =0
S =0
S =0
S =0
S =1
S =0
S =0
S =0
S =0
S =0
S =0
S =1
S =0
S =0
S =0
S =0
S =0
S =0
S =1
S =0
S =0
S =0
S =0
S =0
S =0
S =0
S =0
S =0
S =0
S =0
S =1
S =0
S =0
S =0
S =0
S =0
S =0
S =0
S =0
S =0
S =0
S =0
S =0
S =0
S =0
S =0
S =0
S =0
S =0
S =0
S =0
S =0
S =0
S =0
S =0
S =0
S =0
S =0
S =0
S =0
S =0
S =0
S =0
S =1
S =0
S =0
S =0
S =0
S =0
S =0
S =0
S =0
S =0
S =0
S =0
S =0
S =1
S =0
S =0
S =0
S =0
S =0
S =0
S =0
S =0
S =0
S =0
S =1
S =0
S =0
S =0
S =0
S =0
S =0
S =0
S =0
S =0
S =0
S =0
S =0
S =0
S =0
S =0
S =0
S =0
S =0
S =0
S =1
S =0
S =0
S =0
S =0
S =0
S =0
S =0
S =0
S =0
S =0
S =0
S =0
S =1
S =0
S =0
S =0
S =0
S =0
S =0
S =0
S =0
S =0
S =1
S =0
S =0
S =0
S =0
S =1
S =0
S =0
S =1
S =0
S =0
S =0
S =1
S =0
S =0
S =1
S =0
S =0
S =0
S =0
S =1
S =0
S =0
S =0
S =1
S =0
S =0
S =1
S =0
S =0
S =0
S =0
S =0
S =1
S =0
S =0
S =0
S =0
S =0
S =0
S =0
S =0
S =1
S =0
S =0
S =0
S =0
S =1
S =0
S =0
S =1
S =0
S =0
S =0
S =1
S =0
S =0
S =1
S =0
S =0
S =0
S =0
S =1
S =0
S =0
S =0
S =1
S =0
S =0
S =1
S =0
S =0
S =0
S =0
S =0
S =1
S =0
S =0
S =0
S =0
S =0
S =0
S =0
S =0
S =0
S =1
S =0
S =0
S =0
S =0
S =0
S =0
S =0
S =0
S =0
S =0
S =0
S =0
S =0
S =0
S =0
S =0
S =0
S =1
S =0
S =0
S =0
S =0
S =0
S =0
S =0
S =0
S =0
S =0
S =0
S =0
S =1
S =0
S =0
S =0
S =0
S =0
S =0
S =0
S =0
S =0
S =0
S =0
S =0
S =0
S =0
S =1
S =0
S =0
S =0
S =0
S =0
S =0
S =0
S =0
S =0
S =0
S =0
S =1
S =0
S =0
S =0
S =0
S =0
S =0
S =0
S =0
S =0
S =0
S =0
S =0
S =1
S =0
S =0
S =0
S =0
S =0
S =0
S =0
S =0
S =0
S =0
S =0
S =0
S =0
S =0
S =0
S =0
S =0
S =0
S =0
S =0
S =0
S =0
S =0
S =0
S =0
S =0
S =0
S =0
S =0
S =0
S =0
S =1
S =0
S =0
S =0
S =0
S =0
S =0
S =0
S =0
S =0
S =0
S =0
S =0
S =0
S =0
S =0
S =0
S =0
S =0
S =0
S =0
S =0
S =0
S =0
S =0
S =0
S =1
S =0
S =0
S =0
S =0
S =0
S =0
S =0
S =0
S =0
S =0
S =0
S =0
S =1
S =0
S =0
S =0
S =0
S =0
S =0
S =0
S =0
S =1
S =0
S =0
S =1
S =0
S =0
S =0
S =1
S =0
S =0
S =1
S =0
S =0
S =0
S =0
S =1
S =0
S =0
S =0
S =1
S =0
S =0
S =1
S =0
S =0
S =0
S =0
S =0
S =1
S =0
S =0
S =0
S =0
S =0
S =0
S =0
S =1
S =0
S =0
S =1
S =0
S =0
S =0
S =1
S =0
S =0
S =1
S =0
S =0
S =0
S =0
S =1
S =0
S =0
S =0
S =1
S =0
S =0
S =1
S =0
S =0
S =0
S =0
S =0
S =1
S =0
S =0
S =0
S =0
S =0
S =0
S =1
S =0
S =0
S =0
S =0
S =0
S =0
S =1
S =0
S =0
S =0
S =0
S =0
S =0
S =0
S =0
S =0
S =0
S =0
S =1
S =0
S =0
S =0
S =0
S =0
S =0
S =0
S =0
S =0
S =0
S =0
S =0
S =0
S =0
S =0
S =0
S =1
S =0
S =0
S =0
S =0
S =0
S =0
S =1
S =0
S =0
S =0
S =0
S =0
S =0
S =0
S =0
S =0
S =0
S =0
S =1
S =0
S =0
S =0
S =0
S =0
S =0
S =0
S =0
S =0
S =0
S =0
S =0
S =0
S =0
S =0
S =0
S =0
S =0
S =0
S =0
S =0
S =0
S =0
S =0
S =1
S =0
S =0
S =0
S =0
S =0
S =0
S =0
S =0
S =0
S =0
S =0
S =0
S =1
S =0
S =0
S =0
S =1
S =0
S =0
S =0
S =1
S =0
S =0
S =1
S =0
S =0
S =0
S =0
S =1
S =0
S =0
S =0
S =1
S =0
S =0
S =1
S =0
S =0
S =0
S =0
S =0
S =1
S =0
S =0
S =0
S =0
S =0
S =1
S =0
S =0
S =0
S =1
S =0
S =0
S =1
S =0
S =0
S =0
S =0
S =1
S =0
S =0
S =0
S =1
S =0
S =0
S =1
S =0
S =0
S =0
S =0
S =0
S =1
S =0
S =0
S =0
S =0
S =0
S =0
S =0
S =0
S =1
S =0
S =0
S =0
S =0
S =0
S =0
S =0
S =0
S =0
S =0
S =0
S =1
S =0
S =0
S =0
S =0
S =0
S =0
S =0
S =0
S =0
S =0
S =0
S =0
S =0
S =1
S =0
S =0
S =1
S =0
S =0
S =0
S =0
S =1
S =0
S =0
S =0
S =1
S =0
S =0
S =1
S =0
S =0
S =0
S =0
S =0
S =1
S =0
S =0
S =0
S =0
S =0
S =0
S =1
S =0
S =0
S =1
S =0
S =0
S =0
S =0
S =1
S =0
S =0
S =0
S =1
S =0
S =0
S =1
S =0
S =0
S =0
S =0
S =0
S =1
S =0
S =0
S =0
S =0
S =0
S =0
S =0
S =0
S =1
S =0
S =0
S =0
S =0
S =0
S =0
S =0
S =0
S =0
S =0
S =0
S =1
S =0
S =0
S =0
S =0
S =0
S =0
S =0
S =0
S =0
S =0
S =0
S =0
S =0
S =0
S =0
S =0
S =0
S =0
S =1
S =0
S =0
S =0
S =0
S =0
S =0
S =0
S =0
S =0
S =0
S =0
S =0
S =1
S =0
S =0
S =1
S =0
S =0
S =0
S =0
S =1
S =0
S =0
S =0
S =1
S =0
S =0
S =1
S =0
S =0
S =0
S =0
S =0
S =1
S =0
S =0
S =0
S =0
S =0
S =1
S =0
S =0
S =0
S =0
S =1
S =0
S =0
S =0
S =1
S =0
S =0
S =1
S =0
S =0
S =0
S =0
S =0
S =1
S =0
S =0
S =0
S =0
S =0
S =0
S =0
S =0
S =0
S =0
S =0
S =0
S =0
S =1
S =0
S =0
S =0
S =0
S =0
S =0
S =0
S =0
S =0
S =0
S =0
S =0
S =0
S =0
S =1
S =0
S =0
S =0
S =1
S =0
S =0
S =1
S =0
S =0
S =0
S =0
S =0
S =1
S =0
S =0
S =0
S =0
S =0
S =0
S =0
S =1
S =0
S =0
S =0
S =1
S =0
S =0
S =1
S =0
S =0
S =0
S =0
S =0
S =1
S =0
S =0
S =0
S =0
S =0
S =0
S =0
S =0
S =0
S =0
S =0
S =0
S =0
S =1
S =0
S =0
S =0
S =0
S =0
S =0
S =0
S =0
S =0
S =0
S =0
S =0
S =0
S =0
S =0
S =0
S =0
S =0
S =0
S =1
S =0
S =0
S =0
S =0
S =0
S =0
S =0
S =0
S =0
S =0
S =0
S =0
S =0
S =0
S =0
S =0
S =0
S =1
S =0
S =0
S =0
S =0
S =0
S =0
S =0
S =1
S =0
S =0
S =1
S =0
S =0
S =0
S =0
S =0
S =1
S =0
S =0
S =0
S =0
S =0
S =0
S =1
S =0
S =0
S =1
S =0
S =0
S =0
S =0
S =0
S =1
S =0
S =0
S =0
S =0
S =0
S =0
S =0
S =0
S =0
S =0
S =0
S =0
S =0
S =0
S =1
S =0
S =0
S =0
S =0
S =0
S =0
S =0
S =0
S =0
S =0
S =0
S =0
S =0
S =1
S =0
S =0
S =1
S =0
S =0
S =0
S =0
S =0
S =1
S =0
S =0
S =0
S =0
S =0
S =1
S =0
S =0
S =0
S =0
S =0
S =1
S =0
S =0
S =0
S =0
S =0
S =0
S =0
S =0
S =0
S =0
S =0
S =0
S =0
S =0
S =0
S =0
S =0
S =1
S =0
S =0
S =0
S =0
S =0
S =0
S =0
S =0
S =1
S =0
S =0
S =0
S =0
S =0
S =0
S =0
S =0
S =0
S =0
S =0
S =0
S =0
S =0
S =0
S =0
S =0
S =0
S =0
S =0
S =0
S =0
S =0
S =0
S =0
S =0
S =0
S =0
S =0
S =0
 PRINTING *J ////////////////////////////////////////////////////////////////	-16.000000_S1	16.000000_S1	-32.000000_S1	32.000000_S1

 PRINTING *J ////////////////////////////////////////////////////////////////	-32.000000_S1	32.000000_S1	-2048.000000_S1	2048.000000_S1

 PRINTING *J ////////////////////////////////////////////////////////////////	-128.000000_S1	128.000000_S1

 PRINTING *J ////////////////////////////////////////////////////////////////	-256.000000_S1	256.000000_S1	-128.000000_S1	128.000000_S1

 PRINTING *J ////////////////////////////////////////////////////////////////	-128.000000_S1	128.000000_S1	-64.000000_S1	64.000000_S1

 PRINTING *J ////////////////////////////////////////////////////////////////	-256.000000_S1	256.000000_S1	-128.000000_S1	128.000000_S1	-64.000000_S1	64.000000_S1

 PRINTING *J ////////////////////////////////////////////////////////////////	-32.000000_S1	32.000000_S1	-256.000000_S1	256.000000_S1	-128.000000_S1	128.000000_S1	-64.000000_S1	64.000000_S1

 PRINTING *J ////////////////////////////////////////////////////////////////	-32.000000_S1	32.000000_S1	-64.000000_S1	64.000000_S1

 PRINTING *J ////////////////////////////////////////////////////////////////	-16.000000_S1	16.000000_S1	-64.000000_S1	64.000000_S1	-32.000000_S1	32.000000_S1

DISPLAYING LOOPS AFTER OPERATIONS, LOOP NO: 1
	-16.000000_S1	16.000000_S1	-32.000000_S1	32.000000_S1
DISPLAYING LOOPS AFTER OPERATIONS, LOOP NO: 2
	-32.000000_S1	32.000000_S1	-2048.000000_S1	2048.000000_S1
DISPLAYING LOOPS AFTER OPERATIONS, LOOP NO: 3
	-128.000000_S1	128.000000_S1
DISPLAYING LOOPS AFTER OPERATIONS, LOOP NO: 4
	-256.000000_S1	256.000000_S1	-128.000000_S1	128.000000_S1
DISPLAYING LOOPS AFTER OPERATIONS, LOOP NO: 5
	-128.000000_S1	128.000000_S1	-64.000000_S1	64.000000_S1
DISPLAYING LOOPS AFTER OPERATIONS, LOOP NO: 6
	-256.000000_S1	256.000000_S1	-128.000000_S1	128.000000_S1	-64.000000_S1	64.000000_S1
DISPLAYING LOOPS AFTER OPERATIONS, LOOP NO: 7
	-32.000000_S1	32.000000_S1	-256.000000_S1	256.000000_S1	-128.000000_S1	128.000000_S1	-64.000000_S1	64.000000_S1
DISPLAYING LOOPS AFTER OPERATIONS, LOOP NO: 8
	-32.000000_S1	32.000000_S1	-64.000000_S1	64.000000_S1
DISPLAYING LOOPS AFTER OPERATIONS, LOOP NO: 9
	-16.000000_S1	16.000000_S1	-64.000000_S1	64.000000_S1	-32.000000_S1	32.000000_S1
1/(gdsM0S1+s.CdsM0S1+s.CgsP2S1+gmP2S1+gdsP2S1+s.CgsP3S1).gmP2S1.1/(G3+gdsP2S1+s.CgsP2S1+s.CdsP2S1+gdsP3S1+s.CgsP3S1+s.CdsP3S1+gdsP7S1+s.CgsP7S1+s.CdsP7S1).gmP2S1.
1/(G3+gdsP2S1+s.CgsP2S1+s.CdsP2S1+gdsP3S1+s.CgsP3S1+s.CdsP3S1+gdsP7S1+s.CgsP7S1+s.CdsP7S1).G3.1/(G3+gdsM4S1+s.CdsM4S1).G3.
1/(s.C1+G4).z^-1G4.
1/(G4+G5+gdsM6S1+s.CdsM6S1+gdsP7S1+s.CdsP7S1).G4.1/(s.C1+G4).G4.
1/(s.C1+G4).C1.1/(s.C1+gdsM1S1+s.CdsM1S1+gdsP3S1+s.CdsP3S1+s.CgsP7S1).C1.
1/(G4+G5+gdsM6S1+s.CdsM6S1+gdsP7S1+s.CdsP7S1).G4.1/(s.C1+G4).C1.1/(s.C1+gdsM1S1+s.CdsM1S1+gdsP3S1+s.CdsP3S1+s.CgsP7S1).-gmP7S1.
1/(G3+gdsP2S1+s.CgsP2S1+s.CdsP2S1+gdsP3S1+s.CgsP3S1+s.CdsP3S1+gdsP7S1+s.CgsP7S1+s.CdsP7S1).gmP7S1.1/(G4+G5+gdsM6S1+s.CdsM6S1+gdsP7S1+s.CdsP7S1).G4.1/(s.C1+G4).C1.1/(s.C1+gdsM1S1+s.CdsM1S1+gdsP3S1+s.CdsP3S1+s.CgsP7S1).gmP7S1.
1/(G3+gdsP2S1+s.CgsP2S1+s.CdsP2S1+gdsP3S1+s.CgsP3S1+s.CdsP3S1+gdsP7S1+s.CgsP7S1+s.CdsP7S1).gmP3S1.1/(s.C1+gdsM1S1+s.CdsM1S1+gdsP3S1+s.CdsP3S1+s.CgsP7S1).gmP7S1.
1/(gdsM0S1+s.CdsM0S1+s.CgsP2S1+gmP2S1+gdsP2S1+s.CgsP3S1).-gmP3S1.1/(s.C1+gdsM1S1+s.CdsM1S1+gdsP3S1+s.CdsP3S1+s.CgsP7S1).gmP7S1.1/(G3+gdsP2S1+s.CgsP2S1+s.CdsP2S1+gdsP3S1+s.CgsP3S1+s.CdsP3S1+gdsP7S1+s.CgsP7S1+s.CdsP7S1).gmP2S1.
SFG adapter completed.
