
WORKING
 n=5
CREATING NODE IN THE GRAPH: 2
CREATING NODE IN THE GRAPH: 4
CREATING NODE IN THE GRAPH: 8
CREATING NODE IN THE GRAPH: 16
CREATING NODE IN THE GRAPH: 32
CREATING NODE IN THE GRAPH: -100
CREATING NODE IN THE GRAPH: 100
CREATING NODE IN THE GRAPH: 1
VI_1_1
STRING OBTAINED IS 1

STRING OBTAINED IS 1
VI	1	1
5_1_VO
STRING OBTAINED IS 1

STRING OBTAINED IS 1
5	1	VO
3_OP-_4
STRING OBTAINED IS OP-

STRING OBTAINED IS OP-
3	OP-	4
2_C0_0
STRING OBTAINED IS C0

STRING OBTAINED IS C0
2	C0	0
4_C2_3
STRING OBTAINED IS C2

STRING OBTAINED IS C2
4	C2	3
5_C1_0
STRING OBTAINED IS C1

STRING OBTAINED IS C1
5	C1	0
1_S1_2
STRING OBTAINED IS S1

STRING OBTAINED IS S1
1	S1	2
4_S1_5
STRING OBTAINED IS S1

STRING OBTAINED IS S1
4	S1	5
2_S2_3
STRING OBTAINED IS S2

STRING OBTAINED IS S2
2	S2	3
2_S3_4
STRING OBTAINED IS S3

STRING OBTAINED IS S3
2	S3	4
2_S4_5
STRING OBTAINED IS S4

STRING OBTAINED IS S4
2	S4	5
NO. OF PHASES = %%%%%%%%%%%%%%%%%%%%%%%%%%%%%%%%%%%%%4
)))))))))))))))))))S1
 n=5
VI_1_1
SOURCE NODE OBTAINED FROM CKT FILE : VI
EDGE WEIGHT OBTAINED FROM CKT FILE : 1
DESTINATION NODE OBTAINED FROM CKT FILE : 1
CHECK HERE FOR DATA ENTERED IN CKT MAP 2
UPDATING BRANCHES FOR NODES -100 & 2
STRING OBTAINED IS 1

STRING OBTAINED IS 1
VI	1	1
5_1_VO
SOURCE NODE OBTAINED FROM CKT FILE : 5
EDGE WEIGHT OBTAINED FROM CKT FILE : 1
DESTINATION NODE OBTAINED FROM CKT FILE : VO
CHECK HERE FOR DATA ENTERED IN CKT MAP 32
UPDATING BRANCHES FOR NODES 32 & 100
STRING OBTAINED IS 1

STRING OBTAINED IS 1
5	1	VO
3_OP-_4
SOURCE NODE OBTAINED FROM CKT FILE : 3
EDGE WEIGHT OBTAINED FROM CKT FILE : OP-
DESTINATION NODE OBTAINED FROM CKT FILE : 4
DESTINATION NODE CONSIDERED FOR OPERATIONS 4
CHECK HERE FOR DATA ENTERED IN CKT MAP 8
CHECK HERE FOR DATA ENTERED IN CKT MAP 16
FLAG OF SOURCE NODE = 1
FLAG OF DESTINATION NODE = 0
UPDATING BRANCHES FOR NODES 8 & 16
STRING OBTAINED IS OP-

STRING OBTAINED IS OP-
3	OP-	4
2_C0_0
SOURCE NODE OBTAINED FROM CKT FILE : 2
EDGE WEIGHT OBTAINED FROM CKT FILE : C0
DESTINATION NODE OBTAINED FROM CKT FILE : 0
DESTINATION NODE CONSIDERED FOR OPERATIONS 0
CHECK HERE FOR DATA ENTERED IN CKT MAP 4
FLAG OF SOURCE NODE = 1
FLAG OF DESTINATION NODE = 0
UPDATING BRANCHES FOR NODES 4 & 1
STRING OBTAINED IS C0

STRING OBTAINED IS C0
2	C0	0
4_C2_3
SOURCE NODE OBTAINED FROM CKT FILE : 4
EDGE WEIGHT OBTAINED FROM CKT FILE : C2
DESTINATION NODE OBTAINED FROM CKT FILE : 3
DESTINATION NODE CONSIDERED FOR OPERATIONS 3
FLAG OF SOURCE NODE = 0
FLAG OF DESTINATION NODE = 1
UPDATING BRANCHES FOR NODES 16 & 8
STRING OBTAINED IS C2

STRING OBTAINED IS C2
4	C2	3
5_C1_0
SOURCE NODE OBTAINED FROM CKT FILE : 5
EDGE WEIGHT OBTAINED FROM CKT FILE : C1
DESTINATION NODE OBTAINED FROM CKT FILE : 0
DESTINATION NODE CONSIDERED FOR OPERATIONS 0
FLAG OF SOURCE NODE = 1
FLAG OF DESTINATION NODE = 0
UPDATING BRANCHES FOR NODES 32 & 1
STRING OBTAINED IS C1

STRING OBTAINED IS C1
5	C1	0
1_S1_2
SOURCE NODE OBTAINED FROM CKT FILE : 1
EDGE WEIGHT OBTAINED FROM CKT FILE : S1
DESTINATION NODE OBTAINED FROM CKT FILE : 2
ID 1 =2.000000_S1 CORRESPONDING TO NODE ID 2.000000 & SND 1 = 2.000000
ID 2 =4.000000_S1 CORRESPONDING TO NODE ID 4.000000 & SND 2 = 4.000000
NEW NODE 1 =2.000000_S1 & NEW NODE 2 = 4.000000_S1
MODIFIED NODE ID OF 2.000000 UPDATED TO 6.000000_S1
MODIFIED NODE ID OF 4.000000 UPDATED TO 6.000000_S12.000000<=>6.000000_S1	32.000000<=>32.000000_S1	8.000000<=>8.000000_S1	16.000000<=>16.000000_S1	4.000000<=>6.000000_S1	
 st USED FOR SEARCHING IS  4.000000_S1
 su USED FOR SEARCHING IS  2.000000_S1
2.000000_S1	4.000000_S1
FT=  1 FU= 0 at Phase S1
4.000000_S1
4.000000_S1
4_S1_5
SOURCE NODE OBTAINED FROM CKT FILE : 4
EDGE WEIGHT OBTAINED FROM CKT FILE : S1
DESTINATION NODE OBTAINED FROM CKT FILE : 5
ID 1 =16.000000_S1 CORRESPONDING TO NODE ID 16.000000 & SND 1 = 16.000000
ID 2 =32.000000_S1 CORRESPONDING TO NODE ID 32.000000 & SND 2 = 32.000000
NEW NODE 1 =16.000000_S1 & NEW NODE 2 = 32.000000_S1
MODIFIED NODE ID OF 32.000000 UPDATED TO 48.000000_S1
MODIFIED NODE ID OF 16.000000 UPDATED TO 48.000000_S12.000000<=>6.000000_S1	32.000000<=>48.000000_S1	8.000000<=>8.000000_S1	16.000000<=>48.000000_S1	4.000000<=>6.000000_S1	
 st USED FOR SEARCHING IS  32.000000_S1
 su USED FOR SEARCHING IS  16.000000_S1
16.000000_S1	32.000000_S1
FT=  1 FU= 0 at Phase S1
32.000000_S1
32.000000_S1
2_S2_3
SOURCE NODE OBTAINED FROM CKT FILE : 2
EDGE WEIGHT OBTAINED FROM CKT FILE : S2
DESTINATION NODE OBTAINED FROM CKT FILE : 3
2_S3_4
SOURCE NODE OBTAINED FROM CKT FILE : 2
EDGE WEIGHT OBTAINED FROM CKT FILE : S3
DESTINATION NODE OBTAINED FROM CKT FILE : 4
2_S4_5
SOURCE NODE OBTAINED FROM CKT FILE : 2
EDGE WEIGHT OBTAINED FROM CKT FILE : S4
DESTINATION NODE OBTAINED FROM CKT FILE : 5
)))))))))))))))))))S2
 n=5
VI_1_1
SOURCE NODE OBTAINED FROM CKT FILE : VI
EDGE WEIGHT OBTAINED FROM CKT FILE : 1
DESTINATION NODE OBTAINED FROM CKT FILE : 1
CHECK HERE FOR DATA ENTERED IN CKT MAP 2
UPDATING BRANCHES FOR NODES -100 & 2
STRING OBTAINED IS 1

STRING OBTAINED IS 1
VI	1	1
5_1_VO
SOURCE NODE OBTAINED FROM CKT FILE : 5
EDGE WEIGHT OBTAINED FROM CKT FILE : 1
DESTINATION NODE OBTAINED FROM CKT FILE : VO
CHECK HERE FOR DATA ENTERED IN CKT MAP 32
UPDATING BRANCHES FOR NODES 32 & 100
STRING OBTAINED IS 1

STRING OBTAINED IS 1
5	1	VO
3_OP-_4
SOURCE NODE OBTAINED FROM CKT FILE : 3
EDGE WEIGHT OBTAINED FROM CKT FILE : OP-
DESTINATION NODE OBTAINED FROM CKT FILE : 4
DESTINATION NODE CONSIDERED FOR OPERATIONS 4
CHECK HERE FOR DATA ENTERED IN CKT MAP 8
CHECK HERE FOR DATA ENTERED IN CKT MAP 16
FLAG OF SOURCE NODE = 1
FLAG OF DESTINATION NODE = 0
UPDATING BRANCHES FOR NODES 8 & 16
STRING OBTAINED IS OP-

STRING OBTAINED IS OP-
3	OP-	4
2_C0_0
SOURCE NODE OBTAINED FROM CKT FILE : 2
EDGE WEIGHT OBTAINED FROM CKT FILE : C0
DESTINATION NODE OBTAINED FROM CKT FILE : 0
DESTINATION NODE CONSIDERED FOR OPERATIONS 0
CHECK HERE FOR DATA ENTERED IN CKT MAP 4
FLAG OF SOURCE NODE = 1
FLAG OF DESTINATION NODE = 0
UPDATING BRANCHES FOR NODES 4 & 1
STRING OBTAINED IS C0

STRING OBTAINED IS C0
2	C0	0
4_C2_3
SOURCE NODE OBTAINED FROM CKT FILE : 4
EDGE WEIGHT OBTAINED FROM CKT FILE : C2
DESTINATION NODE OBTAINED FROM CKT FILE : 3
DESTINATION NODE CONSIDERED FOR OPERATIONS 3
FLAG OF SOURCE NODE = 0
FLAG OF DESTINATION NODE = 1
UPDATING BRANCHES FOR NODES 16 & 8
STRING OBTAINED IS C2

STRING OBTAINED IS C2
4	C2	3
5_C1_0
SOURCE NODE OBTAINED FROM CKT FILE : 5
EDGE WEIGHT OBTAINED FROM CKT FILE : C1
DESTINATION NODE OBTAINED FROM CKT FILE : 0
DESTINATION NODE CONSIDERED FOR OPERATIONS 0
FLAG OF SOURCE NODE = 1
FLAG OF DESTINATION NODE = 0
UPDATING BRANCHES FOR NODES 32 & 1
STRING OBTAINED IS C1

STRING OBTAINED IS C1
5	C1	0
1_S1_2
SOURCE NODE OBTAINED FROM CKT FILE : 1
EDGE WEIGHT OBTAINED FROM CKT FILE : S1
DESTINATION NODE OBTAINED FROM CKT FILE : 2
4_S1_5
SOURCE NODE OBTAINED FROM CKT FILE : 4
EDGE WEIGHT OBTAINED FROM CKT FILE : S1
DESTINATION NODE OBTAINED FROM CKT FILE : 5
2_S2_3
SOURCE NODE OBTAINED FROM CKT FILE : 2
EDGE WEIGHT OBTAINED FROM CKT FILE : S2
DESTINATION NODE OBTAINED FROM CKT FILE : 3
ID 1 =4.000000_S2 CORRESPONDING TO NODE ID 4.000000 & SND 1 = 4.000000
ID 2 =8.000000_S2 CORRESPONDING TO NODE ID 8.000000 & SND 2 = 8.000000
NEW NODE 1 =4.000000_S2 & NEW NODE 2 = 8.000000_S2
MODIFIED NODE ID OF 8.000000 UPDATED TO 12.000000_S2
MODIFIED NODE ID OF 4.000000 UPDATED TO 12.000000_S22.000000<=>2.000000_S2	32.000000<=>32.000000_S2	8.000000<=>12.000000_S2	16.000000<=>16.000000_S2	4.000000<=>12.000000_S2	
 st USED FOR SEARCHING IS  8.000000_S2
 su USED FOR SEARCHING IS  4.000000_S2
4.000000_S2	8.000000_S2
FT=  1 FU= 1 at Phase S2
8.000000_S2
8.000000_S2
2_S3_4
SOURCE NODE OBTAINED FROM CKT FILE : 2
EDGE WEIGHT OBTAINED FROM CKT FILE : S3
DESTINATION NODE OBTAINED FROM CKT FILE : 4
2_S4_5
SOURCE NODE OBTAINED FROM CKT FILE : 2
EDGE WEIGHT OBTAINED FROM CKT FILE : S4
DESTINATION NODE OBTAINED FROM CKT FILE : 5
)))))))))))))))))))S3
 n=5
VI_1_1
SOURCE NODE OBTAINED FROM CKT FILE : VI
EDGE WEIGHT OBTAINED FROM CKT FILE : 1
DESTINATION NODE OBTAINED FROM CKT FILE : 1
CHECK HERE FOR DATA ENTERED IN CKT MAP 2
UPDATING BRANCHES FOR NODES -100 & 2
STRING OBTAINED IS 1

STRING OBTAINED IS 1
VI	1	1
5_1_VO
SOURCE NODE OBTAINED FROM CKT FILE : 5
EDGE WEIGHT OBTAINED FROM CKT FILE : 1
DESTINATION NODE OBTAINED FROM CKT FILE : VO
CHECK HERE FOR DATA ENTERED IN CKT MAP 32
UPDATING BRANCHES FOR NODES 32 & 100
STRING OBTAINED IS 1

STRING OBTAINED IS 1
5	1	VO
3_OP-_4
SOURCE NODE OBTAINED FROM CKT FILE : 3
EDGE WEIGHT OBTAINED FROM CKT FILE : OP-
DESTINATION NODE OBTAINED FROM CKT FILE : 4
DESTINATION NODE CONSIDERED FOR OPERATIONS 4
CHECK HERE FOR DATA ENTERED IN CKT MAP 8
CHECK HERE FOR DATA ENTERED IN CKT MAP 16
FLAG OF SOURCE NODE = 1
FLAG OF DESTINATION NODE = 0
UPDATING BRANCHES FOR NODES 8 & 16
STRING OBTAINED IS OP-

STRING OBTAINED IS OP-
3	OP-	4
2_C0_0
SOURCE NODE OBTAINED FROM CKT FILE : 2
EDGE WEIGHT OBTAINED FROM CKT FILE : C0
DESTINATION NODE OBTAINED FROM CKT FILE : 0
DESTINATION NODE CONSIDERED FOR OPERATIONS 0
CHECK HERE FOR DATA ENTERED IN CKT MAP 4
FLAG OF SOURCE NODE = 1
FLAG OF DESTINATION NODE = 0
UPDATING BRANCHES FOR NODES 4 & 1
STRING OBTAINED IS C0

STRING OBTAINED IS C0
2	C0	0
4_C2_3
SOURCE NODE OBTAINED FROM CKT FILE : 4
EDGE WEIGHT OBTAINED FROM CKT FILE : C2
DESTINATION NODE OBTAINED FROM CKT FILE : 3
DESTINATION NODE CONSIDERED FOR OPERATIONS 3
FLAG OF SOURCE NODE = 0
FLAG OF DESTINATION NODE = 1
UPDATING BRANCHES FOR NODES 16 & 8
STRING OBTAINED IS C2

STRING OBTAINED IS C2
4	C2	3
5_C1_0
SOURCE NODE OBTAINED FROM CKT FILE : 5
EDGE WEIGHT OBTAINED FROM CKT FILE : C1
DESTINATION NODE OBTAINED FROM CKT FILE : 0
DESTINATION NODE CONSIDERED FOR OPERATIONS 0
FLAG OF SOURCE NODE = 1
FLAG OF DESTINATION NODE = 0
UPDATING BRANCHES FOR NODES 32 & 1
STRING OBTAINED IS C1

STRING OBTAINED IS C1
5	C1	0
1_S1_2
SOURCE NODE OBTAINED FROM CKT FILE : 1
EDGE WEIGHT OBTAINED FROM CKT FILE : S1
DESTINATION NODE OBTAINED FROM CKT FILE : 2
4_S1_5
SOURCE NODE OBTAINED FROM CKT FILE : 4
EDGE WEIGHT OBTAINED FROM CKT FILE : S1
DESTINATION NODE OBTAINED FROM CKT FILE : 5
2_S2_3
SOURCE NODE OBTAINED FROM CKT FILE : 2
EDGE WEIGHT OBTAINED FROM CKT FILE : S2
DESTINATION NODE OBTAINED FROM CKT FILE : 3
2_S3_4
SOURCE NODE OBTAINED FROM CKT FILE : 2
EDGE WEIGHT OBTAINED FROM CKT FILE : S3
DESTINATION NODE OBTAINED FROM CKT FILE : 4
ID 1 =4.000000_S3 CORRESPONDING TO NODE ID 4.000000 & SND 1 = 4.000000
ID 2 =16.000000_S3 CORRESPONDING TO NODE ID 16.000000 & SND 2 = 16.000000
NEW NODE 1 =4.000000_S3 & NEW NODE 2 = 16.000000_S3
MODIFIED NODE ID OF 16.000000 UPDATED TO 20.000000_S3
MODIFIED NODE ID OF 4.000000 UPDATED TO 20.000000_S32.000000<=>2.000000_S3	32.000000<=>32.000000_S3	8.000000<=>8.000000_S3	16.000000<=>20.000000_S3	4.000000<=>20.000000_S3	
 st USED FOR SEARCHING IS  16.000000_S3
 su USED FOR SEARCHING IS  4.000000_S3
4.000000_S3	16.000000_S3
FT=  0 FU= 1 at Phase S3
16.000000_S3
16.000000_S3
2_S4_5
SOURCE NODE OBTAINED FROM CKT FILE : 2
EDGE WEIGHT OBTAINED FROM CKT FILE : S4
DESTINATION NODE OBTAINED FROM CKT FILE : 5
)))))))))))))))))))S4
 n=5
VI_1_1
SOURCE NODE OBTAINED FROM CKT FILE : VI
EDGE WEIGHT OBTAINED FROM CKT FILE : 1
DESTINATION NODE OBTAINED FROM CKT FILE : 1
CHECK HERE FOR DATA ENTERED IN CKT MAP 2
UPDATING BRANCHES FOR NODES -100 & 2
STRING OBTAINED IS 1

STRING OBTAINED IS 1
VI	1	1
5_1_VO
SOURCE NODE OBTAINED FROM CKT FILE : 5
EDGE WEIGHT OBTAINED FROM CKT FILE : 1
DESTINATION NODE OBTAINED FROM CKT FILE : VO
CHECK HERE FOR DATA ENTERED IN CKT MAP 32
UPDATING BRANCHES FOR NODES 32 & 100
STRING OBTAINED IS 1

STRING OBTAINED IS 1
5	1	VO
3_OP-_4
SOURCE NODE OBTAINED FROM CKT FILE : 3
EDGE WEIGHT OBTAINED FROM CKT FILE : OP-
DESTINATION NODE OBTAINED FROM CKT FILE : 4
DESTINATION NODE CONSIDERED FOR OPERATIONS 4
CHECK HERE FOR DATA ENTERED IN CKT MAP 8
CHECK HERE FOR DATA ENTERED IN CKT MAP 16
FLAG OF SOURCE NODE = 1
FLAG OF DESTINATION NODE = 0
UPDATING BRANCHES FOR NODES 8 & 16
STRING OBTAINED IS OP-

STRING OBTAINED IS OP-
3	OP-	4
2_C0_0
SOURCE NODE OBTAINED FROM CKT FILE : 2
EDGE WEIGHT OBTAINED FROM CKT FILE : C0
DESTINATION NODE OBTAINED FROM CKT FILE : 0
DESTINATION NODE CONSIDERED FOR OPERATIONS 0
CHECK HERE FOR DATA ENTERED IN CKT MAP 4
FLAG OF SOURCE NODE = 1
FLAG OF DESTINATION NODE = 0
UPDATING BRANCHES FOR NODES 4 & 1
STRING OBTAINED IS C0

STRING OBTAINED IS C0
2	C0	0
4_C2_3
SOURCE NODE OBTAINED FROM CKT FILE : 4
EDGE WEIGHT OBTAINED FROM CKT FILE : C2
DESTINATION NODE OBTAINED FROM CKT FILE : 3
DESTINATION NODE CONSIDERED FOR OPERATIONS 3
FLAG OF SOURCE NODE = 0
FLAG OF DESTINATION NODE = 1
UPDATING BRANCHES FOR NODES 16 & 8
STRING OBTAINED IS C2

STRING OBTAINED IS C2
4	C2	3
5_C1_0
SOURCE NODE OBTAINED FROM CKT FILE : 5
EDGE WEIGHT OBTAINED FROM CKT FILE : C1
DESTINATION NODE OBTAINED FROM CKT FILE : 0
DESTINATION NODE CONSIDERED FOR OPERATIONS 0
FLAG OF SOURCE NODE = 1
FLAG OF DESTINATION NODE = 0
UPDATING BRANCHES FOR NODES 32 & 1
STRING OBTAINED IS C1

STRING OBTAINED IS C1
5	C1	0
1_S1_2
SOURCE NODE OBTAINED FROM CKT FILE : 1
EDGE WEIGHT OBTAINED FROM CKT FILE : S1
DESTINATION NODE OBTAINED FROM CKT FILE : 2
4_S1_5
SOURCE NODE OBTAINED FROM CKT FILE : 4
EDGE WEIGHT OBTAINED FROM CKT FILE : S1
DESTINATION NODE OBTAINED FROM CKT FILE : 5
2_S2_3
SOURCE NODE OBTAINED FROM CKT FILE : 2
EDGE WEIGHT OBTAINED FROM CKT FILE : S2
DESTINATION NODE OBTAINED FROM CKT FILE : 3
2_S3_4
SOURCE NODE OBTAINED FROM CKT FILE : 2
EDGE WEIGHT OBTAINED FROM CKT FILE : S3
DESTINATION NODE OBTAINED FROM CKT FILE : 4
2_S4_5
SOURCE NODE OBTAINED FROM CKT FILE : 2
EDGE WEIGHT OBTAINED FROM CKT FILE : S4
DESTINATION NODE OBTAINED FROM CKT FILE : 5
ID 1 =4.000000_S4 CORRESPONDING TO NODE ID 4.000000 & SND 1 = 4.000000
ID 2 =32.000000_S4 CORRESPONDING TO NODE ID 32.000000 & SND 2 = 32.000000
NEW NODE 1 =4.000000_S4 & NEW NODE 2 = 32.000000_S4
MODIFIED NODE ID OF 32.000000 UPDATED TO 36.000000_S4
MODIFIED NODE ID OF 4.000000 UPDATED TO 36.000000_S42.000000<=>2.000000_S4	32.000000<=>36.000000_S4	8.000000<=>8.000000_S4	16.000000<=>16.000000_S4	4.000000<=>36.000000_S4	
 st USED FOR SEARCHING IS  32.000000_S4
 su USED FOR SEARCHING IS  4.000000_S4
4.000000_S4	32.000000_S4
FT=  1 FU= 1 at Phase S4
32.000000_S4
32.000000_S4
)))))))))))))))))))S0
VI_1_1
SOURCE NODE VI
EDGE WEIGHT 1
DESTINATION NODE 1
5_1_VO
2.000000	6.000000_S1
32.000000	48.000000_S1
8.000000	8.000000_S1
16.000000	48.000000_S1
4.000000	6.000000_S1
MOD _S=48.000000_S1
FLAG OF SOURCE IS  0








 NODE : 48.000000_S1






3_OP-_4
LINE TAKEN FOR CONSIDERATION 3_OP-_4
BEFORE TAKING OUT NUMBER 8.000000_S1
TS ==  8
NUMBER8
FLAG S =1 , FLAG D =0


JJJJJJJJJJJJJJJJ




8	C2
PHASE = S1
CALLED DP ELASTANCE
C2
2_C0_0
4_C2_3
LINE TAKEN FOR CONSIDERATION 4_C2_3
BEFORE TAKING OUT NUMBER 48.000000_S1
TS ==  48
NUMBER48
FLAG S =0 , FLAG D =1
8


JJJJJJJJJJJJJJJJ




8	C2
PHASE = S1
CALLED DP ELASTANCE
C2
CHECK HEREEEEEEE-8.000000_S1&& (1/(+C2))
5_C1_0
1_S1_2
4_S1_5
2_S2_3
2_S3_4
2_S4_5
)))))))))))))))))))S1
VI_1_1
SOURCE NODE VI
EDGE WEIGHT 1
DESTINATION NODE 1
5_1_VO
2.000000	2.000000_S2
32.000000	32.000000_S2
8.000000	12.000000_S2
16.000000	16.000000_S2
4.000000	12.000000_S2
MOD _S=32.000000_S2
FLAG OF SOURCE IS  1


JJJJJJJJJJJJJJJJ




32	C1
PHASE = S2
CALLED DP ELASTANCE
C1








 NODE : 32.000000_S2






3_OP-_4
LINE TAKEN FOR CONSIDERATION 3_OP-_4
BEFORE TAKING OUT NUMBER 12.000000_S2
TS ==  12
NUMBER12
FLAG S =1 , FLAG D =0


JJJJJJJJJJJJJJJJ




12	C0	C2
PHASE = S2
CALLED DP ELASTANCE
C0
C2
2_C0_0
4_C2_3
LINE TAKEN FOR CONSIDERATION 4_C2_3
BEFORE TAKING OUT NUMBER 16.000000_S2
TS ==  16
NUMBER16
FLAG S =0 , FLAG D =1
8


JJJJJJJJJJJJJJJJ




12	C0	C2
PHASE = S2
CALLED DP ELASTANCE
C0
C2
CHECK HEREEEEEEE-12.000000_S2&& (1/(+C0+C2))
5_C1_0
1_S1_2
4_S1_5
2_S2_3
2_S3_4
2_S4_5
)))))))))))))))))))S2
VI_1_1
SOURCE NODE VI
EDGE WEIGHT 1
DESTINATION NODE 1
5_1_VO
2.000000	2.000000_S3
32.000000	32.000000_S3
8.000000	8.000000_S3
16.000000	20.000000_S3
4.000000	20.000000_S3
MOD _S=32.000000_S3
FLAG OF SOURCE IS  1


JJJJJJJJJJJJJJJJ




32	C1
PHASE = S3
CALLED DP ELASTANCE
C1








 NODE : 32.000000_S3






3_OP-_4
LINE TAKEN FOR CONSIDERATION 3_OP-_4
BEFORE TAKING OUT NUMBER 8.000000_S3
TS ==  8
NUMBER8
FLAG S =1 , FLAG D =0


JJJJJJJJJJJJJJJJ




8	C2
PHASE = S3
CALLED DP ELASTANCE
C2
2_C0_0
4_C2_3
LINE TAKEN FOR CONSIDERATION 4_C2_3
BEFORE TAKING OUT NUMBER 20.000000_S3
TS ==  20
NUMBER20
FLAG S =0 , FLAG D =1
8


JJJJJJJJJJJJJJJJ




8	C2
PHASE = S3
CALLED DP ELASTANCE
C2
CHECK HEREEEEEEE-8.000000_S3&& (1/(+C2))
5_C1_0
1_S1_2
4_S1_5
2_S2_3
2_S3_4
2_S4_5
)))))))))))))))))))S3
VI_1_1
SOURCE NODE VI
EDGE WEIGHT 1
DESTINATION NODE 1
5_1_VO
2.000000	2.000000_S4
32.000000	36.000000_S4
8.000000	8.000000_S4
16.000000	16.000000_S4
4.000000	36.000000_S4
MOD _S=36.000000_S4
FLAG OF SOURCE IS  1


JJJJJJJJJJJJJJJJ




36	C0	C1
PHASE = S4
CALLED DP ELASTANCE
C0
C1








 NODE : 36.000000_S4






3_OP-_4
LINE TAKEN FOR CONSIDERATION 3_OP-_4
BEFORE TAKING OUT NUMBER 8.000000_S4
TS ==  8
NUMBER8
FLAG S =1 , FLAG D =0


JJJJJJJJJJJJJJJJ




8	C2
PHASE = S4
CALLED DP ELASTANCE
C2
2_C0_0
4_C2_3
LINE TAKEN FOR CONSIDERATION 4_C2_3
BEFORE TAKING OUT NUMBER 16.000000_S4
TS ==  16
NUMBER16
FLAG S =0 , FLAG D =1
8


JJJJJJJJJJJJJJJJ




8	C2
PHASE = S4
CALLED DP ELASTANCE
C2
CHECK HEREEEEEEE-8.000000_S4&& (1/(+C2))
5_C1_0
1_S1_2
4_S1_5
2_S2_3
2_S3_4
2_S4_5
	48.000000_S1	6.000000_S1	8.000000_S1
	12.000000_S2	16.000000_S2	2.000000_S2	32.000000_S2
	2.000000_S3	20.000000_S3	32.000000_S3	8.000000_S3
	16.000000_S4	2.000000_S4	36.000000_S4	8.000000_S4


12.000000_S2 TAKEN FOR CONSIDERATION 
PHASE = 2
NEXT PHASE = 3
ID OF CURRENT NODE = 12
C0	C2	

Capacitor considered = C0
Capacitor is not connected to input or output branches, that means it must be grounded

Looking for capacitor C0 in NEXT phase 3 at node -100
Capacitor does not exits in the next phase 
Looking for capacitor C0 in NEXT phase 3 at node 2
Capacitor does not exits in the next phase 
Looking for capacitor C0 in NEXT phase 3 at node 8
C2
Capacitor does not exits in the next phase 
Looking for capacitor C0 in NEXT phase 3 at node 20
C0
Capacitor C0 found in phase 3 connected to node 20 which is denoted by 20.000000_S3
PNEXT_NODE20.000000_S3
 size= 1 , -8.000000_S3 , C2
Let's take a look at the next one
Capacitor is not connected to input or output branches, that means it must be grounded in the Next phase also
 Capacitor C0 will not impact any magic source

Capacitor considered = C2
FOUND THE CAPACITOR IN THE INPUT BRANCH

Looking for capacitor C2 in NEXT phase 3 at node -100
Capacitor does not exits in the next phase 
Looking for capacitor C2 in NEXT phase 3 at node 2
Capacitor does not exits in the next phase 
Looking for capacitor C2 in NEXT phase 3 at node 8
C2
Capacitor C2 found in phase 3 connected to node 8 which is denoted by 8.000000_S3
PNEXT_NODE-8.000000_S3
FOUND THE CAPACITOR IN THE INPUT BRANCH IN NEXT PHASE
Branch drawn from 12.000000_S2 to -8.000000_S3 with edge weight = z^-1C2


16.000000_S2 TAKEN FOR CONSIDERATION 
PHASE = 2
NEXT PHASE = 3
ID OF CURRENT NODE = 16
C2	

Capacitor considered = C2
FOUND THE CAPACITOR IN THE OUTPUT BRANCH

Looking for capacitor C2 in NEXT phase 3 at node -100
Capacitor does not exits in the next phase 
Looking for capacitor C2 in NEXT phase 3 at node 2
Capacitor does not exits in the next phase 
Looking for capacitor C2 in NEXT phase 3 at node 8
C2
Capacitor C2 found in phase 3 connected to node 8 which is denoted by 8.000000_S3
PNEXT_NODE-8.000000_S3
FOUND THE CAPACITOR IN THE INPUT BRANCH IN NEXT PHASE
Branch drawn from 16.000000_S2 to -8.000000_S3 with edge weight = -z^-1C2


16.000000_S4 TAKEN FOR CONSIDERATION 
PHASE = 4
NEXT PHASE = 1
ID OF CURRENT NODE = 16
C2	

Capacitor considered = C2
FOUND THE CAPACITOR IN THE OUTPUT BRANCH

Looking for capacitor C2 in NEXT phase 1 at node -100
Capacitor does not exits in the next phase 
Looking for capacitor C2 in NEXT phase 1 at node 6
C0
Capacitor does not exits in the next phase 
Looking for capacitor C2 in NEXT phase 1 at node 8
C2
Capacitor C2 found in phase 1 connected to node 8 which is denoted by 8.000000_S1
PNEXT_NODE-8.000000_S1
FOUND THE CAPACITOR IN THE INPUT BRANCH IN NEXT PHASE
Branch drawn from 16.000000_S4 to -8.000000_S1 with edge weight = -z^-1C2


2.000000_S2 TAKEN FOR CONSIDERATION 
PHASE = 2
NEXT PHASE = 3
ID OF CURRENT NODE = 2



2.000000_S3 TAKEN FOR CONSIDERATION 
PHASE = 3
NEXT PHASE = 4
ID OF CURRENT NODE = 2



2.000000_S4 TAKEN FOR CONSIDERATION 
PHASE = 4
NEXT PHASE = 1
ID OF CURRENT NODE = 2



20.000000_S3 TAKEN FOR CONSIDERATION 
PHASE = 3
NEXT PHASE = 4
ID OF CURRENT NODE = 20
C0	C2	

Capacitor considered = C0
Capacitor is not connected to input or output branches, that means it must be grounded

Looking for capacitor C0 in NEXT phase 4 at node -100
Capacitor does not exits in the next phase 
Looking for capacitor C0 in NEXT phase 4 at node 2
Capacitor does not exits in the next phase 
Looking for capacitor C0 in NEXT phase 4 at node 8
C2
Capacitor does not exits in the next phase 
Looking for capacitor C0 in NEXT phase 4 at node 16
C2
Capacitor does not exits in the next phase 
Looking for capacitor C0 in NEXT phase 4 at node 36
C0
Capacitor C0 found in phase 4 connected to node 36 which is denoted by 36.000000_S4
PNEXT_NODE-36.000000_S4
 size= 1 , 36.000000_S4 , (1/(+C0+C1))
Let's take a look at the next one
Capacitor is not connected to input or output branches, that means it must be grounded in the Next phase also
 Branch drawn from 20.000000_S3 to -36.000000_S4 with edge weight = z^-1C0

Capacitor considered = C2
FOUND THE CAPACITOR IN THE OUTPUT BRANCH

Looking for capacitor C2 in NEXT phase 4 at node -100
Capacitor does not exits in the next phase 
Looking for capacitor C2 in NEXT phase 4 at node 2
Capacitor does not exits in the next phase 
Looking for capacitor C2 in NEXT phase 4 at node 8
C2
Capacitor C2 found in phase 4 connected to node 8 which is denoted by 8.000000_S4
PNEXT_NODE-8.000000_S4
FOUND THE CAPACITOR IN THE INPUT BRANCH IN NEXT PHASE
Branch drawn from 20.000000_S3 to -8.000000_S4 with edge weight = -z^-1C2


32.000000_S2 TAKEN FOR CONSIDERATION 
PHASE = 2
NEXT PHASE = 3
ID OF CURRENT NODE = 32
C1	

Capacitor considered = C1
Capacitor is not connected to input or output branches, that means it must be grounded

Looking for capacitor C1 in NEXT phase 3 at node -100
Capacitor does not exits in the next phase 
Looking for capacitor C1 in NEXT phase 3 at node 2
Capacitor does not exits in the next phase 
Looking for capacitor C1 in NEXT phase 3 at node 8
C2
Capacitor does not exits in the next phase 
Looking for capacitor C1 in NEXT phase 3 at node 20
C0
C2
Capacitor does not exits in the next phase 
Looking for capacitor C1 in NEXT phase 3 at node 32
C1
Capacitor C1 found in phase 3 connected to node 32 which is denoted by 32.000000_S3
PNEXT_NODE-32.000000_S3
 size= 1 , 32.000000_S3 , (1/(+C1))
Let's take a look at the next one
Capacitor is not connected to input or output branches, that means it must be grounded in the Next phase also
 Branch drawn from 32.000000_S2 to -32.000000_S3 with edge weight = z^-1C1


32.000000_S3 TAKEN FOR CONSIDERATION 
PHASE = 3
NEXT PHASE = 4
ID OF CURRENT NODE = 32
C1	

Capacitor considered = C1
Capacitor is not connected to input or output branches, that means it must be grounded

Looking for capacitor C1 in NEXT phase 4 at node -100
Capacitor does not exits in the next phase 
Looking for capacitor C1 in NEXT phase 4 at node 2
Capacitor does not exits in the next phase 
Looking for capacitor C1 in NEXT phase 4 at node 8
C2
Capacitor does not exits in the next phase 
Looking for capacitor C1 in NEXT phase 4 at node 16
C2
Capacitor does not exits in the next phase 
Looking for capacitor C1 in NEXT phase 4 at node 36
C0
C1
Capacitor C1 found in phase 4 connected to node 36 which is denoted by 36.000000_S4
PNEXT_NODE-36.000000_S4
 size= 1 , 36.000000_S4 , (1/(+C0+C1))
Let's take a look at the next one
Capacitor is not connected to input or output branches, that means it must be grounded in the Next phase also
 Branch drawn from 32.000000_S3 to -36.000000_S4 with edge weight = z^-1C1


36.000000_S4 TAKEN FOR CONSIDERATION 
PHASE = 4
NEXT PHASE = 1
ID OF CURRENT NODE = 36
C0	C1	

Capacitor considered = C0
Capacitor is not connected to input or output branches, that means it must be grounded

Looking for capacitor C0 in NEXT phase 1 at node -100
Capacitor does not exits in the next phase 
Looking for capacitor C0 in NEXT phase 1 at node 6
C0
Capacitor C0 found in phase 1 connected to node 6 which is denoted by 6.000000_S1
PNEXT_NODE6.000000_S1
Capacitor is not connected to input or output branches, that means it must be grounded in the Next phase also
 Capacitor C0 will not impact any magic source

Capacitor considered = C1
Capacitor is not connected to input or output branches, that means it must be grounded

Looking for capacitor C1 in NEXT phase 1 at node -100
Capacitor does not exits in the next phase 
Looking for capacitor C1 in NEXT phase 1 at node 6
C0
Capacitor does not exits in the next phase 
Looking for capacitor C1 in NEXT phase 1 at node 8
C2
Capacitor does not exits in the next phase 
Looking for capacitor C1 in NEXT phase 1 at node 48
C2
C1
Capacitor C1 found in phase 1 connected to node 48 which is denoted by 48.000000_S1
PNEXT_NODE48.000000_S1
 size= 2 , 100 , 1
Let's take a look at the next one
 size= 2 , -8.000000_S1 , C2
Let's take a look at the next one
Capacitor is not connected to input or output branches, that means it must be grounded in the Next phase also
 Capacitor C1 will not impact any magic source


48.000000_S1 TAKEN FOR CONSIDERATION 
PHASE = 1
NEXT PHASE = 2
ID OF CURRENT NODE = 48
C2	C1	

Capacitor considered = C2
FOUND THE CAPACITOR IN THE OUTPUT BRANCH

Looking for capacitor C2 in NEXT phase 2 at node -100
Capacitor does not exits in the next phase 
Looking for capacitor C2 in NEXT phase 2 at node 2
Capacitor does not exits in the next phase 
Looking for capacitor C2 in NEXT phase 2 at node 12
C0
C2
Capacitor C2 found in phase 2 connected to node 12 which is denoted by 12.000000_S2
PNEXT_NODE-12.000000_S2
FOUND THE CAPACITOR IN THE INPUT BRANCH IN NEXT PHASE
Branch drawn from 48.000000_S1 to -12.000000_S2 with edge weight = -z^-1C2

Capacitor considered = C1
Capacitor is not connected to input or output branches, that means it must be grounded

Looking for capacitor C1 in NEXT phase 2 at node -100
Capacitor does not exits in the next phase 
Looking for capacitor C1 in NEXT phase 2 at node 2
Capacitor does not exits in the next phase 
Looking for capacitor C1 in NEXT phase 2 at node 12
C0
C2
Capacitor does not exits in the next phase 
Looking for capacitor C1 in NEXT phase 2 at node 16
C2
Capacitor does not exits in the next phase 
Looking for capacitor C1 in NEXT phase 2 at node 32
C1
Capacitor C1 found in phase 2 connected to node 32 which is denoted by 32.000000_S2
PNEXT_NODE-32.000000_S2
 size= 1 , 32.000000_S2 , (1/(+C1))
Let's take a look at the next one
Capacitor is not connected to input or output branches, that means it must be grounded in the Next phase also
 Branch drawn from 48.000000_S1 to -32.000000_S2 with edge weight = z^-1C1


6.000000_S1 TAKEN FOR CONSIDERATION 
PHASE = 1
NEXT PHASE = 2
ID OF CURRENT NODE = 6
C0	

Capacitor considered = C0
Capacitor is not connected to input or output branches, that means it must be grounded

Looking for capacitor C0 in NEXT phase 2 at node -100
Capacitor does not exits in the next phase 
Looking for capacitor C0 in NEXT phase 2 at node 2
Capacitor does not exits in the next phase 
Looking for capacitor C0 in NEXT phase 2 at node 12
C0
Capacitor C0 found in phase 2 connected to node 12 which is denoted by 12.000000_S2
PNEXT_NODE-12.000000_S2
 size= 1 , 12.000000_S2 , (1/(+C0+C2))
Let's take a look at the next one
Capacitor is not connected to input or output branches, that means it must be grounded in the Next phase also
 Branch drawn from 6.000000_S1 to -12.000000_S2 with edge weight = z^-1C0


8.000000_S1 TAKEN FOR CONSIDERATION 
PHASE = 1
NEXT PHASE = 2
ID OF CURRENT NODE = 8
C2	

Capacitor considered = C2
FOUND THE CAPACITOR IN THE INPUT BRANCH

Looking for capacitor C2 in NEXT phase 2 at node -100
Capacitor does not exits in the next phase 
Looking for capacitor C2 in NEXT phase 2 at node 2
Capacitor does not exits in the next phase 
Looking for capacitor C2 in NEXT phase 2 at node 12
C0
C2
Capacitor C2 found in phase 2 connected to node 12 which is denoted by 12.000000_S2
PNEXT_NODE-12.000000_S2
FOUND THE CAPACITOR IN THE INPUT BRANCH IN NEXT PHASE
Branch drawn from 8.000000_S1 to -12.000000_S2 with edge weight = z^-1C2


8.000000_S3 TAKEN FOR CONSIDERATION 
PHASE = 3
NEXT PHASE = 4
ID OF CURRENT NODE = 8
C2	

Capacitor considered = C2
FOUND THE CAPACITOR IN THE INPUT BRANCH

Looking for capacitor C2 in NEXT phase 4 at node -100
Capacitor does not exits in the next phase 
Looking for capacitor C2 in NEXT phase 4 at node 2
Capacitor does not exits in the next phase 
Looking for capacitor C2 in NEXT phase 4 at node 8
C2
Capacitor C2 found in phase 4 connected to node 8 which is denoted by 8.000000_S4
PNEXT_NODE-8.000000_S4
FOUND THE CAPACITOR IN THE INPUT BRANCH IN NEXT PHASE
Branch drawn from 8.000000_S3 to -8.000000_S4 with edge weight = z^-1C2


8.000000_S4 TAKEN FOR CONSIDERATION 
PHASE = 4
NEXT PHASE = 1
ID OF CURRENT NODE = 8
C2	

Capacitor considered = C2
FOUND THE CAPACITOR IN THE INPUT BRANCH

Looking for capacitor C2 in NEXT phase 1 at node -100
Capacitor does not exits in the next phase 
Looking for capacitor C2 in NEXT phase 1 at node 6
C0
Capacitor does not exits in the next phase 
Looking for capacitor C2 in NEXT phase 1 at node 8
C2
Capacitor C2 found in phase 1 connected to node 8 which is denoted by 8.000000_S1
PNEXT_NODE-8.000000_S1
FOUND THE CAPACITOR IN THE INPUT BRANCH IN NEXT PHASE
Branch drawn from 8.000000_S4 to -8.000000_S1 with edge weight = z^-1C2
FINAL SIGNAL FLOW GRAPH
*****************************************************
NODE ID: -100	FLAG = 0

NO INPUTS

OUTPUTS
2.000000_S2	1
2.000000_S3	1
2.000000_S4	1
6.000000_S1	1
*****************************************************
NODE ID: -12.000000_S2	FLAG = 0

INPUTS
16.000000_S2	C2
48.000000_S1	-z^-1C2
6.000000_S1	z^-1C0
8.000000_S1	z^-1C2

OUTPUTS
12.000000_S2	(1/(+C0+C2))
*****************************************************
NODE ID: -32.000000_S2	FLAG = 0

INPUTS
48.000000_S1	z^-1C1

OUTPUTS
32.000000_S2	(1/(+C1))
*****************************************************
NODE ID: -32.000000_S3	FLAG = 0

INPUTS
32.000000_S2	z^-1C1

OUTPUTS
32.000000_S3	(1/(+C1))
*****************************************************
NODE ID: -36.000000_S4	FLAG = 0

INPUTS
20.000000_S3	z^-1C0
32.000000_S3	z^-1C1

OUTPUTS
36.000000_S4	(1/(+C0+C1))
*****************************************************
NODE ID: -8.000000_S1	FLAG = 0

INPUTS
48.000000_S1	C2
16.000000_S4	-z^-1C2
8.000000_S4	z^-1C2

OUTPUTS
8.000000_S1	(1/(+C2))
*****************************************************
NODE ID: -8.000000_S3	FLAG = 0

INPUTS
20.000000_S3	C2
12.000000_S2	z^-1C2
16.000000_S2	-z^-1C2

OUTPUTS
8.000000_S3	(1/(+C2))
*****************************************************
NODE ID: -8.000000_S4	FLAG = 0

INPUTS
16.000000_S4	C2
20.000000_S3	-z^-1C2
8.000000_S3	z^-1C2

OUTPUTS
8.000000_S4	(1/(+C2))
*****************************************************
NODE ID: 1	FLAG = 0

NO INPUTS

NO OUTPUTS
*****************************************************
NODE ID: 100	FLAG = 0

INPUTS
32.000000_S2	1
32.000000_S3	1
36.000000_S4	1
48.000000_S1	1

NO OUTPUTS
*****************************************************
NODE ID: 12.000000_S2	FLAG = 1

INPUTS
-12.000000_S2	(1/(+C0+C2))

OUTPUTS
16.000000_S2	OP-
-8.000000_S3	z^-1C2
*****************************************************
NODE ID: 16.000000_S2	FLAG = 0

INPUTS
12.000000_S2	OP-

OUTPUTS
-12.000000_S2	C2
-8.000000_S3	-z^-1C2
*****************************************************
NODE ID: 16.000000_S4	FLAG = 0

INPUTS
8.000000_S4	OP-

OUTPUTS
-8.000000_S4	C2
-8.000000_S1	-z^-1C2
*****************************************************
NODE ID: 2.000000_S2	FLAG = 0

INPUTS
-100	1

NO OUTPUTS
*****************************************************
NODE ID: 2.000000_S3	FLAG = 0

INPUTS
-100	1

NO OUTPUTS
*****************************************************
NODE ID: 2.000000_S4	FLAG = 0

INPUTS
-100	1

NO OUTPUTS
*****************************************************
NODE ID: 20.000000_S3	FLAG = 0

INPUTS
8.000000_S3	OP-

OUTPUTS
-8.000000_S3	C2
-36.000000_S4	z^-1C0
-8.000000_S4	-z^-1C2
*****************************************************
NODE ID: 32.000000_S2	FLAG = 1

INPUTS
-32.000000_S2	(1/(+C1))

OUTPUTS
100	1
-32.000000_S3	z^-1C1
*****************************************************
NODE ID: 32.000000_S3	FLAG = 1

INPUTS
-32.000000_S3	(1/(+C1))

OUTPUTS
100	1
-36.000000_S4	z^-1C1
*****************************************************
NODE ID: 36.000000_S4	FLAG = 1

INPUTS
-36.000000_S4	(1/(+C0+C1))

OUTPUTS
100	1
*****************************************************
NODE ID: 48.000000_S1	FLAG = 0

INPUTS
8.000000_S1	OP-

OUTPUTS
100	1
-8.000000_S1	C2
-12.000000_S2	-z^-1C2
-32.000000_S2	z^-1C1
*****************************************************
NODE ID: 6.000000_S1	FLAG = 0

INPUTS
-100	1

OUTPUTS
-12.000000_S2	z^-1C0
*****************************************************
NODE ID: 8.000000_S1	FLAG = 1

INPUTS
-8.000000_S1	(1/(+C2))

OUTPUTS
48.000000_S1	OP-
-12.000000_S2	z^-1C2
*****************************************************
NODE ID: 8.000000_S3	FLAG = 1

INPUTS
-8.000000_S3	(1/(+C2))

OUTPUTS
20.000000_S3	OP-
-8.000000_S4	z^-1C2
*****************************************************
NODE ID: 8.000000_S4	FLAG = 1

INPUTS
-8.000000_S4	(1/(+C2))

OUTPUTS
16.000000_S4	OP-
-8.000000_S1	z^-1C2
SFG adapter completed.
